#
# There is insufficient memory for the Java Runtime Environment to continue.
# Native memory allocation (malloc) failed to allocate 98320 bytes. Error detail: Chunk::new
# Possible reasons:
#   The system is out of physical RAM or swap space
#   This process is running with CompressedOops enabled, and the Java Heap may be blocking the growth of the native heap
# Possible solutions:
#   Reduce memory load on the system
#   Increase physical memory or swap space
#   Check if swap backing store is full
#   Decrease Java heap size (-Xmx/-Xms)
#   Decrease number of Java threads
#   Decrease Java thread stack sizes (-Xss)
#   Set larger code cache with -XX:ReservedCodeCacheSize=
#   JVM is running with Zero Based Compressed Oops mode in which the Java heap is
#     placed in the first 32GB address space. The Java Heap base address is the
#     maximum limit for the native heap growth. Please use -XX:HeapBaseMinAddress
#     to set the Java Heap base and to place the Java Heap above 32GB virtual address.
# This output file may be truncated or incomplete.
#
#  Out of Memory Error (arena.cpp:149), pid=28508, tid=16340
#
# JRE version: Java(TM) SE Runtime Environment (23.0.1+11) (build 23.0.1+11-39)
# Java VM: Java HotSpot(TM) 64-Bit Server VM (23.0.1+11-39, mixed mode, sharing, tiered, compressed oops, compressed class ptrs, g1 gc, windows-amd64)
# No core dump will be written. Minidumps are not enabled by default on client versions of Windows
#

---------------  S U M M A R Y ------------

Command Line: --add-opens=java.base/java.lang=ALL-UNNAMED --add-opens=java.base/java.lang.invoke=ALL-UNNAMED --add-opens=java.base/java.util=ALL-UNNAMED --add-opens=java.prefs/java.util.prefs=ALL-UNNAMED --add-exports=jdk.compiler/com.sun.tools.javac.api=ALL-UNNAMED --add-exports=jdk.compiler/com.sun.tools.javac.util=ALL-UNNAMED --add-opens=java.base/java.util=ALL-UNNAMED --add-opens=java.prefs/java.util.prefs=ALL-UNNAMED --add-opens=java.base/java.nio.charset=ALL-UNNAMED --add-opens=java.base/java.net=ALL-UNNAMED --add-opens=java.base/java.util.concurrent.atomic=ALL-UNNAMED --add-opens=java.xml/javax.xml.namespace=ALL-UNNAMED -XX:MaxMetaspaceSize=4G -XX:ReservedCodeCacheSize=512m -XX:+HeapDumpOnOutOfMemoryError -Xmx8G -Dfile.encoding=UTF-8 -Duser.country=US -Duser.language=en -Duser.variant -javaagent:D:\Gradle\wrapper\dists\gradle-8.14-all\c2qonpi39x1mddn7hk5gh9iqj\gradle-8.14\lib\agents\gradle-instrumentation-agent-8.14.jar org.gradle.launcher.daemon.bootstrap.GradleDaemon 8.14

Host: 12th Gen Intel(R) Core(TM) i7-12650H, 16 cores, 15G,  Windows 11 , 64 bit Build 26100 (10.0.26100.8328)
Time: Tue May 12 18:53:07 2026 Egypt Daylight Time elapsed time: 18.692777 seconds (0d 0h 0m 18s)

---------------  T H R E A D  ---------------

Current thread (0x00000201b30897b0):  JavaThread "C2 CompilerThread1" daemon [_thread_in_native, id=16340, stack(0x0000009165600000,0x0000009165700000) (1024K)]


Current CompileTask:
C2:18692 8918       4       org.objectweb.asm.MethodWriter::putMethodInfo (1274 bytes)

Stack: [0x0000009165600000,0x0000009165700000]
Native frames: (J=compiled Java code, j=interpreted, Vv=VM code, C=native code)
V  [jvm.dll+0x6e08b9]  (no source info available)
V  [jvm.dll+0x87dc83]  (no source info available)
V  [jvm.dll+0x88010e]  (no source info available)
V  [jvm.dll+0x8807e3]  (no source info available)
V  [jvm.dll+0x27aee6]  (no source info available)
V  [jvm.dll+0xbc06f]  (no source info available)
V  [jvm.dll+0xbc2cb]  (no source info available)
V  [jvm.dll+0x1d434f]  (no source info available)
V  [jvm.dll+0x6675d2]  (no source info available)
V  [jvm.dll+0x66ba17]  (no source info available)
V  [jvm.dll+0x2448d7]  (no source info available)
V  [jvm.dll+0x243dff]  (no source info available)
V  [jvm.dll+0x1c33a0]  (no source info available)
V  [jvm.dll+0x253cf1]  (no source info available)
V  [jvm.dll+0x251faa]  (no source info available)
V  [jvm.dll+0x3ee036]  (no source info available)
V  [jvm.dll+0x824f8b]  (no source info available)
V  [jvm.dll+0x6df065]  (no source info available)
C  [ucrtbase.dll+0x37b0]  (no source info available)
C  [KERNEL32.DLL+0x2e957]  (no source info available)
C  [ntdll.dll+0x427c]  (no source info available)

Lock stack of current Java thread (top to bottom):


---------------  P R O C E S S  ---------------

Threads class SMR info:
_java_thread_list=0x00000201af787aa0, length=100, elements={
0x00000201321425a0, 0x0000020168431550, 0x0000020168434cf0, 0x0000020168438bc0,
0x0000020168439620, 0x000002016843a080, 0x000002016843b800, 0x00000201684495d0,
0x0000020168452090, 0x000002016854d370, 0x000002016856ce50, 0x0000020168732d70,
0x00000201af5a72f0, 0x00000201b01843a0, 0x00000201aeffa0b0, 0x00000201aed64dd0,
0x00000201aed4f080, 0x00000201b046d560, 0x00000201b0474e20, 0x00000201b04726c0,
0x00000201b0472d50, 0x00000201b04733e0, 0x00000201b0474100, 0x00000201b0473a70,
0x00000201b0474790, 0x00000201b04754b0, 0x00000201b1e3f5b0, 0x00000201b1e3d4e0,
0x00000201b1e3fc40, 0x00000201b1e402d0, 0x00000201b1e40ff0, 0x00000201b1e40960,
0x00000201b1e3ef20, 0x00000201b1e3e200, 0x00000201b1e423a0, 0x00000201b1e44b00,
0x00000201b1e43750, 0x00000201b1e44470, 0x00000201b1e42a30, 0x00000201b1e430c0,
0x00000201b1e43de0, 0x00000201af729730, 0x00000201af729dc0, 0x00000201af728380,
0x00000201af727660, 0x00000201af72a450, 0x00000201af72b800, 0x00000201af72b170,
0x00000201af7290a0, 0x00000201b23061c0, 0x00000201b2307570, 0x00000201b2308290,
0x00000201b2308920, 0x00000201b2308fb0, 0x00000201b2309640, 0x00000201b2309cd0,
0x00000201b2306850, 0x00000201b230a360, 0x00000201b2306ee0, 0x00000201b230cac0,
0x00000201b230d150, 0x00000201b230d7e0, 0x00000201b230a9f0, 0x00000201b230b080,
0x00000201b230b710, 0x00000201b230bda0, 0x00000201b230c430, 0x00000201b3795d40,
0x00000201b37956b0, 0x00000201b37935e0, 0x00000201b37963d0, 0x00000201b3793c70,
0x00000201b3792f50, 0x00000201b3794990, 0x00000201b3797780, 0x00000201b3796a60,
0x00000201b3794300, 0x00000201b37984a0, 0x00000201b3797e10, 0x00000201b37970f0,
0x00000201b37991c0, 0x00000201b379a570, 0x00000201b3799850, 0x00000201b3798b30,
0x00000201b3799ee0, 0x00000201b3659280, 0x00000201b3657840, 0x00000201b3658bf0,
0x00000201b3659910, 0x00000201b3659fa0, 0x00000201b3657ed0, 0x00000201b365a630,
0x00000201b3658560, 0x00000201b36571b0, 0x00000201b365acc0, 0x00000201b30897b0,
0x00000201b3088340, 0x00000201b1e3db70, 0x00000201b3086ed0, 0x00000201b308c090
}

Java Threads: ( => current thread )
  0x00000201321425a0 JavaThread "main"                              [_thread_blocked, id=26920, stack(0x0000009164400000,0x0000009164500000) (1024K)]
  0x0000020168431550 JavaThread "Reference Handler"          daemon [_thread_blocked, id=25272, stack(0x0000009164c00000,0x0000009164d00000) (1024K)]
  0x0000020168434cf0 JavaThread "Finalizer"                  daemon [_thread_blocked, id=8784, stack(0x0000009164d00000,0x0000009164e00000) (1024K)]
  0x0000020168438bc0 JavaThread "Signal Dispatcher"          daemon [_thread_blocked, id=26800, stack(0x0000009164e00000,0x0000009164f00000) (1024K)]
  0x0000020168439620 JavaThread "Attach Listener"            daemon [_thread_blocked, id=27420, stack(0x0000009164f00000,0x0000009165000000) (1024K)]
  0x000002016843a080 JavaThread "Service Thread"             daemon [_thread_blocked, id=17432, stack(0x0000009165000000,0x0000009165100000) (1024K)]
  0x000002016843b800 JavaThread "Monitor Deflation Thread"   daemon [_thread_blocked, id=19320, stack(0x0000009165100000,0x0000009165200000) (1024K)]
  0x00000201684495d0 JavaThread "C2 CompilerThread0"         daemon [_thread_blocked, id=4500, stack(0x0000009165200000,0x0000009165300000) (1024K)]
  0x0000020168452090 JavaThread "C1 CompilerThread0"         daemon [_thread_blocked, id=10176, stack(0x0000009165300000,0x0000009165400000) (1024K)]
  0x000002016854d370 JavaThread "Common-Cleaner"             daemon [_thread_blocked, id=23496, stack(0x0000009165400000,0x0000009165500000) (1024K)]
  0x000002016856ce50 JavaThread "C1 CompilerThread1"         daemon [_thread_blocked, id=22252, stack(0x0000009165500000,0x0000009165600000) (1024K)]
  0x0000020168732d70 JavaThread "Notification Thread"        daemon [_thread_blocked, id=26280, stack(0x0000009165700000,0x0000009165800000) (1024K)]
  0x00000201af5a72f0 JavaThread "Daemon health stats"               [_thread_blocked, id=9828, stack(0x0000009166200000,0x0000009166300000) (1024K)]
  0x00000201b01843a0 JavaThread "Incoming local TCP Connector on port 51959"        [_thread_in_native, id=9236, stack(0x0000009166300000,0x0000009166400000) (1024K)]
  0x00000201aeffa0b0 JavaThread "Daemon periodic checks"            [_thread_blocked, id=19744, stack(0x0000009166400000,0x0000009166500000) (1024K)]
  0x00000201aed64dd0 JavaThread "Daemon"                            [_thread_blocked, id=27256, stack(0x0000009166500000,0x0000009166600000) (1024K)]
  0x00000201aed4f080 JavaThread "Handler for socket connection from /127.0.0.1:51959 to /127.0.0.1:51960"        [_thread_in_native, id=10752, stack(0x0000009166600000,0x0000009166700000) (1024K)]
  0x00000201b046d560 JavaThread "Cancel handler"                    [_thread_blocked, id=27920, stack(0x0000009165a00000,0x0000009165b00000) (1024K)]
  0x00000201b0474e20 JavaThread "Daemon worker"                     [_thread_in_vm, id=19788, stack(0x0000009165b00000,0x0000009165c00000) (1024K)]
  0x00000201b04726c0 JavaThread "Asynchronous log dispatcher for DefaultDaemonConnection: socket connection from /127.0.0.1:51959 to /127.0.0.1:51960"        [_thread_blocked, id=27220, stack(0x0000009166700000,0x0000009166800000) (1024K)]
  0x00000201b0472d50 JavaThread "Stdin handler"                     [_thread_blocked, id=6656, stack(0x0000009166800000,0x0000009166900000) (1024K)]
  0x00000201b04733e0 JavaThread "Daemon client event forwarder"        [_thread_blocked, id=7700, stack(0x0000009166900000,0x0000009166a00000) (1024K)]
  0x00000201b0474100 JavaThread "Cache worker for journal cache (D:\Gradle\caches\journal-1)"        [_thread_blocked, id=12640, stack(0x0000009165900000,0x0000009165a00000) (1024K)]
  0x00000201b0473a70 JavaThread "File lock request listener"        [_thread_in_native, id=27344, stack(0x0000009166a00000,0x0000009166b00000) (1024K)]
  0x00000201b0474790 JavaThread "Cache worker for file hash cache (D:\Gradle\caches\8.14\fileHashes)"        [_thread_blocked, id=8188, stack(0x0000009166b00000,0x0000009166c00000) (1024K)]
  0x00000201b04754b0 JavaThread "Cache worker for file hash cache (D:\Book_Store_App\Bookly_App\bookly_app\android\.gradle\8.14\fileHashes)"        [_thread_blocked, id=27448, stack(0x0000009167700000,0x0000009167800000) (1024K)]
  0x00000201b1e3f5b0 JavaThread "Cache worker for Build Output Cleanup Cache (D:\Book_Store_App\Bookly_App\bookly_app\android\.gradle\buildOutputCleanup)"        [_thread_blocked, id=27596, stack(0x0000009167800000,0x0000009167900000) (1024K)]
  0x00000201b1e3d4e0 JavaThread "File watcher server"        daemon [_thread_in_native, id=20936, stack(0x0000009167900000,0x0000009167a00000) (1024K)]
  0x00000201b1e3fc40 JavaThread "File watcher consumer"      daemon [_thread_blocked, id=27740, stack(0x0000009167a00000,0x0000009167b00000) (1024K)]
  0x00000201b1e402d0 JavaThread "jar transforms"                    [_thread_blocked, id=3672, stack(0x0000009167b00000,0x0000009167c00000) (1024K)]
  0x00000201b1e40ff0 JavaThread "jar transforms Thread 2"           [_thread_blocked, id=9524, stack(0x0000009167c00000,0x0000009167d00000) (1024K)]
  0x00000201b1e40960 JavaThread "jar transforms Thread 3"           [_thread_blocked, id=27136, stack(0x0000009167d00000,0x0000009167e00000) (1024K)]
  0x00000201b1e3ef20 JavaThread "jar transforms Thread 4"           [_thread_blocked, id=14880, stack(0x0000009167e00000,0x0000009167f00000) (1024K)]
  0x00000201b1e3e200 JavaThread "jar transforms Thread 5"           [_thread_blocked, id=16852, stack(0x0000009167600000,0x0000009167700000) (1024K)]
  0x00000201b1e423a0 JavaThread "Cache worker for checksums cache (D:\Book_Store_App\Bookly_App\bookly_app\android\.gradle\8.14\checksums)"        [_thread_blocked, id=2184, stack(0x0000009168000000,0x0000009168100000) (1024K)]
  0x00000201b1e44b00 JavaThread "Cache worker for file content cache (D:\Gradle\caches\8.14\fileContent)"        [_thread_blocked, id=5988, stack(0x0000009168100000,0x0000009168200000) (1024K)]
  0x00000201b1e43750 JavaThread "jar transforms Thread 6"           [_thread_blocked, id=8076, stack(0x0000009167300000,0x0000009167400000) (1024K)]
  0x00000201b1e44470 JavaThread "jar transforms Thread 7"           [_thread_blocked, id=13472, stack(0x0000009165800000,0x0000009165900000) (1024K)]
  0x00000201b1e42a30 JavaThread "jar transforms Thread 8"           [_thread_blocked, id=1092, stack(0x0000009167f00000,0x0000009168000000) (1024K)]
  0x00000201b1e430c0 JavaThread "jar transforms Thread 9"           [_thread_blocked, id=19716, stack(0x0000009168200000,0x0000009168300000) (1024K)]
  0x00000201b1e43de0 JavaThread "jar transforms Thread 10"          [_thread_blocked, id=16336, stack(0x0000009168300000,0x0000009168400000) (1024K)]
  0x00000201af729730 JavaThread "jar transforms Thread 11"          [_thread_blocked, id=6456, stack(0x0000009168500000,0x0000009168600000) (1024K)]
  0x00000201af729dc0 JavaThread "jar transforms Thread 12"          [_thread_blocked, id=25160, stack(0x0000009168600000,0x0000009168700000) (1024K)]
  0x00000201af728380 JavaThread "jar transforms Thread 13"          [_thread_blocked, id=8664, stack(0x0000009168700000,0x0000009168800000) (1024K)]
  0x00000201af727660 JavaThread "jar transforms Thread 14"          [_thread_blocked, id=12564, stack(0x0000009168800000,0x0000009168900000) (1024K)]
  0x00000201af72a450 JavaThread "jar transforms Thread 15"          [_thread_blocked, id=6952, stack(0x0000009168900000,0x0000009168a00000) (1024K)]
  0x00000201af72b800 JavaThread "Cache worker for cache directory md-supplier (D:\Gradle\caches\8.14\md-supplier)"        [_thread_blocked, id=9064, stack(0x0000009168400000,0x0000009168500000) (1024K)]
  0x00000201af72b170 JavaThread "Cache worker for cache directory md-rule (D:\Gradle\caches\8.14\md-rule)"        [_thread_blocked, id=10364, stack(0x0000009168a00000,0x0000009168b00000) (1024K)]
  0x00000201af7290a0 JavaThread "Cache worker for Build Output Cleanup Cache (C:\Users\danya\develop\flutter\packages\flutter_tools\gradle\.gradle\buildOutputCleanup)"        [_thread_blocked, id=23540, stack(0x0000009168b00000,0x0000009168c00000) (1024K)]
  0x00000201b23061c0 JavaThread "Unconstrained build operations"        [_thread_blocked, id=8084, stack(0x0000009168f00000,0x0000009169000000) (1024K)]
  0x00000201b2307570 JavaThread "Unconstrained build operations Thread 2"        [_thread_blocked, id=25200, stack(0x0000009169000000,0x0000009169100000) (1024K)]
  0x00000201b2308290 JavaThread "Unconstrained build operations Thread 3"        [_thread_blocked, id=24936, stack(0x0000009169100000,0x0000009169200000) (1024K)]
  0x00000201b2308920 JavaThread "Unconstrained build operations Thread 4"        [_thread_blocked, id=18400, stack(0x0000009169200000,0x0000009169300000) (1024K)]
  0x00000201b2308fb0 JavaThread "Unconstrained build operations Thread 5"        [_thread_blocked, id=28552, stack(0x0000009169300000,0x0000009169400000) (1024K)]
  0x00000201b2309640 JavaThread "Unconstrained build operations Thread 6"        [_thread_blocked, id=8384, stack(0x0000009169400000,0x0000009169500000) (1024K)]
  0x00000201b2309cd0 JavaThread "Unconstrained build operations Thread 7"        [_thread_blocked, id=27324, stack(0x0000009169500000,0x0000009169600000) (1024K)]
  0x00000201b2306850 JavaThread "Unconstrained build operations Thread 8"        [_thread_blocked, id=7048, stack(0x0000009169600000,0x0000009169700000) (1024K)]
  0x00000201b230a360 JavaThread "Unconstrained build operations Thread 9"        [_thread_blocked, id=2840, stack(0x0000009169700000,0x0000009169800000) (1024K)]
  0x00000201b2306ee0 JavaThread "Unconstrained build operations Thread 10"        [_thread_blocked, id=27000, stack(0x0000009169800000,0x0000009169900000) (1024K)]
  0x00000201b230cac0 JavaThread "Unconstrained build operations Thread 11"        [_thread_blocked, id=14640, stack(0x0000009169900000,0x0000009169a00000) (1024K)]
  0x00000201b230d150 JavaThread "Unconstrained build operations Thread 12"        [_thread_blocked, id=19844, stack(0x0000009169a00000,0x0000009169b00000) (1024K)]
  0x00000201b230d7e0 JavaThread "Unconstrained build operations Thread 13"        [_thread_blocked, id=9240, stack(0x0000009169b00000,0x0000009169c00000) (1024K)]
  0x00000201b230a9f0 JavaThread "Unconstrained build operations Thread 14"        [_thread_blocked, id=15780, stack(0x0000009169c00000,0x0000009169d00000) (1024K)]
  0x00000201b230b080 JavaThread "Unconstrained build operations Thread 15"        [_thread_blocked, id=24608, stack(0x0000009169d00000,0x0000009169e00000) (1024K)]
  0x00000201b230b710 JavaThread "Unconstrained build operations Thread 16"        [_thread_blocked, id=25896, stack(0x0000009169e00000,0x0000009169f00000) (1024K)]
  0x00000201b230bda0 JavaThread "Unconstrained build operations Thread 17"        [_thread_blocked, id=26528, stack(0x0000009169f00000,0x000000916a000000) (1024K)]
  0x00000201b230c430 JavaThread "Unconstrained build operations Thread 18"        [_thread_blocked, id=24116, stack(0x000000916a000000,0x000000916a100000) (1024K)]
  0x00000201b3795d40 JavaThread "Unconstrained build operations Thread 19"        [_thread_blocked, id=5928, stack(0x000000916a100000,0x000000916a200000) (1024K)]
  0x00000201b37956b0 JavaThread "Unconstrained build operations Thread 20"        [_thread_blocked, id=12040, stack(0x000000916a200000,0x000000916a300000) (1024K)]
  0x00000201b37935e0 JavaThread "Unconstrained build operations Thread 21"        [_thread_blocked, id=23924, stack(0x000000916a300000,0x000000916a400000) (1024K)]
  0x00000201b37963d0 JavaThread "Unconstrained build operations Thread 22"        [_thread_blocked, id=28496, stack(0x000000916a400000,0x000000916a500000) (1024K)]
  0x00000201b3793c70 JavaThread "Unconstrained build operations Thread 23"        [_thread_blocked, id=27736, stack(0x000000916a500000,0x000000916a600000) (1024K)]
  0x00000201b3792f50 JavaThread "Unconstrained build operations Thread 24"        [_thread_blocked, id=24172, stack(0x000000916a600000,0x000000916a700000) (1024K)]
  0x00000201b3794990 JavaThread "Unconstrained build operations Thread 25"        [_thread_blocked, id=27012, stack(0x000000916a700000,0x000000916a800000) (1024K)]
  0x00000201b3797780 JavaThread "Unconstrained build operations Thread 26"        [_thread_blocked, id=7712, stack(0x000000916a800000,0x000000916a900000) (1024K)]
  0x00000201b3796a60 JavaThread "Unconstrained build operations Thread 27"        [_thread_blocked, id=9660, stack(0x000000916a900000,0x000000916aa00000) (1024K)]
  0x00000201b3794300 JavaThread "Unconstrained build operations Thread 28"        [_thread_blocked, id=6368, stack(0x000000916aa00000,0x000000916ab00000) (1024K)]
  0x00000201b37984a0 JavaThread "Unconstrained build operations Thread 29"        [_thread_blocked, id=26220, stack(0x000000916ab00000,0x000000916ac00000) (1024K)]
  0x00000201b3797e10 JavaThread "Unconstrained build operations Thread 30"        [_thread_blocked, id=27244, stack(0x000000916ac00000,0x000000916ad00000) (1024K)]
  0x00000201b37970f0 JavaThread "Unconstrained build operations Thread 31"        [_thread_blocked, id=13132, stack(0x000000916ad00000,0x000000916ae00000) (1024K)]
  0x00000201b37991c0 JavaThread "Unconstrained build operations Thread 32"        [_thread_blocked, id=26904, stack(0x000000916ae00000,0x000000916af00000) (1024K)]
  0x00000201b379a570 JavaThread "Unconstrained build operations Thread 33"        [_thread_blocked, id=12860, stack(0x000000916af00000,0x000000916b000000) (1024K)]
  0x00000201b3799850 JavaThread "Unconstrained build operations Thread 34"        [_thread_blocked, id=25560, stack(0x000000916b000000,0x000000916b100000) (1024K)]
  0x00000201b3798b30 JavaThread "Unconstrained build operations Thread 35"        [_thread_blocked, id=13024, stack(0x000000916b100000,0x000000916b200000) (1024K)]
  0x00000201b3799ee0 JavaThread "Unconstrained build operations Thread 36"        [_thread_blocked, id=27952, stack(0x000000916b200000,0x000000916b300000) (1024K)]
  0x00000201b3659280 JavaThread "Unconstrained build operations Thread 37"        [_thread_blocked, id=2932, stack(0x000000916b300000,0x000000916b400000) (1024K)]
  0x00000201b3657840 JavaThread "Unconstrained build operations Thread 38"        [_thread_blocked, id=27340, stack(0x000000916b400000,0x000000916b500000) (1024K)]
  0x00000201b3658bf0 JavaThread "Unconstrained build operations Thread 39"        [_thread_blocked, id=26936, stack(0x000000916b500000,0x000000916b600000) (1024K)]
  0x00000201b3659910 JavaThread "Unconstrained build operations Thread 40"        [_thread_blocked, id=16220, stack(0x000000916b600000,0x000000916b700000) (1024K)]
  0x00000201b3659fa0 JavaThread "Unconstrained build operations Thread 41"        [_thread_blocked, id=28336, stack(0x000000916b700000,0x000000916b800000) (1024K)]
  0x00000201b3657ed0 JavaThread "Unconstrained build operations Thread 42"        [_thread_blocked, id=7628, stack(0x000000916b800000,0x000000916b900000) (1024K)]
  0x00000201b365a630 JavaThread "Unconstrained build operations Thread 43"        [_thread_blocked, id=3880, stack(0x000000916b900000,0x000000916ba00000) (1024K)]
  0x00000201b3658560 JavaThread "Unconstrained build operations Thread 44"        [_thread_blocked, id=16540, stack(0x000000916ba00000,0x000000916bb00000) (1024K)]
  0x00000201b36571b0 JavaThread "Unconstrained build operations Thread 45"        [_thread_blocked, id=26004, stack(0x000000916bb00000,0x000000916bc00000) (1024K)]
  0x00000201b365acc0 JavaThread "Memory manager"                    [_thread_blocked, id=12140, stack(0x000000916bc00000,0x000000916bd00000) (1024K)]
=>0x00000201b30897b0 JavaThread "C2 CompilerThread1"         daemon [_thread_in_native, id=16340, stack(0x0000009165600000,0x0000009165700000) (1024K)]
  0x00000201b3088340 JavaThread "C2 CompilerThread2"         daemon [_thread_blocked, id=2324, stack(0x0000009166100000,0x0000009166200000) (1024K)]
  0x00000201b1e3db70 JavaThread "build event listener"              [_thread_blocked, id=2784, stack(0x0000009168c00000,0x0000009168d00000) (1024K)]
  0x00000201b3086ed0 JavaThread "C1 CompilerThread2"         daemon [_thread_blocked, id=20308, stack(0x0000009168d00000,0x0000009168e00000) (1024K)]
  0x00000201b308c090 JavaThread "C1 CompilerThread3"         daemon [_thread_blocked, id=7512, stack(0x0000009168e00000,0x0000009168f00000) (1024K)]
Total: 100

Other Threads:
  0x0000020168417870 VMThread "VM Thread"                           [id=17032, stack(0x0000009164b00000,0x0000009164c00000) (1024K)]
  0x0000020165635440 WatcherThread "VM Periodic Task Thread"        [id=21164, stack(0x0000009164a00000,0x0000009164b00000) (1024K)]
  0x00000201321ebcb0 WorkerThread "GC Thread#0"                     [id=11556, stack(0x0000009164500000,0x0000009164600000) (1024K)]
  0x00000201ae5f71a0 WorkerThread "GC Thread#1"                     [id=25892, stack(0x0000009165c00000,0x0000009165d00000) (1024K)]
  0x00000201ae5af8b0 WorkerThread "GC Thread#2"                     [id=28036, stack(0x0000009165d00000,0x0000009165e00000) (1024K)]
  0x00000201ae6523b0 WorkerThread "GC Thread#3"                     [id=24780, stack(0x0000009165e00000,0x0000009165f00000) (1024K)]
  0x00000201ae7c9bc0 WorkerThread "GC Thread#4"                     [id=21052, stack(0x0000009165f00000,0x0000009166000000) (1024K)]
  0x00000201ae6f5690 WorkerThread "GC Thread#5"                     [id=24708, stack(0x0000009166000000,0x0000009166100000) (1024K)]
  0x00000201af772ab0 WorkerThread "GC Thread#6"                     [id=25700, stack(0x0000009166c00000,0x0000009166d00000) (1024K)]
  0x00000201af770980 WorkerThread "GC Thread#7"                     [id=25988, stack(0x0000009166d00000,0x0000009166e00000) (1024K)]
  0x00000201af771fa0 WorkerThread "GC Thread#8"                     [id=14920, stack(0x0000009166e00000,0x0000009166f00000) (1024K)]
  0x00000201af76fe70 WorkerThread "GC Thread#9"                     [id=23416, stack(0x0000009166f00000,0x0000009167000000) (1024K)]
  0x00000201af770d30 WorkerThread "GC Thread#10"                    [id=4124, stack(0x0000009167000000,0x0000009167100000) (1024K)]
  0x00000201af76f710 WorkerThread "GC Thread#11"                    [id=25360, stack(0x0000009167100000,0x0000009167200000) (1024K)]
  0x00000201af76fac0 WorkerThread "GC Thread#12"                    [id=12248, stack(0x0000009167200000,0x0000009167300000) (1024K)]
  0x00000201321fdc10 ConcurrentGCThread "G1 Main Marker"            [id=9180, stack(0x0000009164600000,0x0000009164700000) (1024K)]
  0x00000201321fe940 WorkerThread "G1 Conc#0"                       [id=14344, stack(0x0000009164700000,0x0000009164800000) (1024K)]
  0x00000201b1836c70 WorkerThread "G1 Conc#1"                       [id=13428, stack(0x0000009167400000,0x0000009167500000) (1024K)]
  0x00000201b1837b30 WorkerThread "G1 Conc#2"                       [id=17316, stack(0x0000009167500000,0x0000009167600000) (1024K)]
  0x0000020165508470 ConcurrentGCThread "G1 Refine#0"               [id=12132, stack(0x0000009164800000,0x0000009164900000) (1024K)]
  0x0000020165509db0 ConcurrentGCThread "G1 Service"                [id=20584, stack(0x0000009164900000,0x0000009164a00000) (1024K)]
Total: 21

Threads with active compile tasks:
C2 CompilerThread1  18712 8918       4       org.objectweb.asm.MethodWriter::putMethodInfo (1274 bytes)
Total: 1

VM state: not at safepoint (normal execution)

VM Mutex/Monitor currently owned by a thread:  ([mutex/lock_event])
[0x00007ffcc1671890] Metaspace_lock - owner thread: 0x00000201b0474e20

Heap address: 0x0000000600000000, size: 8192 MB, Compressed Oops mode: Zero based, Oop shift amount: 3

CDS archive(s) mapped at: [0x0000020169000000-0x0000020169d70000-0x0000020169d70000), size 14090240, SharedBaseAddress: 0x0000020169000000, ArchiveRelocationMode: 1.
Compressed class space mapped at: 0x000002016a000000-0x00000201aa000000, reserved size: 1073741824
Narrow klass base: 0x0000020169000000, Narrow klass shift: 0, Narrow klass range: 0x41000000

GC Precious Log:
 CardTable entry size: 512
 Card Set container configuration: InlinePtr #cards 4 size 8 Array Of Cards #cards 32 size 80 Howl #buckets 8 coarsen threshold 7372 Howl Bitmap #cards 1024 size 144 coarsen threshold 921 Card regions per heap region 1 cards per card region 8192
 CPUs: 16 total, 16 available
 Memory: 16051M
 Large Page Support: Disabled
 NUMA Support: Disabled
 Compressed Oops: Enabled (Zero based)
 Heap Region Size: 4M
 Heap Min Capacity: 8M
 Heap Initial Capacity: 252M
 Heap Max Capacity: 8G
 Pre-touch: Disabled
 Parallel Workers: 13
 Concurrent Workers: 3
 Concurrent Refinement Workers: 13
 Periodic GC: Disabled

Heap:
 garbage-first heap   total reserved 8388608K, committed 118784K, used 83145K [0x0000000600000000, 0x0000000800000000)
  region size 4096K, 7 young (28672K), 1 survivors (4096K)
 Metaspace       used 67494K, committed 69568K, reserved 1114112K
  class space    used 9875K, committed 10880K, reserved 1048576K

Heap Regions: E=young(eden), S=young(survivor), O=old, HS=humongous(starts), HC=humongous(continues), CS=collection set, F=free, TAMS=top-at-mark-start, PB=parsable bottom
|   0|0x0000000600000000, 0x0000000600400000, 0x0000000600400000|100%|HS|  |TAMS 0x0000000600000000| PB 0x0000000600000000| Complete |  0
|   1|0x0000000600400000, 0x0000000600800000, 0x0000000600800000|100%| O|  |TAMS 0x0000000600400000| PB 0x0000000600400000| Untracked |  0
|   2|0x0000000600800000, 0x0000000600c00000, 0x0000000600c00000|100%| O|  |TAMS 0x0000000600800000| PB 0x0000000600800000| Untracked |  0
|   3|0x0000000600c00000, 0x0000000600fba4e0, 0x0000000601000000| 93%| O|  |TAMS 0x0000000600c00000| PB 0x0000000600c00000| Untracked |  0
|   4|0x0000000601000000, 0x0000000601400000, 0x0000000601400000|100%| O|  |TAMS 0x0000000601000000| PB 0x0000000601000000| Untracked |  0
|   5|0x0000000601400000, 0x0000000601800000, 0x0000000601800000|100%| O|  |TAMS 0x0000000601400000| PB 0x0000000601400000| Untracked |  0
|   6|0x0000000601800000, 0x0000000601c00000, 0x0000000601c00000|100%| O|  |TAMS 0x0000000601800000| PB 0x0000000601800000| Untracked |  0
|   7|0x0000000601c00000, 0x0000000602000000, 0x0000000602000000|100%| O|  |TAMS 0x0000000601c00000| PB 0x0000000601c00000| Untracked |  0
|   8|0x0000000602000000, 0x0000000602400000, 0x0000000602400000|100%| O|  |TAMS 0x0000000602000000| PB 0x0000000602000000| Untracked |  0
|   9|0x0000000602400000, 0x0000000602800000, 0x0000000602800000|100%| O|  |TAMS 0x0000000602400000| PB 0x0000000602400000| Untracked |  0
|  10|0x0000000602800000, 0x0000000602c00000, 0x0000000602c00000|100%| O|  |TAMS 0x0000000602800000| PB 0x0000000602800000| Untracked |  0
|  11|0x0000000602c00000, 0x0000000603000000, 0x0000000603000000|100%| O|  |TAMS 0x0000000602c00000| PB 0x0000000602c00000| Untracked |  0
|  12|0x0000000603000000, 0x0000000603400000, 0x0000000603400000|100%|HS|  |TAMS 0x0000000603000000| PB 0x0000000603000000| Complete |  0
|  13|0x0000000603400000, 0x0000000603800000, 0x0000000603800000|100%| O|  |TAMS 0x0000000603400000| PB 0x0000000603400000| Untracked |  0
|  14|0x0000000603800000, 0x0000000603b7f950, 0x0000000603c00000| 87%| O|  |TAMS 0x0000000603800000| PB 0x0000000603800000| Untracked |  0
|  15|0x0000000603c00000, 0x0000000603c00000, 0x0000000604000000|  0%| F|  |TAMS 0x0000000603c00000| PB 0x0000000603c00000| Untracked |  0
|  16|0x0000000604000000, 0x0000000604000000, 0x0000000604400000|  0%| F|  |TAMS 0x0000000604000000| PB 0x0000000604000000| Untracked |  0
|  17|0x0000000604400000, 0x0000000604400000, 0x0000000604800000|  0%| F|  |TAMS 0x0000000604400000| PB 0x0000000604400000| Untracked |  0
|  18|0x0000000604800000, 0x00000006049f8750, 0x0000000604c00000| 49%| S|CS|TAMS 0x0000000604800000| PB 0x0000000604800000| Complete |  0
|  19|0x0000000604c00000, 0x0000000604c00000, 0x0000000605000000|  0%| F|  |TAMS 0x0000000604c00000| PB 0x0000000604c00000| Untracked |  0
|  20|0x0000000605000000, 0x0000000605000000, 0x0000000605400000|  0%| F|  |TAMS 0x0000000605000000| PB 0x0000000605000000| Untracked |  0
|  21|0x0000000605400000, 0x0000000605400000, 0x0000000605800000|  0%| F|  |TAMS 0x0000000605400000| PB 0x0000000605400000| Untracked |  0
|  22|0x0000000605800000, 0x0000000605800000, 0x0000000605c00000|  0%| F|  |TAMS 0x0000000605800000| PB 0x0000000605800000| Untracked |  0
|  23|0x0000000605c00000, 0x0000000605f23030, 0x0000000606000000| 78%| E|  |TAMS 0x0000000605c00000| PB 0x0000000605c00000| Complete |  0
|  24|0x0000000606000000, 0x0000000606400000, 0x0000000606400000|100%| E|CS|TAMS 0x0000000606000000| PB 0x0000000606000000| Complete |  0
|  25|0x0000000606400000, 0x0000000606800000, 0x0000000606800000|100%| E|CS|TAMS 0x0000000606400000| PB 0x0000000606400000| Complete |  0
|  50|0x000000060c800000, 0x000000060cc00000, 0x000000060cc00000|100%| E|CS|TAMS 0x000000060c800000| PB 0x000000060c800000| Complete |  0
|  51|0x000000060cc00000, 0x000000060d000000, 0x000000060d000000|100%| E|CS|TAMS 0x000000060cc00000| PB 0x000000060cc00000| Complete |  0
|  62|0x000000060f800000, 0x000000060fc00000, 0x000000060fc00000|100%| E|CS|TAMS 0x000000060f800000| PB 0x000000060f800000| Complete |  0

Card table byte_map: [0x000002015c440000,0x000002015d440000] _byte_map_base: 0x0000020159440000

Marking Bits: (CMBitMap*) 0x00000201321ec2d0
 Bits: [0x000002015d440000, 0x0000020165440000)

Polling page: 0x000002012ff00000

Metaspace:

Usage:
  Non-class:     56.27 MB used.
      Class:      9.64 MB used.
       Both:     65.91 MB used.

Virtual space:
  Non-class space:       64.00 MB reserved,      57.31 MB ( 90%) committed,  1 nodes.
      Class space:        1.00 GB reserved,      10.62 MB (  1%) committed,  1 nodes.
             Both:        1.06 GB reserved,      67.94 MB (  6%) committed. 

Chunk freelists:
   Non-Class:  6.55 MB
       Class:  5.32 MB
        Both:  11.86 MB

MaxMetaspaceSize: 4.00 GB
CompressedClassSpaceSize: 1.00 GB
Initial GC threshold: 21.00 MB
Current GC threshold: 91.25 MB
CDS: on
 - commit_granule_bytes: 65536.
 - commit_granule_words: 8192.
 - virtual_space_node_default_size: 8388608.
 - enlarge_chunks_in_place: 1.
 - use_allocation_guard: 0.


Internal statistics:

num_allocs_failed_limit: 6.
num_arena_births: 3620.
num_arena_deaths: 0.
num_vsnodes_births: 2.
num_vsnodes_deaths: 0.
num_space_committed: 1087.
num_space_uncommitted: 0.
num_chunks_returned_to_freelist: 6.
num_chunks_taken_from_freelist: 6570.
num_chunk_merges: 3.
num_chunk_splits: 4300.
num_chunks_enlarged: 2699.
num_inconsistent_stats: 0.

CodeHeap 'non-profiled nmethods': size=258496Kb used=3783Kb max_used=3783Kb free=254712Kb
 bounds [0x000002014ac00000, 0x000002014afc0000, 0x000002015a870000]
CodeHeap 'profiled nmethods': size=258368Kb used=12237Kb max_used=12237Kb free=246131Kb
 bounds [0x000002013a870000, 0x000002013b470000, 0x000002014a4c0000]
CodeHeap 'non-nmethods': size=7424Kb used=4505Kb max_used=4532Kb free=2919Kb
 bounds [0x000002014a4c0000, 0x000002014a940000, 0x000002014ac00000]
CodeCache: size=524288Kb, used=20525Kb, max_used=20552Kb, free=503762Kb
 total_blobs=9101, nmethods=8142, adapters=860, full_count=0
Compilation: enabled, stopped_count=0, restarted_count=0

Compilation events (20 events):
Event: 18.646 Thread 0x000002016856ce50 8910       3       org.gradle.api.internal.plugins.DefaultPluginRegistry$RegistryAwarePluginImplementation::isAlsoKnownAs (52 bytes)
Event: 18.646 Thread 0x00000201b308c090 8911       3       org.gradle.api.internal.plugins.DefaultPluginRegistry::access$200 (7 bytes)
Event: 18.646 Thread 0x00000201b308c090 nmethod 8911 0x000002013b45f188 code [0x000002013b45f2a0, 0x000002013b45f3c0]
Event: 18.646 Thread 0x00000201b3086ed0 8912       3       java.lang.ClassLoader::getResource (41 bytes)
Event: 18.646 Thread 0x00000201b3086ed0 nmethod 8912 0x000002013b45f488 code [0x000002013b45f600, 0x000002013b45fbf8]
Event: 18.647 Thread 0x0000020168452090 nmethod 8908 0x000002013b45fc88 code [0x000002013b45ffa0, 0x000002013b461b98]
Event: 18.647 Thread 0x000002016856ce50 nmethod 8910 0x000002013b461d08 code [0x000002013b461ea0, 0x000002013b4626e8]
Event: 18.666 Thread 0x000002016856ce50 8913       3       sun.reflect.annotation.AnnotationParser::skipMemberValue (11 bytes)
Event: 18.666 Thread 0x0000020168452090 8914       3       sun.reflect.annotation.AnnotationParser::skipMemberValue (65 bytes)
Event: 18.667 Thread 0x000002016856ce50 nmethod 8913 0x000002013b462788 code [0x000002013b4628c0, 0x000002013b462ab8]
Event: 18.667 Thread 0x0000020168452090 nmethod 8914 0x000002013b462b08 code [0x000002013b462cc0, 0x000002013b4633c8]
Event: 18.668 Thread 0x00000201b3088340 8915       4       org.gradle.internal.instantiation.generator.AbstractClassGenerator::assertNotAbstract (63 bytes)
Event: 18.669 Thread 0x00000201684495d0 8916       4       org.objectweb.asm.MethodWriter::visitFieldInsn (258 bytes)
Event: 18.669 Thread 0x00000201b3088340 nmethod 8915 0x000002014afb0d88 code [0x000002014afb0ea0, 0x000002014afb0f98]
Event: 18.669 Thread 0x00000201b30897b0 8917       4       org.objectweb.asm.SymbolTable::addConstantFieldref (10 bytes)
Event: 18.669 Thread 0x00000201b30897b0 nmethod 8917 0x000002014afb1088 code [0x000002014afb11a0, 0x000002014afb1250]
Event: 18.671 Thread 0x00000201b30897b0 8918       4       org.objectweb.asm.MethodWriter::putMethodInfo (1274 bytes)
Event: 18.671 Thread 0x00000201b3088340 8919       4       org.objectweb.asm.Handler::putExceptionTable (63 bytes)
Event: 18.673 Thread 0x00000201684495d0 nmethod 8916 0x000002014afb1388 code [0x000002014afb14e0, 0x000002014afb1860]
Event: 18.675 Thread 0x00000201b3088340 nmethod 8919 0x000002014afb1908 code [0x000002014afb1a80, 0x000002014afb1e18]

GC Heap History (20 events):
Event: 5.538 GC heap before
{Heap before GC invocations=9 (full 0):
 garbage-first heap   total reserved 8388608K, committed 98304K, used 65734K [0x0000000600000000, 0x0000000800000000)
  region size 4096K, 11 young (45056K), 2 survivors (8192K)
 Metaspace       used 36910K, committed 37952K, reserved 1114112K
  class space    used 5277K, committed 5760K, reserved 1048576K
}
Event: 5.554 GC heap after
{Heap after GC invocations=10 (full 0):
 garbage-first heap   total reserved 8388608K, committed 98304K, used 35366K [0x0000000600000000, 0x0000000800000000)
  region size 4096K, 2 young (8192K), 2 survivors (8192K)
 Metaspace       used 36910K, committed 37952K, reserved 1114112K
  class space    used 5277K, committed 5760K, reserved 1048576K
}
Event: 8.241 GC heap before
{Heap before GC invocations=10 (full 0):
 garbage-first heap   total reserved 8388608K, committed 98304K, used 72230K [0x0000000600000000, 0x0000000800000000)
  region size 4096K, 12 young (49152K), 2 survivors (8192K)
 Metaspace       used 40709K, committed 41984K, reserved 1114112K
  class space    used 5706K, committed 6272K, reserved 1048576K
}
Event: 8.249 GC heap after
{Heap after GC invocations=11 (full 0):
 garbage-first heap   total reserved 8388608K, committed 98304K, used 38980K [0x0000000600000000, 0x0000000800000000)
  region size 4096K, 2 young (8192K), 2 survivors (8192K)
 Metaspace       used 40709K, committed 41984K, reserved 1114112K
  class space    used 5706K, committed 6272K, reserved 1048576K
}
Event: 10.344 GC heap before
{Heap before GC invocations=11 (full 0):
 garbage-first heap   total reserved 8388608K, committed 98304K, used 79940K [0x0000000600000000, 0x0000000800000000)
  region size 4096K, 12 young (49152K), 2 survivors (8192K)
 Metaspace       used 43454K, committed 44992K, reserved 1114112K
  class space    used 6182K, committed 6912K, reserved 1048576K
}
Event: 10.375 GC heap after
{Heap after GC invocations=12 (full 0):
 garbage-first heap   total reserved 8388608K, committed 98304K, used 41214K [0x0000000600000000, 0x0000000800000000)
  region size 4096K, 2 young (8192K), 2 survivors (8192K)
 Metaspace       used 43454K, committed 44992K, reserved 1114112K
  class space    used 6182K, committed 6912K, reserved 1048576K
}
Event: 11.666 GC heap before
{Heap before GC invocations=12 (full 0):
 garbage-first heap   total reserved 8388608K, committed 98304K, used 78078K [0x0000000600000000, 0x0000000800000000)
  region size 4096K, 11 young (45056K), 2 survivors (8192K)
 Metaspace       used 46594K, committed 48320K, reserved 1114112K
  class space    used 6723K, committed 7552K, reserved 1048576K
}
Event: 11.670 GC heap after
{Heap after GC invocations=13 (full 0):
 garbage-first heap   total reserved 8388608K, committed 98304K, used 42931K [0x0000000600000000, 0x0000000800000000)
  region size 4096K, 1 young (4096K), 1 survivors (4096K)
 Metaspace       used 46594K, committed 48320K, reserved 1114112K
  class space    used 6723K, committed 7552K, reserved 1048576K
}
Event: 12.119 GC heap before
{Heap before GC invocations=13 (full 0):
 garbage-first heap   total reserved 8388608K, committed 98304K, used 83891K [0x0000000600000000, 0x0000000800000000)
  region size 4096K, 11 young (45056K), 1 survivors (4096K)
 Metaspace       used 49039K, committed 50880K, reserved 1114112K
  class space    used 7132K, committed 8000K, reserved 1048576K
}
Event: 12.123 GC heap after
{Heap after GC invocations=14 (full 0):
 garbage-first heap   total reserved 8388608K, committed 98304K, used 45200K [0x0000000600000000, 0x0000000800000000)
  region size 4096K, 2 young (8192K), 2 survivors (8192K)
 Metaspace       used 49039K, committed 50880K, reserved 1114112K
  class space    used 7132K, committed 8000K, reserved 1048576K
}
Event: 12.591 GC heap before
{Heap before GC invocations=14 (full 0):
 garbage-first heap   total reserved 8388608K, committed 98304K, used 77968K [0x0000000600000000, 0x0000000800000000)
  region size 4096K, 10 young (40960K), 2 survivors (8192K)
 Metaspace       used 52003K, committed 53888K, reserved 1114112K
  class space    used 7614K, committed 8512K, reserved 1048576K
}
Event: 12.596 GC heap after
{Heap after GC invocations=15 (full 0):
 garbage-first heap   total reserved 8388608K, committed 98304K, used 46640K [0x0000000600000000, 0x0000000800000000)
  region size 4096K, 2 young (8192K), 2 survivors (8192K)
 Metaspace       used 52003K, committed 53888K, reserved 1114112K
  class space    used 7614K, committed 8512K, reserved 1048576K
}
Event: 13.018 GC heap before
{Heap before GC invocations=15 (full 0):
 garbage-first heap   total reserved 8388608K, committed 98304K, used 75312K [0x0000000600000000, 0x0000000800000000)
  region size 4096K, 9 young (36864K), 2 survivors (8192K)
 Metaspace       used 54066K, committed 55936K, reserved 1114112K
  class space    used 7959K, committed 8832K, reserved 1048576K
}
Event: 13.023 GC heap after
{Heap after GC invocations=16 (full 0):
 garbage-first heap   total reserved 8388608K, committed 118784K, used 50453K [0x0000000600000000, 0x0000000800000000)
  region size 4096K, 2 young (8192K), 2 survivors (8192K)
 Metaspace       used 54066K, committed 55936K, reserved 1114112K
  class space    used 7959K, committed 8832K, reserved 1048576K
}
Event: 13.697 GC heap before
{Heap before GC invocations=17 (full 0):
 garbage-first heap   total reserved 8388608K, committed 118784K, used 99605K [0x0000000600000000, 0x0000000800000000)
  region size 4096K, 14 young (57344K), 2 survivors (8192K)
 Metaspace       used 57812K, committed 59776K, reserved 1114112K
  class space    used 8556K, committed 9472K, reserved 1048576K
}
Event: 13.702 GC heap after
{Heap after GC invocations=18 (full 0):
 garbage-first heap   total reserved 8388608K, committed 118784K, used 52886K [0x0000000600000000, 0x0000000800000000)
  region size 4096K, 2 young (8192K), 2 survivors (8192K)
 Metaspace       used 57812K, committed 59776K, reserved 1114112K
  class space    used 8556K, committed 9472K, reserved 1048576K
}
Event: 17.850 GC heap before
{Heap before GC invocations=18 (full 0):
 garbage-first heap   total reserved 8388608K, committed 118784K, used 97942K [0x0000000600000000, 0x0000000800000000)
  region size 4096K, 13 young (53248K), 2 survivors (8192K)
 Metaspace       used 61910K, committed 64000K, reserved 1114112K
  class space    used 9138K, committed 10112K, reserved 1048576K
}
Event: 17.856 GC heap after
{Heap after GC invocations=19 (full 0):
 garbage-first heap   total reserved 8388608K, committed 118784K, used 60081K [0x0000000600000000, 0x0000000800000000)
  region size 4096K, 2 young (8192K), 2 survivors (8192K)
 Metaspace       used 61910K, committed 64000K, reserved 1114112K
  class space    used 9138K, committed 10112K, reserved 1048576K
}
Event: 18.448 GC heap before
{Heap before GC invocations=19 (full 0):
 garbage-first heap   total reserved 8388608K, committed 118784K, used 101041K [0x0000000600000000, 0x0000000800000000)
  region size 4096K, 12 young (49152K), 2 survivors (8192K)
 Metaspace       used 65895K, committed 68032K, reserved 1114112K
  class space    used 9664K, committed 10688K, reserved 1048576K
}
Event: 18.452 GC heap after
{Heap after GC invocations=20 (full 0):
 garbage-first heap   total reserved 8388608K, committed 118784K, used 62665K [0x0000000600000000, 0x0000000800000000)
  region size 4096K, 1 young (4096K), 1 survivors (4096K)
 Metaspace       used 65895K, committed 68032K, reserved 1114112K
  class space    used 9664K, committed 10688K, reserved 1048576K
}

Dll operation events (15 events):
Event: 0.011 Loaded shared library C:\Program Files\Java\jdk-23\bin\java.dll
Event: 0.041 Loaded shared library C:\Program Files\Java\jdk-23\bin\jsvml.dll
Event: 0.087 Loaded shared library C:\Program Files\Java\jdk-23\bin\zip.dll
Event: 0.090 Loaded shared library C:\Program Files\Java\jdk-23\bin\instrument.dll
Event: 0.095 Loaded shared library C:\Program Files\Java\jdk-23\bin\net.dll
Event: 0.097 Loaded shared library C:\Program Files\Java\jdk-23\bin\nio.dll
Event: 0.100 Loaded shared library C:\Program Files\Java\jdk-23\bin\zip.dll
Event: 0.260 Loaded shared library C:\Program Files\Java\jdk-23\bin\jimage.dll
Event: 0.378 Loaded shared library C:\Program Files\Java\jdk-23\bin\verify.dll
Event: 0.523 Loaded shared library D:\Gradle\native\1def1411415f61bf3af743bc5b6707747c0891f09f0c88961ee8f79bc544acac\windows-amd64\native-platform.dll
Event: 0.534 Loaded shared library D:\Gradle\native\0.2.7\x86_64-windows-gnu\gradle-fileevents.dll
Event: 1.319 Loaded shared library C:\Program Files\Java\jdk-23\bin\management.dll
Event: 1.323 Loaded shared library C:\Program Files\Java\jdk-23\bin\management_ext.dll
Event: 1.485 Loaded shared library C:\Program Files\Java\jdk-23\bin\extnet.dll
Event: 1.734 Loaded shared library C:\Program Files\Java\jdk-23\bin\sunmscapi.dll

Deoptimization events (20 events):
Event: 18.485 Thread 0x00000201b0474e20 Uncommon trap: trap_request=0xffffffde fr.pc=0x000002014afab11c relative=0x000000000000049c
Event: 18.485 Thread 0x00000201b0474e20 Uncommon trap: reason=class_check action=maybe_recompile pc=0x000002014afab11c method=kotlin.reflect.jvm.internal.impl.protobuf.CodedInputStream.tryRefillBuffer(I)Z @ 175 c2
Event: 18.485 Thread 0x00000201b0474e20 DEOPT PACKING pc=0x000002014afab11c sp=0x0000009165bf0be0
Event: 18.485 Thread 0x00000201b0474e20 DEOPT UNPACKING pc=0x000002014a514402 sp=0x0000009165bf0ac8 mode 2
Event: 18.485 Thread 0x00000201b0474e20 Uncommon trap: trap_request=0xffffffde fr.pc=0x000002014afab11c relative=0x000000000000049c
Event: 18.485 Thread 0x00000201b0474e20 Uncommon trap: reason=class_check action=maybe_recompile pc=0x000002014afab11c method=kotlin.reflect.jvm.internal.impl.protobuf.CodedInputStream.tryRefillBuffer(I)Z @ 175 c2
Event: 18.485 Thread 0x00000201b0474e20 DEOPT PACKING pc=0x000002014afab11c sp=0x0000009165bf0be0
Event: 18.485 Thread 0x00000201b0474e20 DEOPT UNPACKING pc=0x000002014a514402 sp=0x0000009165bf0ac8 mode 2
Event: 18.485 Thread 0x00000201b0474e20 Uncommon trap: trap_request=0xffffffde fr.pc=0x000002014afab11c relative=0x000000000000049c
Event: 18.485 Thread 0x00000201b0474e20 Uncommon trap: reason=class_check action=maybe_recompile pc=0x000002014afab11c method=kotlin.reflect.jvm.internal.impl.protobuf.CodedInputStream.tryRefillBuffer(I)Z @ 175 c2
Event: 18.485 Thread 0x00000201b0474e20 DEOPT PACKING pc=0x000002014afab11c sp=0x0000009165bf0cd0
Event: 18.485 Thread 0x00000201b0474e20 DEOPT UNPACKING pc=0x000002014a514402 sp=0x0000009165bf0bb8 mode 2
Event: 18.485 Thread 0x00000201b0474e20 Uncommon trap: trap_request=0xffffffde fr.pc=0x000002014afab11c relative=0x000000000000049c
Event: 18.485 Thread 0x00000201b0474e20 Uncommon trap: reason=class_check action=maybe_recompile pc=0x000002014afab11c method=kotlin.reflect.jvm.internal.impl.protobuf.CodedInputStream.tryRefillBuffer(I)Z @ 175 c2
Event: 18.485 Thread 0x00000201b0474e20 DEOPT PACKING pc=0x000002014afab11c sp=0x0000009165bf0cd0
Event: 18.485 Thread 0x00000201b0474e20 DEOPT UNPACKING pc=0x000002014a514402 sp=0x0000009165bf0bb8 mode 2
Event: 18.521 Thread 0x00000201b0474e20 DEOPT PACKING pc=0x000002013b021ee3 sp=0x0000009165bf1590
Event: 18.521 Thread 0x00000201b0474e20 DEOPT UNPACKING pc=0x000002014a514b22 sp=0x0000009165bf0b00 mode 0
Event: 18.522 Thread 0x00000201b0474e20 DEOPT PACKING pc=0x000002013af66465 sp=0x0000009165bf1f30
Event: 18.522 Thread 0x00000201b0474e20 DEOPT UNPACKING pc=0x000002014a514b22 sp=0x0000009165bf1420 mode 0

Classes loaded (20 events):
Event: 18.200 Loading class javax/management/NotificationFilter
Event: 18.200 Loading class javax/management/NotificationFilter done
Event: 18.200 Loading class javax/management/ListenerNotFoundException
Event: 18.200 Loading class javax/management/OperationsException
Event: 18.200 Loading class javax/management/JMException
Event: 18.200 Loading class javax/management/JMException done
Event: 18.200 Loading class javax/management/OperationsException done
Event: 18.200 Loading class javax/management/ListenerNotFoundException done
Event: 18.200 Loading class jdk/jfr/Recording
Event: 18.200 Loading class jdk/jfr/Recording done
Event: 18.200 Loading class jdk/jfr/FlightRecorder
Event: 18.200 Loading class jdk/jfr/FlightRecorder done
Event: 18.200 Loading class jdk/management/jfr/FlightRecorderMXBeanImpl$MXBeanListener
Event: 18.200 Loading class jdk/jfr/FlightRecorderListener
Event: 18.200 Loading class jdk/jfr/FlightRecorderListener done
Event: 18.200 Loading class jdk/management/jfr/FlightRecorderMXBeanImpl$MXBeanListener done
Event: 18.223 Loading class com/sun/jmx/mbeanserver/StandardMBeanSupport
Event: 18.223 Loading class com/sun/jmx/mbeanserver/StandardMBeanSupport done
Event: 18.223 Loading class com/sun/jmx/mbeanserver/StandardMBeanIntrospector
Event: 18.224 Loading class com/sun/jmx/mbeanserver/StandardMBeanIntrospector done

Classes unloaded (0 events):
No events

Classes redefined (0 events):
No events

Internal exceptions (20 events):
Event: 13.431 Thread 0x00000201b0474e20 Exception <a 'java/lang/NoSuchMethodError'{0x0000000605096050}: 'java.lang.Object java.lang.invoke.DirectMethodHandle$Holder.invokeSpecial(java.lang.Object, java.lang.Object, java.lang.Object, java.lang.Object, java.lang.Object, java.lang.Object, java.lang.Object, java.lang.Object, java.lang.Object, java.lang.Object, java.lang.Object, java.lang.Object, java.lang.Object, java.lang.Object, java.lang.Object, java.lang.Object, java.lang.Object)'> (0x0000000605096050) 
thrown [s\open\src\hotspot\share\interpret
Event: 13.432 Thread 0x00000201b0474e20 Exception <a 'java/lang/NoSuchMethodError'{0x000000060509c6f8}: 'java.lang.Object java.lang.invoke.DelegatingMethodHandle$Holder.reinvoke_L(java.lang.Object, java.lang.Object, java.lang.Object, java.lang.Object, java.lang.Object, java.lang.Object, java.lang.Object, java.lang.Object, java.lang.Object, java.lang.Object, java.lang.Object, java.lang.Object, java.lang.Object, java.lang.Object, java.lang.Object, java.lang.Object)'> (0x000000060509c6f8) 
thrown [s\open\src\hotspot\share\interpreter\linkResolver.c
Event: 13.707 Thread 0x00000201b0474e20 Exception <a 'java/lang/NoSuchMethodError'{0x000000060f846d38}: 'java.lang.Object java.lang.invoke.DirectMethodHandle$Holder.newInvokeSpecial(java.lang.Object, java.lang.Object, java.lang.Object, java.lang.Object, java.lang.Object, java.lang.Object, java.lang.Object, java.lang.Object, java.lang.Object, java.lang.Object, java.lang.Object, java.lang.Object, java.lang.Object, java.lang.Object, java.lang.Object, java.lang.Object, java.lang.Object, java.lang.Object, java.lang.Object, java.lang.Object, java.lang
Event: 17.994 Thread 0x00000201b0474e20 Exception <a 'java/lang/NoSuchMethodError'{0x000000060ca18600}: static Lorg/jetbrains/kotlin/gradle/plugin/internal/DefaultConfigurationTimePropertiesAccessorVariantFactory;.<clinit>()V> (0x000000060ca18600) 
thrown [s\open\src\hotspot\share\prims\jni.cpp, line 1111]
Event: 17.997 Thread 0x00000201b0474e20 Exception <a 'java/lang/NoSuchMethodError'{0x000000060ca3d6f0}: static Lorg/jetbrains/kotlin/gradle/plugin/internal/DefaultProjectIsolationStartParameterAccessor$Factory;.<clinit>()V> (0x000000060ca3d6f0) 
thrown [s\open\src\hotspot\share\prims\jni.cpp, line 1111]
Event: 17.998 Thread 0x00000201b0474e20 Exception <a 'java/lang/NoSuchMethodError'{0x000000060ca63778}: static Lorg/jetbrains/kotlin/gradle/plugin/internal/DefaultSourceSetCompatibilityHelperVariantFactory;.<clinit>()V> (0x000000060ca63778) 
thrown [s\open\src\hotspot\share\prims\jni.cpp, line 1111]
Event: 18.000 Thread 0x00000201b0474e20 Exception <a 'java/lang/NoSuchMethodError'{0x000000060ca94768}: static Lorg/jetbrains/kotlin/gradle/plugin/internal/DefaultArtifactTypeAttributeAccessorVariantFactory;.<clinit>()V> (0x000000060ca94768) 
thrown [s\open\src\hotspot\share\prims\jni.cpp, line 1111]
Event: 18.001 Thread 0x00000201b0474e20 Exception <a 'java/lang/NoSuchMethodError'{0x000000060cac56d0}: static Lorg/jetbrains/kotlin/gradle/plugin/internal/DefaultCompatibilityConventionRegistrar$Factory;.<clinit>()V> (0x000000060cac56d0) 
thrown [s\open\src\hotspot\share\prims\jni.cpp, line 1111]
Event: 18.002 Thread 0x00000201b0474e20 Exception <a 'java/lang/NoSuchMethodError'{0x000000060caeb550}: static Lorg/jetbrains/kotlin/gradle/plugin/internal/DefaultJavaSourceSetsAccessorVariantFactory;.<clinit>()V> (0x000000060caeb550) 
thrown [s\open\src\hotspot\share\prims\jni.cpp, line 1111]
Event: 18.003 Thread 0x00000201b0474e20 Exception <a 'java/lang/NoSuchMethodError'{0x000000060cb10ab8}: static Lorg/jetbrains/kotlin/gradle/plugin/internal/DefaultIdeaSyncDetectorVariantFactory;.<clinit>()V> (0x000000060cb10ab8) 
thrown [s\open\src\hotspot\share\prims\jni.cpp, line 1111]
Event: 18.005 Thread 0x00000201b0474e20 Exception <a 'java/lang/NoSuchMethodError'{0x000000060cb39e18}: static Lorg/jetbrains/kotlin/gradle/plugin/internal/DefaultKotlinTestReportCompatibilityHelperVariantFactory;.<clinit>()V> (0x000000060cb39e18) 
thrown [s\open\src\hotspot\share\prims\jni.cpp, line 1111]
Event: 18.006 Thread 0x00000201b0474e20 Exception <a 'java/lang/NoSuchMethodError'{0x000000060cb600f8}: static Lorg/jetbrains/kotlin/gradle/plugin/internal/DefaultMppTestReportHelperVariantFactory;.<clinit>()V> (0x000000060cb600f8) 
thrown [s\open\src\hotspot\share\prims\jni.cpp, line 1111]
Event: 18.007 Thread 0x00000201b0474e20 Exception <a 'java/lang/NoSuchMethodError'{0x000000060cb85228}: static Lorg/jetbrains/kotlin/gradle/plugin/internal/DefaultConfigurationCacheStartParameterAccessorVariantFactory;.<clinit>()V> (0x000000060cb85228) 
thrown [s\open\src\hotspot\share\prims\jni.cpp, line 1111]
Event: 18.008 Thread 0x00000201b0474e20 Exception <a 'java/lang/NoSuchMethodError'{0x000000060cbab878}: static Lorg/jetbrains/kotlin/gradle/plugin/internal/MavenPluginConfigurator$DefaultMavenPluginConfiguratorVariantFactory;.<clinit>()V> (0x000000060cbab878) 
thrown [s\open\src\hotspot\share\prims\jni.cpp, line 1111]
Event: 18.009 Thread 0x00000201b0474e20 Exception <a 'java/lang/NoSuchMethodError'{0x000000060cbd0e28}: static Lorg/jetbrains/kotlin/gradle/targets/js/nodejs/DefaultUnameExecutorVariantFactory;.<clinit>()V> (0x000000060cbd0e28) 
thrown [s\open\src\hotspot\share\prims\jni.cpp, line 1111]
Event: 18.010 Thread 0x00000201b0474e20 Exception <a 'java/lang/NoSuchMethodError'{0x000000060cbf6b90}: static Lorg/jetbrains/kotlin/gradle/plugin/internal/DefaultBasePluginConfigurationVariantFactory;.<clinit>()V> (0x000000060cbf6b90) 
thrown [s\open\src\hotspot\share\prims\jni.cpp, line 1111]
Event: 18.010 Thread 0x00000201b0474e20 Exception <a 'java/lang/NoSuchMethodError'{0x000000060641cee8}: static Lorg/jetbrains/kotlin/gradle/plugin/internal/DefaultAttributeConfigurationHelperVariantFactory;.<clinit>()V> (0x000000060641cee8) 
thrown [s\open\src\hotspot\share\prims\jni.cpp, line 1111]
Event: 18.075 Thread 0x00000201b0474e20 Exception <a 'java/lang/IncompatibleClassChangeError'{0x00000006067a00a0}: Found class java.lang.Object, but interface was expected> (0x00000006067a00a0) 
thrown [s\open\src\hotspot\share\interpreter\linkResolver.cpp, line 863]
Event: 18.287 Thread 0x00000201b0474e20 Implicit null exception at 0x000002014aef4f6d to 0x000002014aef5648
Event: 18.287 Thread 0x00000201b0474e20 Implicit null exception at 0x000002014aef59cf to 0x000002014aef60b0

VM Operations (20 events):
Event: 13.047 Executing VM operation: G1PauseRemark
Event: 13.050 Executing VM operation: G1PauseRemark done
Event: 13.059 Executing VM operation: G1PauseCleanup
Event: 13.059 Executing VM operation: G1PauseCleanup done
Event: 13.360 Executing VM operation: HandshakeAllThreads (Deoptimize)
Event: 13.360 Executing VM operation: HandshakeAllThreads (Deoptimize) done
Event: 13.439 Executing VM operation: HandshakeAllThreads (Deoptimize)
Event: 13.440 Executing VM operation: HandshakeAllThreads (Deoptimize) done
Event: 13.697 Executing VM operation: G1CollectForAllocation (G1 Evacuation Pause)
Event: 13.702 Executing VM operation: G1CollectForAllocation (G1 Evacuation Pause) done
Event: 17.850 Executing VM operation: G1CollectForAllocation (G1 Evacuation Pause)
Event: 17.856 Executing VM operation: G1CollectForAllocation (G1 Evacuation Pause) done
Event: 17.919 Executing VM operation: HandshakeAllThreads (Deoptimize)
Event: 17.919 Executing VM operation: HandshakeAllThreads (Deoptimize) done
Event: 18.254 Executing VM operation: HandshakeAllThreads (Deoptimize)
Event: 18.254 Executing VM operation: HandshakeAllThreads (Deoptimize) done
Event: 18.258 Executing VM operation: HandshakeAllThreads (Deoptimize)
Event: 18.258 Executing VM operation: HandshakeAllThreads (Deoptimize) done
Event: 18.448 Executing VM operation: G1CollectForAllocation (G1 Evacuation Pause)
Event: 18.452 Executing VM operation: G1CollectForAllocation (G1 Evacuation Pause) done

Memory protections (0 events):
No events

Nmethod flushes (20 events):
Event: 13.049 Thread 0x0000020168417870 flushing  nmethod 0x000002013aed0708
Event: 13.049 Thread 0x0000020168417870 flushing  nmethod 0x000002013ab78c88
Event: 13.049 Thread 0x0000020168417870 flushing  nmethod 0x000002013ad4d288
Event: 13.049 Thread 0x0000020168417870 flushing  nmethod 0x000002013ae1a288
Event: 13.049 Thread 0x0000020168417870 flushing  nmethod 0x000002013ae6ad08
Event: 13.049 Thread 0x0000020168417870 flushing  nmethod 0x000002013ae6ca08
Event: 13.049 Thread 0x0000020168417870 flushing  nmethod 0x000002013ac7d488
Event: 13.049 Thread 0x0000020168417870 flushing  nmethod 0x000002013adc9a88
Event: 13.049 Thread 0x0000020168417870 flushing  nmethod 0x000002013ae0b508
Event: 13.049 Thread 0x0000020168417870 flushing  nmethod 0x000002013ae0db88
Event: 13.049 Thread 0x0000020168417870 flushing  nmethod 0x000002013ae0f988
Event: 13.049 Thread 0x0000020168417870 flushing  nmethod 0x000002013ae87908
Event: 13.049 Thread 0x0000020168417870 flushing  nmethod 0x000002013ae88c08
Event: 13.049 Thread 0x0000020168417870 flushing  nmethod 0x000002013ae88f88
Event: 13.049 Thread 0x0000020168417870 flushing  nmethod 0x000002013ae89288
Event: 13.049 Thread 0x0000020168417870 flushing  nmethod 0x000002013ae89708
Event: 13.049 Thread 0x0000020168417870 flushing  nmethod 0x000002013ae8be08
Event: 13.049 Thread 0x0000020168417870 flushing  nmethod 0x000002013ae8d188
Event: 13.049 Thread 0x0000020168417870 flushing  nmethod 0x000002013ae8d788
Event: 13.049 Thread 0x0000020168417870 flushing  nmethod 0x000002013af0dc08

Events (20 events):
Event: 13.042 Thread 0x00000201b0474e20 Thread added: 0x00000201b3658bf0
Event: 13.043 Thread 0x00000201b0474e20 Thread added: 0x00000201b3659910
Event: 13.045 Thread 0x00000201b0474e20 Thread added: 0x00000201b3659fa0
Event: 13.046 Thread 0x00000201b0474e20 Thread added: 0x00000201b3657ed0
Event: 13.047 Thread 0x00000201b0474e20 Thread added: 0x00000201b365a630
Event: 13.051 Thread 0x00000201b0474e20 Thread added: 0x00000201b3658560
Event: 13.053 Thread 0x00000201b0474e20 Thread added: 0x00000201b36571b0
Event: 13.484 Thread 0x00000201b0474e20 Thread added: 0x00000201b365acc0
Event: 13.980 Thread 0x00000201b3088340 Thread exited: 0x00000201b3088340
Event: 14.621 Thread 0x00000201b30897b0 Thread exited: 0x00000201b30897b0
Event: 14.621 Thread 0x00000201aed906f0 Thread exited: 0x00000201aed906f0
Event: 16.098 Thread 0x00000201684495d0 Thread added: 0x00000201b3088340
Event: 16.378 Thread 0x00000201aeb6b730 Thread exited: 0x00000201aeb6b730
Event: 16.900 Thread 0x000002016856d6e0 Thread exited: 0x000002016856d6e0
Event: 16.900 Thread 0x00000201b3088340 Thread exited: 0x00000201b3088340
Event: 17.986 Thread 0x000002016856ce50 Thread added: 0x00000201b30897b0
Event: 18.021 Thread 0x0000020168452090 Thread added: 0x00000201b3088340
Event: 18.256 Thread 0x00000201b0474e20 Thread added: 0x00000201b1e3db70
Event: 18.266 Thread 0x000002016856ce50 Thread added: 0x00000201b3086ed0
Event: 18.473 Thread 0x00000201b3086ed0 Thread added: 0x00000201b308c090


Dynamic libraries:
0x00007ff6f61c0000 - 0x00007ff6f61d0000 	C:\Program Files\Java\jdk-23\bin\java.exe
0x00007ffdaeae0000 - 0x00007ffdaed47000 	C:\WINDOWS\SYSTEM32\ntdll.dll
0x00007ffdade80000 - 0x00007ffdadf49000 	C:\WINDOWS\System32\KERNEL32.DLL
0x00007ffdabef0000 - 0x00007ffdac2e7000 	C:\WINDOWS\System32\KERNELBASE.dll
0x00007ffdac3b0000 - 0x00007ffdac4fb000 	C:\WINDOWS\System32\ucrtbase.dll
0x00007ffd807f0000 - 0x00007ffd80807000 	C:\Program Files\Java\jdk-23\bin\jli.dll
0x00007ffd86760000 - 0x00007ffd8677b000 	C:\Program Files\Java\jdk-23\bin\VCRUNTIME140.dll
0x00007ffdae2c0000 - 0x00007ffdae486000 	C:\WINDOWS\System32\USER32.dll
0x00007ffd893d0000 - 0x00007ffd89662000 	C:\WINDOWS\WinSxS\amd64_microsoft.windows.common-controls_6595b64144ccf1df_6.0.26100.8328_none_3e08182ce334b678\COMCTL32.dll
0x00007ffdab510000 - 0x00007ffdab537000 	C:\WINDOWS\System32\win32u.dll
0x00007ffdaccc0000 - 0x00007ffdacd69000 	C:\WINDOWS\System32\msvcrt.dll
0x00007ffdade50000 - 0x00007ffdade7b000 	C:\WINDOWS\System32\GDI32.dll
0x00007ffdac5b0000 - 0x00007ffdac6dc000 	C:\WINDOWS\System32\gdi32full.dll
0x00007ffdac500000 - 0x00007ffdac5a3000 	C:\WINDOWS\System32\msvcp_win.dll
0x00007ffdade10000 - 0x00007ffdade42000 	C:\WINDOWS\System32\IMM32.DLL
0x00007ffd80770000 - 0x00007ffd8077c000 	C:\Program Files\Java\jdk-23\bin\vcruntime140_1.dll
0x00007ffcc7140000 - 0x00007ffcc71ce000 	C:\Program Files\Java\jdk-23\bin\msvcp140.dll
0x00007ffcc0a00000 - 0x00007ffcc174f000 	C:\Program Files\Java\jdk-23\bin\server\jvm.dll
0x00007ffdae0d0000 - 0x00007ffdae186000 	C:\WINDOWS\System32\ADVAPI32.dll
0x00007ffdae490000 - 0x00007ffdae537000 	C:\WINDOWS\System32\sechost.dll
0x00007ffdac8d0000 - 0x00007ffdac9e8000 	C:\WINDOWS\System32\RPCRT4.dll
0x00007ffdae230000 - 0x00007ffdae2b0000 	C:\WINDOWS\System32\WS2_32.dll
0x00007ffdaacf0000 - 0x00007ffdaad4e000 	C:\WINDOWS\SYSTEM32\POWRPROF.dll
0x00007ffd96270000 - 0x00007ffd962a6000 	C:\WINDOWS\SYSTEM32\WINMM.dll
0x00007ffda0a30000 - 0x00007ffda0a3b000 	C:\WINDOWS\SYSTEM32\VERSION.dll
0x00007ffdaacd0000 - 0x00007ffdaace4000 	C:\WINDOWS\SYSTEM32\UMPDC.dll
0x00007ffdaa2a0000 - 0x00007ffdaa2bb000 	C:\WINDOWS\SYSTEM32\kernel.appcore.dll
0x00007ffd80760000 - 0x00007ffd8076a000 	C:\Program Files\Java\jdk-23\bin\jimage.dll
0x00007ffda9390000 - 0x00007ffda95d2000 	C:\WINDOWS\SYSTEM32\DBGHELP.DLL
0x00007ffdad300000 - 0x00007ffdad683000 	C:\WINDOWS\System32\combase.dll
0x00007ffdad220000 - 0x00007ffdad2f9000 	C:\WINDOWS\System32\OLEAUT32.dll
0x00007ffd84a90000 - 0x00007ffd84acb000 	C:\WINDOWS\SYSTEM32\dbgcore.DLL
0x00007ffdabe40000 - 0x00007ffdabee8000 	C:\WINDOWS\System32\bcryptPrimitives.dll
0x00007ffd69460000 - 0x00007ffd6946f000 	C:\Program Files\Java\jdk-23\bin\instrument.dll
0x00007ffd63090000 - 0x00007ffd630ae000 	C:\Program Files\Java\jdk-23\bin\java.dll
0x00007ffdacb20000 - 0x00007ffdaccb7000 	C:\WINDOWS\System32\ole32.dll
0x00007ffdad690000 - 0x00007ffdaddfe000 	C:\WINDOWS\System32\SHELL32.dll
0x00007ffdab5d0000 - 0x00007ffdabe3c000 	C:\WINDOWS\System32\windows.storage.dll
0x00007ffdaca20000 - 0x00007ffdacb16000 	C:\WINDOWS\System32\SHCORE.dll
0x00007ffdac860000 - 0x00007ffdac8c6000 	C:\WINDOWS\System32\shlwapi.dll
0x00007ffdab430000 - 0x00007ffdab459000 	C:\WINDOWS\SYSTEM32\profapi.dll
0x00007ffcc7060000 - 0x00007ffcc7137000 	C:\Program Files\Java\jdk-23\bin\jsvml.dll
0x00007ffd62de0000 - 0x00007ffd62df7000 	C:\Program Files\Java\jdk-23\bin\zip.dll
0x00007ffd6e940000 - 0x00007ffd6e950000 	C:\Program Files\Java\jdk-23\bin\net.dll
0x00007ffdaa810000 - 0x00007ffdaa87c000 	C:\WINDOWS\system32\mswsock.dll
0x00007ffd62dc0000 - 0x00007ffd62dd6000 	C:\Program Files\Java\jdk-23\bin\nio.dll
0x00007ffd6c900000 - 0x00007ffd6c910000 	C:\Program Files\Java\jdk-23\bin\verify.dll
0x00007ffd800e0000 - 0x00007ffd80107000 	D:\Gradle\native\1def1411415f61bf3af743bc5b6707747c0891f09f0c88961ee8f79bc544acac\windows-amd64\native-platform.dll
0x00007ffd665b0000 - 0x00007ffd66628000 	D:\Gradle\native\0.2.7\x86_64-windows-gnu\gradle-fileevents.dll
0x00007ffd6c530000 - 0x00007ffd6c53a000 	C:\Program Files\Java\jdk-23\bin\management.dll
0x00007ffd6b6e0000 - 0x00007ffd6b6eb000 	C:\Program Files\Java\jdk-23\bin\management_ext.dll
0x00007ffdacd80000 - 0x00007ffdacd88000 	C:\WINDOWS\System32\PSAPI.DLL
0x00007ffda9cb0000 - 0x00007ffda9ce2000 	C:\WINDOWS\SYSTEM32\IPHLPAPI.DLL
0x00007ffdae220000 - 0x00007ffdae22a000 	C:\WINDOWS\System32\NSI.dll
0x00007ffd697a0000 - 0x00007ffd697a9000 	C:\Program Files\Java\jdk-23\bin\extnet.dll
0x00007ffdaaaf0000 - 0x00007ffdaab0b000 	C:\WINDOWS\SYSTEM32\CRYPTSP.dll
0x00007ffdaa200000 - 0x00007ffdaa239000 	C:\WINDOWS\system32\rsaenh.dll
0x00007ffdaa8c0000 - 0x00007ffdaa8f3000 	C:\WINDOWS\SYSTEM32\USERENV.dll
0x00007ffdab400000 - 0x00007ffdab42a000 	C:\WINDOWS\SYSTEM32\bcrypt.dll
0x00007ffdaab10000 - 0x00007ffdaab1c000 	C:\WINDOWS\SYSTEM32\CRYPTBASE.dll
0x00007ffd69900000 - 0x00007ffd6990e000 	C:\Program Files\Java\jdk-23\bin\sunmscapi.dll
0x00007ffdac6e0000 - 0x00007ffdac858000 	C:\WINDOWS\System32\CRYPT32.dll
0x00007ffdaae30000 - 0x00007ffdaae60000 	C:\WINDOWS\SYSTEM32\ncrypt.dll
0x00007ffdaade0000 - 0x00007ffdaae1f000 	C:\WINDOWS\SYSTEM32\NTASN1.dll
0x00007ffd95320000 - 0x00007ffd95328000 	C:\WINDOWS\system32\wshunix.dll

dbghelp: loaded successfully - version: 4.0.5 - missing functions: none
symbol engine: initialized successfully - sym options: 0x614 - pdb path: .;C:\Program Files\Java\jdk-23\bin;C:\WINDOWS\SYSTEM32;C:\WINDOWS\WinSxS\amd64_microsoft.windows.common-controls_6595b64144ccf1df_6.0.26100.8328_none_3e08182ce334b678;C:\Program Files\Java\jdk-23\bin\server;D:\Gradle\native\1def1411415f61bf3af743bc5b6707747c0891f09f0c88961ee8f79bc544acac\windows-amd64;D:\Gradle\native\0.2.7\x86_64-windows-gnu

VM Arguments:
jvm_args: --add-opens=java.base/java.lang=ALL-UNNAMED --add-opens=java.base/java.lang.invoke=ALL-UNNAMED --add-opens=java.base/java.util=ALL-UNNAMED --add-opens=java.prefs/java.util.prefs=ALL-UNNAMED --add-exports=jdk.compiler/com.sun.tools.javac.api=ALL-UNNAMED --add-exports=jdk.compiler/com.sun.tools.javac.util=ALL-UNNAMED --add-opens=java.base/java.util=ALL-UNNAMED --add-opens=java.prefs/java.util.prefs=ALL-UNNAMED --add-opens=java.base/java.nio.charset=ALL-UNNAMED --add-opens=java.base/java.net=ALL-UNNAMED --add-opens=java.base/java.util.concurrent.atomic=ALL-UNNAMED --add-opens=java.xml/javax.xml.namespace=ALL-UNNAMED -XX:MaxMetaspaceSize=4G -XX:ReservedCodeCacheSize=512m -XX:+HeapDumpOnOutOfMemoryError -Xmx8G -Dfile.encoding=UTF-8 -Duser.country=US -Duser.language=en -Duser.variant -javaagent:D:\Gradle\wrapper\dists\gradle-8.14-all\c2qonpi39x1mddn7hk5gh9iqj\gradle-8.14\lib\agents\gradle-instrumentation-agent-8.14.jar 
java_command: org.gradle.launcher.daemon.bootstrap.GradleDaemon 8.14
java_class_path (initial): D:\Gradle\wrapper\dists\gradle-8.14-all\c2qonpi39x1mddn7hk5gh9iqj\gradle-8.14\lib\gradle-daemon-main-8.14.jar
Launcher Type: SUN_STANDARD

[Global flags]
     intx CICompilerCount                          = 12                                        {product} {ergonomic}
     uint ConcGCThreads                            = 3                                         {product} {ergonomic}
     uint G1ConcRefinementThreads                  = 13                                        {product} {ergonomic}
   size_t G1HeapRegionSize                         = 4194304                                   {product} {ergonomic}
     bool HeapDumpOnOutOfMemoryError               = true                                   {manageable} {command line}
   size_t InitialHeapSize                          = 264241152                                 {product} {ergonomic}
   size_t MarkStackSize                            = 4194304                                   {product} {ergonomic}
   size_t MarkStackSizeMax                         = 536870912                                 {product} {ergonomic}
   size_t MaxHeapSize                              = 8589934592                                {product} {command line}
   size_t MaxMetaspaceSize                         = 4294967296                                {product} {command line}
   size_t MaxNewSize                               = 5150605312                                {product} {ergonomic}
   size_t MinHeapDeltaBytes                        = 4194304                                   {product} {ergonomic}
   size_t MinHeapSize                              = 8388608                                   {product} {ergonomic}
    uintx NonNMethodCodeHeapSize                   = 7602176                                {pd product} {ergonomic}
    uintx NonProfiledCodeHeapSize                  = 264699904                              {pd product} {ergonomic}
    uintx ProfiledCodeHeapSize                     = 264568832                              {pd product} {ergonomic}
    uintx ReservedCodeCacheSize                    = 536870912                              {pd product} {command line, ergonomic}
     bool SegmentedCodeCache                       = true                                      {product} {ergonomic}
   size_t SoftMaxHeapSize                          = 8589934592                             {manageable} {ergonomic}
     bool UseCompressedOops                        = true                           {product lp64_product} {ergonomic}
     bool UseG1GC                                  = true                                      {product} {ergonomic}
     bool UseLargePagesIndividualAllocation        = false                                  {pd product} {ergonomic}

Logging:
Log output configuration:
 #0: stdout all=warning uptime,level,tags foldmultilines=false
 #1: stderr all=off uptime,level,tags foldmultilines=false

Environment Variables:
JAVA_HOME=C:\Program Files\Java\jdk-23
PATH=C:\Users\danya\AppData\Local\Programs\Microsoft VS Code;C:\Program Files\Common Files\Oracle\Java\javapath;C:\windows\system32;C:\windows;C:\windows\System32\Wbem;C:\windows\System32\WindowsPowerShell\v1.0\;C:\windows\System32\OpenSSH\;C:\Program Files (x86)\NVIDIA Corporation\PhysX\Common;C:\Program Files\NVIDIA Corporation\NVIDIA NvDLISR;C:\WINDOWS\system32;C:\WINDOWS;C:\WINDOWS\System32\Wbem;C:\WINDOWS\System32\WindowsPowerShell\v1.0\;C:\WINDOWS\System32\OpenSSH\;C:\msys64\mingw64\bin;C:\Program Files\Git\cmd;C:\Program Files\Java\jdk-23\bin;D:\;c:\Users\danya\AppData\Local\Programs\cursor\resources\app\bin;C:\Program Files (x86)\Microsoft SQL Server\160\Tools\Binn\;C:\Program Files\Microsoft SQL Server\160\Tools\Binn\;C:\Program Files\Microsoft SQL Server\Client SDK\ODBC\170\Tools\Binn\;C:\Program Files\Microsoft SQL Server\160\DTS\Binn\;C:\Program Files (x86)\Microsoft SQL Server\160\DTS\Binn\;C:\Program Files\Microsoft SQL Server\150\Tools\Binn\;C:\Program Files\dotnet\;C:\Program Files (x86)\Windows Kits\10\Windows Performance Toolkit\;C:\Program Files\Microsoft SQL Server\130\DTS\Binn\;C:\Program Files\Microsoft SQL Server\140\DTS\Binn\;C:\Program Files\Microsoft SQL Server\150\DTS\Binn\;C:\Program Files\Microsoft SQL Server\170\DTS\Binn\;%SystemRoot%\system32;%SystemRoot%;%SystemRoot%\System32\Wbem;%SYSTEMROOT%\System32\WindowsPowerShell\v1.0\;%SYSTEMROOT%\System32\OpenSSH\;C:\Users\danya\AppData\Local\Programs\Python\Python312\Scripts\;C:\Users\danya\AppData\Local\Programs\Python\Python312\;C:\Users\danya\AppData\Local\Microsoft\WindowsApps;C:\Users\danya\AppData\Local\Programs\Microsoft VS Code\bin;C:\Users\danya\Dart\dartsdk-windows-x64-release\dart-sdk\bin;C:\Program Files\Java\jdk-23\bin;C:\Users\danya\AppData\Roaming\npm;D:\Android\Sdk\platform-tools;C:\Users\danya\develop\flutter\bin;C:\Users\danya\AppData\Local\Pub\Cache\bin;C:\Program Files\swipl\bin;C:\Users\danya\.dotnet\tools;
USERNAME=danya
OS=Windows_NT
PROCESSOR_IDENTIFIER=Intel64 Family 6 Model 154 Stepping 3, GenuineIntel
TMP=C:\Users\danya\AppData\Local\Temp
TEMP=C:\Users\danya\AppData\Local\Temp




Periodic native trim disabled

---------------  S Y S T E M  ---------------

OS:
 Windows 11 , 64 bit Build 26100 (10.0.26100.8328)
OS uptime: 0 days 0:23 hours

CPU: total 16 (initial active 16) (8 cores per cpu, 2 threads per core) family 6 model 154 stepping 3 microcode 0x434, cx8, cmov, fxsr, ht, mmx, 3dnowpref, sse, sse2, sse3, ssse3, sse4.1, sse4.2, popcnt, lzcnt, tsc, tscinvbit, avx, avx2, aes, erms, clmul, bmi1, bmi2, adx, sha, fma, vzeroupper, clflush, clflushopt, clwb, serialize, rdtscp, rdpid, fsrm, gfni, f16c, pku, cet_ibt, cet_ss
Processor Information for processor 0
  Max Mhz: 2300, Current Mhz: 2300, Mhz Limit: 2300
Processor Information for processor 1
  Max Mhz: 2300, Current Mhz: 1506, Mhz Limit: 2300
Processor Information for processor 2
  Max Mhz: 2300, Current Mhz: 2300, Mhz Limit: 2300
Processor Information for processor 3
  Max Mhz: 2300, Current Mhz: 2300, Mhz Limit: 2300
Processor Information for processor 4
  Max Mhz: 2300, Current Mhz: 2300, Mhz Limit: 2300
Processor Information for processor 5
  Max Mhz: 2300, Current Mhz: 2300, Mhz Limit: 2300
Processor Information for processor 6
  Max Mhz: 2300, Current Mhz: 2300, Mhz Limit: 2300
Processor Information for processor 7
  Max Mhz: 2300, Current Mhz: 1506, Mhz Limit: 2300
Processor Information for processor 8
  Max Mhz: 2300, Current Mhz: 2300, Mhz Limit: 2300
Processor Information for processor 9
  Max Mhz: 2300, Current Mhz: 2300, Mhz Limit: 2300
Processor Information for processor 10
  Max Mhz: 2300, Current Mhz: 2300, Mhz Limit: 2300
Processor Information for processor 11
  Max Mhz: 2300, Current Mhz: 2300, Mhz Limit: 2300
Processor Information for processor 12
  Max Mhz: 2300, Current Mhz: 2300, Mhz Limit: 2300
Processor Information for processor 13
  Max Mhz: 2300, Current Mhz: 1488, Mhz Limit: 2300
Processor Information for processor 14
  Max Mhz: 2300, Current Mhz: 1488, Mhz Limit: 2300
Processor Information for processor 15
  Max Mhz: 2300, Current Mhz: 1488, Mhz Limit: 2300

Memory: 4k page, system-wide physical 16051M (742M free)
TotalPageFile size 23974M (AvailPageFile size 0M)
current process WorkingSet (physical memory assigned to process): 350M, peak: 364M
current process commit charge ("private bytes"): 399M, peak: 460M

vm_info: Java HotSpot(TM) 64-Bit Server VM (23.0.1+11-39) for windows-amd64 JRE (23.0.1+11-39), built on 2024-09-30T07:20:43Z with MS VC++ 17.6 (VS2022)

END.
