#
# There is insufficient memory for the Java Runtime Environment to continue.
# Native memory allocation (malloc) failed to allocate 32744 bytes. Error detail: Chunk::new
# Possible reasons:
#   The system is out of physical RAM or swap space
#   This process is running with CompressedOops enabled, and the Java Heap may be blocking the growth of the native heap
# Possible solutions:
#   Reduce memory load on the system
#   Increase physical memory or swap space
#   Check if swap backing store is full
#   Decrease Java heap size (-Xmx/-Xms)
#   Decrease number of Java threads
#   Decrease Java thread stack sizes (-Xss)
#   Set larger code cache with -XX:ReservedCodeCacheSize=
#   JVM is running with Unscaled Compressed Oops mode in which the Java heap is
#     placed in the first 4GB address space. The Java Heap base address is the
#     maximum limit for the native heap growth. Please use -XX:HeapBaseMinAddress
#     to set the Java Heap base and to place the Java Heap above 4GB virtual address.
# This output file may be truncated or incomplete.
#
#  Out of Memory Error (arena.cpp:168), pid=27828, tid=28392
#
# JRE version: OpenJDK Runtime Environment Temurin-21.0.10+7 (21.0.10+7) (build 21.0.10+7-LTS)
# Java VM: OpenJDK 64-Bit Server VM Temurin-21.0.10+7 (21.0.10+7-LTS, mixed mode, sharing, tiered, compressed oops, compressed class ptrs, parallel gc, windows-amd64)
# No core dump will be written. Minidumps are not enabled by default on client versions of Windows
#

---------------  S U M M A R Y ------------

Command Line: --add-modules=ALL-SYSTEM --add-opens=java.base/java.util=ALL-UNNAMED --add-opens=java.base/java.lang=ALL-UNNAMED --add-opens=java.base/sun.nio.fs=ALL-UNNAMED -Declipse.application=org.eclipse.jdt.ls.core.id1 -Dosgi.bundles.defaultStartLevel=4 -Declipse.product=org.eclipse.jdt.ls.core.product -Djava.import.generatesMetadataFilesAtProjectRoot=false -DDetectVMInstallationsJob.disabled=true -Dfile.encoding=utf8 -XX:+UseParallelGC -XX:GCTimeRatio=4 -XX:AdaptiveSizePolicyWeight=90 -Dsun.zip.disableMemoryMapping=true -Xmx2G -Xms100m -Xlog:disable -javaagent:c:\Users\danya\.vscode\extensions\redhat.java-1.54.0-win32-x64\lombok\lombok-1.18.39-4050.jar c:\Users\danya\.vscode\extensions\redhat.java-1.54.0-win32-x64\server\plugins\org.eclipse.equinox.launcher_1.7.100.v20251111-0406.jar -configuration c:\Users\danya\AppData\Roaming\Code\User\globalStorage\redhat.java\1.54.0\config_ss_win -data c:\Users\danya\AppData\Roaming\Code\User\workspaceStorage\96c0adba8a3645ba40e7d75efb52f981\redhat.java\ss_ws --pipe=\\.\pipe\lsp-9c68f0a4adf224df90659763477ef37b-sock

Host: 12th Gen Intel(R) Core(TM) i7-12650H, 16 cores, 15G,  Windows 11 , 64 bit Build 26100 (10.0.26100.8328)
Time: Tue May 12 19:08:09 2026 Egypt Daylight Time elapsed time: 14.583668 seconds (0d 0h 0m 14s)

---------------  T H R E A D  ---------------

Current thread (0x000002bed57a6f70):  JavaThread "C1 CompilerThread1" daemon [_thread_in_native, id=28392, stack(0x000000fa83f00000,0x000000fa84000000) (1024K)]


Current CompileTask:
C1:14583 3704   !   3       java.lang.Class::getEnumConstantsShared (71 bytes)

Stack: [0x000000fa83f00000,0x000000fa84000000]
Native frames: (J=compiled Java code, j=interpreted, Vv=VM code, C=native code)
V  [jvm.dll+0x6d7a39]
V  [jvm.dll+0x8b4b26]
V  [jvm.dll+0x8b70de]
V  [jvm.dll+0x8b77c3]
V  [jvm.dll+0x284346]
V  [jvm.dll+0xc66ed]
V  [jvm.dll+0xc6c31]
V  [jvm.dll+0x1417ee]
V  [jvm.dll+0x140aa7]
V  [jvm.dll+0x19bcad]
V  [jvm.dll+0x19c746]
V  [jvm.dll+0x1573b5]
V  [jvm.dll+0x156c57]
V  [jvm.dll+0x156e84]
V  [jvm.dll+0x15629c]
V  [jvm.dll+0x15802d]
V  [jvm.dll+0x25b85d]
V  [jvm.dll+0x259dea]
V  [jvm.dll+0x3f857e]
V  [jvm.dll+0x85f59d]
V  [jvm.dll+0x6d626d]
C  [ucrtbase.dll+0x37b0]
C  [KERNEL32.DLL+0x2e957]
C  [ntdll.dll+0x427c]


---------------  P R O C E S S  ---------------

Threads class SMR info:
_java_thread_list=0x000002bed75c30c0, length=43, elements={
0x000002bef1103e70, 0x000002bef11ad6a0, 0x000002bef10ae810, 0x000002bef11b2240,
0x000002bef11b2f20, 0x000002bef11b41c0, 0x000002bef11b7470, 0x000002bef11bbff0,
0x000002bef9e66710, 0x000002befa08fe20, 0x000002bed402dbc0, 0x000002bed4a11aa0,
0x000002bed49868d0, 0x000002bed4d4a8e0, 0x000002bed4b7af50, 0x000002bed4e68300,
0x000002bed4d41d00, 0x000002bed4dff410, 0x000002bed5a800f0, 0x000002bed5a80780,
0x000002bed5a82ee0, 0x000002bed5a81b30, 0x000002bed5a814a0, 0x000002bed5a80e10,
0x000002bed5a821c0, 0x000002bed5a82850, 0x000002bed5a83570, 0x000002bed5784dc0,
0x000002bed5782660, 0x000002bed5783a10, 0x000002bed57840a0, 0x000002bed5785450,
0x000002bed5784730, 0x000002bed5781fd0, 0x000002bed5783380, 0x000002bed5785ae0,
0x000002bed5786170, 0x000002bed5782cf0, 0x000002bed5788240, 0x000002bed57a6f70,
0x000002bed5c31160, 0x000002bed75c3480, 0x000002bed6400840
}

Java Threads: ( => current thread )
  0x000002bef1103e70 JavaThread "main"                              [_thread_blocked, id=7052, stack(0x000000fa83300000,0x000000fa83400000) (1024K)]
  0x000002bef11ad6a0 JavaThread "Reference Handler"          daemon [_thread_blocked, id=1948, stack(0x000000fa83700000,0x000000fa83800000) (1024K)]
  0x000002bef10ae810 JavaThread "Finalizer"                  daemon [_thread_blocked, id=11556, stack(0x000000fa83800000,0x000000fa83900000) (1024K)]
  0x000002bef11b2240 JavaThread "Signal Dispatcher"          daemon [_thread_blocked, id=27368, stack(0x000000fa83900000,0x000000fa83a00000) (1024K)]
  0x000002bef11b2f20 JavaThread "Attach Listener"            daemon [_thread_blocked, id=11228, stack(0x000000fa83a00000,0x000000fa83b00000) (1024K)]
  0x000002bef11b41c0 JavaThread "Service Thread"             daemon [_thread_blocked, id=20988, stack(0x000000fa83b00000,0x000000fa83c00000) (1024K)]
  0x000002bef11b7470 JavaThread "Monitor Deflation Thread"   daemon [_thread_blocked, id=20516, stack(0x000000fa83c00000,0x000000fa83d00000) (1024K)]
  0x000002bef11bbff0 JavaThread "C2 CompilerThread0"         daemon [_thread_in_native, id=9020, stack(0x000000fa83d00000,0x000000fa83e00000) (1024K)]
  0x000002bef9e66710 JavaThread "C1 CompilerThread0"         daemon [_thread_in_native, id=14624, stack(0x000000fa83e00000,0x000000fa83f00000) (1024K)]
  0x000002befa08fe20 JavaThread "Common-Cleaner"             daemon [_thread_blocked, id=28336, stack(0x000000fa84300000,0x000000fa84400000) (1024K)]
  0x000002bed402dbc0 JavaThread "Notification Thread"        daemon [_thread_blocked, id=19788, stack(0x000000fa84400000,0x000000fa84500000) (1024K)]
  0x000002bed4a11aa0 JavaThread "Active Thread: Equinox Container: d65dd090-2ec7-42a0-ba00-b25999dcedbb"        [_thread_blocked, id=7064, stack(0x000000fa84d00000,0x000000fa84e00000) (1024K)]
  0x000002bed49868d0 JavaThread "Framework Event Dispatcher: Equinox Container: d65dd090-2ec7-42a0-ba00-b25999dcedbb" daemon [_thread_blocked, id=12988, stack(0x000000fa84f00000,0x000000fa85000000) (1024K)]
  0x000002bed4d4a8e0 JavaThread "Start Level: Equinox Container: d65dd090-2ec7-42a0-ba00-b25999dcedbb" daemon [_thread_blocked, id=19804, stack(0x000000fa85000000,0x000000fa85100000) (1024K)]
  0x000002bed4b7af50 JavaThread "SCR Component Actor"        daemon [_thread_blocked, id=10932, stack(0x000000fa85100000,0x000000fa85200000) (1024K)]
  0x000002bed4e68300 JavaThread "Worker-JM"                         [_thread_blocked, id=12960, stack(0x000000fa85200000,0x000000fa85300000) (1024K)]
  0x000002bed4d41d00 JavaThread "Worker-0"                          [_thread_blocked, id=16140, stack(0x000000fa85500000,0x000000fa85600000) (1024K)]
  0x000002bed4dff410 JavaThread "Worker-1"                          [_thread_blocked, id=25804, stack(0x000000fa85600000,0x000000fa85700000) (1024K)]
  0x000002bed5a800f0 JavaThread "JNA Cleaner"                daemon [_thread_blocked, id=19208, stack(0x000000fa84200000,0x000000fa84300000) (1024K)]
  0x000002bed5a80780 JavaThread "Thread-1"                   daemon [_thread_in_native, id=14844, stack(0x000000fa85b00000,0x000000fa85c00000) (1024K)]
  0x000002bed5a82ee0 JavaThread "Thread-2"                   daemon [_thread_in_native, id=15428, stack(0x000000fa85c00000,0x000000fa85d00000) (1024K)]
  0x000002bed5a81b30 JavaThread "Thread-3"                   daemon [_thread_in_native, id=9128, stack(0x000000fa85d00000,0x000000fa85e00000) (1024K)]
  0x000002bed5a814a0 JavaThread "Thread-4"                   daemon [_thread_in_native, id=24884, stack(0x000000fa85e00000,0x000000fa85f00000) (1024K)]
  0x000002bed5a80e10 JavaThread "Thread-5"                   daemon [_thread_in_native, id=27148, stack(0x000000fa85f00000,0x000000fa86000000) (1024K)]
  0x000002bed5a821c0 JavaThread "Thread-6"                   daemon [_thread_in_native, id=10352, stack(0x000000fa86000000,0x000000fa86100000) (1024K)]
  0x000002bed5a82850 JavaThread "Thread-7"                   daemon [_thread_in_native, id=2896, stack(0x000000fa86100000,0x000000fa86200000) (1024K)]
  0x000002bed5a83570 JavaThread "Thread-8"                   daemon [_thread_in_native, id=22104, stack(0x000000fa86200000,0x000000fa86300000) (1024K)]
  0x000002bed5784dc0 JavaThread "Thread-9"                   daemon [_thread_in_native, id=12000, stack(0x000000fa86300000,0x000000fa86400000) (1024K)]
  0x000002bed5782660 JavaThread "Thread-10"                  daemon [_thread_in_native, id=24732, stack(0x000000fa86400000,0x000000fa86500000) (1024K)]
  0x000002bed5783a10 JavaThread "Thread-11"                  daemon [_thread_in_native, id=1452, stack(0x000000fa86500000,0x000000fa86600000) (1024K)]
  0x000002bed57840a0 JavaThread "Thread-12"                  daemon [_thread_in_native, id=28376, stack(0x000000fa86600000,0x000000fa86700000) (1024K)]
  0x000002bed5785450 JavaThread "Thread-13"                  daemon [_thread_in_native, id=17836, stack(0x000000fa86700000,0x000000fa86800000) (1024K)]
  0x000002bed5784730 JavaThread "Thread-14"                  daemon [_thread_in_native, id=21296, stack(0x000000fa86800000,0x000000fa86900000) (1024K)]
  0x000002bed5781fd0 JavaThread "Thread-15"                  daemon [_thread_in_native, id=27392, stack(0x000000fa86900000,0x000000fa86a00000) (1024K)]
  0x000002bed5783380 JavaThread "Thread-16"                  daemon [_thread_in_native, id=12452, stack(0x000000fa86a00000,0x000000fa86b00000) (1024K)]
  0x000002bed5785ae0 JavaThread "Thread-17"                  daemon [_thread_in_native, id=25556, stack(0x000000fa86b00000,0x000000fa86c00000) (1024K)]
  0x000002bed5786170 JavaThread "pool-2-thread-1"                   [_thread_blocked, id=9352, stack(0x000000fa86c00000,0x000000fa86d00000) (1024K)]
  0x000002bed5782cf0 JavaThread "WorkspaceEventsHandler"            [_thread_blocked, id=14048, stack(0x000000fa86d00000,0x000000fa86e00000) (1024K)]
  0x000002bed5788240 JavaThread "pool-1-thread-1"                   [_thread_in_Java, id=17560, stack(0x000000fa86e00000,0x000000fa86f00000) (1024K)]
=>0x000002bed57a6f70 JavaThread "C1 CompilerThread1"         daemon [_thread_in_native, id=28392, stack(0x000000fa83f00000,0x000000fa84000000) (1024K)]
  0x000002bed5c31160 JavaThread "C2 CompilerThread1"         daemon [_thread_in_native, id=15996, stack(0x000000fa84000000,0x000000fa84100000) (1024K)]
  0x000002bed75c3480 JavaThread "C1 CompilerThread2"         daemon [_thread_blocked, id=28044, stack(0x000000fa84100000,0x000000fa84200000) (1024K)]
  0x000002bed6400840 JavaThread "C1 CompilerThread3"         daemon [_thread_blocked, id=28580, stack(0x000000fa85a00000,0x000000fa85b00000) (1024K)]
Total: 43

Other Threads:
  0x000002bef11a3a40 VMThread "VM Thread"                           [id=15176, stack(0x000000fa83600000,0x000000fa83700000) (1024K)]
  0x000002bef0f8ca00 WatcherThread "VM Periodic Task Thread"        [id=15144, stack(0x000000fa83500000,0x000000fa83600000) (1024K)]
  0x000002bef11215d0 WorkerThread "GC Thread#0"                     [id=18848, stack(0x000000fa83400000,0x000000fa83500000) (1024K)]
  0x000002bed499b620 WorkerThread "GC Thread#1"                     [id=8144, stack(0x000000fa84600000,0x000000fa84700000) (1024K)]
  0x000002bed42f5d80 WorkerThread "GC Thread#2"                     [id=12408, stack(0x000000fa84700000,0x000000fa84800000) (1024K)]
  0x000002bed41fed60 WorkerThread "GC Thread#3"                     [id=24608, stack(0x000000fa84800000,0x000000fa84900000) (1024K)]
  0x000002bed46e8000 WorkerThread "GC Thread#4"                     [id=18556, stack(0x000000fa84900000,0x000000fa84a00000) (1024K)]
  0x000002bed46e89c0 WorkerThread "GC Thread#5"                     [id=25204, stack(0x000000fa84a00000,0x000000fa84b00000) (1024K)]
  0x000002bed42f8a30 WorkerThread "GC Thread#6"                     [id=3116, stack(0x000000fa84b00000,0x000000fa84c00000) (1024K)]
  0x000002bed464eec0 WorkerThread "GC Thread#7"                     [id=27808, stack(0x000000fa84e00000,0x000000fa84f00000) (1024K)]
  0x000002bed4e54a30 WorkerThread "GC Thread#8"                     [id=15316, stack(0x000000fa85300000,0x000000fa85400000) (1024K)]
  0x000002bed4e55870 WorkerThread "GC Thread#9"                     [id=21496, stack(0x000000fa85400000,0x000000fa85500000) (1024K)]
  0x000002bed5070230 WorkerThread "GC Thread#10"                    [id=8700, stack(0x000000fa85700000,0x000000fa85800000) (1024K)]
  0x000002bed4f8fc00 WorkerThread "GC Thread#11"                    [id=9636, stack(0x000000fa85800000,0x000000fa85900000) (1024K)]
  0x000002bed4f82800 WorkerThread "GC Thread#12"                    [id=10912, stack(0x000000fa85900000,0x000000fa85a00000) (1024K)]
Total: 15

Threads with active compile tasks:
C2 CompilerThread0  14618 3695       4       org.osgi.framework.Version::toString0 (102 bytes)
C1 CompilerThread0  14618 3706       3       com.sun.org.apache.xerces.internal.dom.NodeImpl::isNormalized (55 bytes)
C1 CompilerThread1  14619 3704   !   3       java.lang.Class::getEnumConstantsShared (71 bytes)
C2 CompilerThread1  14619 3727       4       org.eclipse.osgi.internal.loader.ModuleClassLoader::toString (80 bytes)
Total: 4

VM state: not at safepoint (normal execution)

VM Mutex/Monitor currently owned by a thread: None

Heap address: 0x0000000080000000, size: 2048 MB, Compressed Oops mode: 32-bit

CDS archive(s) mapped at: [0x000002be8f000000-0x000002be8fba0000-0x000002be8fba0000), size 12189696, SharedBaseAddress: 0x000002be8f000000, ArchiveRelocationMode: 1.
Compressed class space mapped at: 0x000002be90000000-0x000002bed0000000, reserved size: 1073741824
Narrow klass base: 0x000002be8f000000, Narrow klass shift: 0, Narrow klass range: 0x100000000

GC Precious Log:
 CardTable entry size: 512
 CPUs: 16 total, 16 available
 Memory: 16051M
 Large Page Support: Disabled
 NUMA Support: Disabled
 Compressed Oops: Enabled (32-bit)
 Alignments: Space 512K, Generation 512K, Heap 2M
 Heap Min Capacity: 100M
 Heap Initial Capacity: 100M
 Heap Max Capacity: 2G
 Pre-touch: Disabled
 Parallel Workers: 13

Heap:
 PSYoungGen      total 28160K, used 7693K [0x00000000d5580000, 0x00000000d7600000, 0x0000000100000000)
  eden space 24064K, 15% used [0x00000000d5580000,0x00000000d593a538,0x00000000d6d00000)
  from space 4096K, 94% used [0x00000000d7180000,0x00000000d7548f50,0x00000000d7580000)
  to   space 4608K, 0% used [0x00000000d6d00000,0x00000000d6d00000,0x00000000d7180000)
 ParOldGen       total 68608K, used 10124K [0x0000000080000000, 0x0000000084300000, 0x00000000d5580000)
  object space 68608K, 14% used [0x0000000080000000,0x00000000809e3088,0x0000000084300000)
 Metaspace       used 28723K, committed 29504K, reserved 1114112K
  class space    used 2870K, committed 3200K, reserved 1048576K

Card table byte_map: [0x000002bef0aa0000,0x000002bef0eb0000] _byte_map_base: 0x000002bef06a0000

Marking Bits: (ParMarkBitMap*) 0x00007ffcc2413450
 Begin Bits: [0x000002bef45b0000, 0x000002bef65b0000)
 End Bits:   [0x000002bef65b0000, 0x000002bef85b0000)

Polling page: 0x000002beeef30000

Metaspace:

Usage:
  Non-class:     25.25 MB used.
      Class:      2.80 MB used.
       Both:     28.05 MB used.

Virtual space:
  Non-class space:       64.00 MB reserved,      25.69 MB ( 40%) committed,  1 nodes.
      Class space:        1.00 GB reserved,       3.12 MB ( <1%) committed,  1 nodes.
             Both:        1.06 GB reserved,      28.81 MB (  3%) committed. 

Chunk freelists:
   Non-Class:  5.69 MB
       Class:  12.89 MB
        Both:  18.58 MB

MaxMetaspaceSize: unlimited
CompressedClassSpaceSize: 1.00 GB
Initial GC threshold: 21.00 MB
Current GC threshold: 35.00 MB
CDS: on
 - commit_granule_bytes: 65536.
 - commit_granule_words: 8192.
 - virtual_space_node_default_size: 8388608.
 - enlarge_chunks_in_place: 1.
 - use_allocation_guard: 0.


Internal statistics:

num_allocs_failed_limit: 3.
num_arena_births: 548.
num_arena_deaths: 14.
num_vsnodes_births: 2.
num_vsnodes_deaths: 0.
num_space_committed: 461.
num_space_uncommitted: 0.
num_chunks_returned_to_freelist: 17.
num_chunks_taken_from_freelist: 1639.
num_chunk_merges: 9.
num_chunk_splits: 1078.
num_chunks_enlarged: 698.
num_inconsistent_stats: 0.

CodeHeap 'non-profiled nmethods': size=119168Kb used=1695Kb max_used=1695Kb free=117472Kb
 bounds [0x000002be87ba0000, 0x000002be87e10000, 0x000002be8f000000]
CodeHeap 'profiled nmethods': size=119104Kb used=7403Kb max_used=7403Kb free=111700Kb
 bounds [0x000002be80000000, 0x000002be80740000, 0x000002be87450000]
CodeHeap 'non-nmethods': size=7488Kb used=3031Kb max_used=3057Kb free=4456Kb
 bounds [0x000002be87450000, 0x000002be87750000, 0x000002be87ba0000]
CodeCache: size=245760Kb, used=12129Kb, max_used=12155Kb, free=233628Kb
 total_blobs=4358, nmethods=3721, adapters=540, full_count=0
Compilation: enabled, stopped_count=0, restarted_count=0

Compilation events (20 events):
Event: 14.538 Thread 0x000002bef11bbff0 3691       4       jdk.internal.util.ArraysSupport::mismatch (73 bytes)
Event: 14.538 Thread 0x000002bef9e66710 3692   !   3       com.google.gson.internal.LinkedTreeMap::findByObject (18 bytes)
Event: 14.539 Thread 0x000002bef9e66710 nmethod 3692 0x000002be8072a790 code [0x000002be8072a960, 0x000002be8072ab60]
Event: 14.539 Thread 0x000002bef9e66710 3693       3       com.google.gson.internal.LinkedTreeMap::get (19 bytes)
Event: 14.540 Thread 0x000002bed57a6f70 3694       1       org.eclipse.osgi.storage.BundleInfo::getStorage (5 bytes)
Event: 14.540 Thread 0x000002bed57a6f70 nmethod 3694 0x000002be87d44e10 code [0x000002be87d44fa0, 0x000002be87d45068]
Event: 14.540 Thread 0x000002bef9e66710 nmethod 3693 0x000002be8072ac10 code [0x000002be8072ade0, 0x000002be8072b078]
Event: 14.542 Thread 0x000002bef11bbff0 nmethod 3691 0x000002be87d45110 code [0x000002be87d452a0, 0x000002be87d45470]
Event: 14.554 Thread 0x000002bef11bbff0 3695       4       org.osgi.framework.Version::toString0 (102 bytes)
Event: 14.579 Thread 0x000002bef9e66710 3698       3       jdk.internal.reflect.ReflectionFactory::useMethodHandleAccessor (18 bytes)
Event: 14.579 Thread 0x000002bed57a6f70 3699       3       jdk.internal.reflect.MethodHandleAccessorFactory::useNativeAccessor (74 bytes)
Event: 14.579 Thread 0x000002bef9e66710 nmethod 3698 0x000002be8072b190 code [0x000002be8072b340, 0x000002be8072b4c0]
Event: 14.579 Thread 0x000002bef9e66710 3700       3       java.lang.invoke.MethodType::genericMethodType (6 bytes)
Event: 14.580 Thread 0x000002bef9e66710 nmethod 3700 0x000002be8072b590 code [0x000002be8072b740, 0x000002be8072b860]
Event: 14.580 Thread 0x000002bed5c31160 3701       4       java.lang.String::compareTo (63 bytes)
Event: 14.580 Thread 0x000002bed57a6f70 nmethod 3699 0x000002be8072b910 code [0x000002be8072bb60, 0x000002be8072c380]
Event: 14.580 Thread 0x000002bed57a6f70 3704   !   3       java.lang.Class::getEnumConstantsShared (71 bytes)
Event: 14.581 Thread 0x000002bed5c31160 nmethod 3701 0x000002be87d45610 code [0x000002be87d457a0, 0x000002be87d459d8]
Event: 14.581 Thread 0x000002bed5c31160 3702       4       java.lang.StringLatin1::compareTo (14 bytes)
Event: 14.582 Thread 0x000002bef9e66710 3705       1       com.sun.org.apache.xerces.internal.dom.ElementImpl::getNodeType (2 bytes)

GC Heap History (18 events):
Event: 0.723 GC heap before
{Heap before GC invocations=1 (full 0):
 PSYoungGen      total 29696K, used 25600K [0x00000000d5580000, 0x00000000d7680000, 0x0000000100000000)
  eden space 25600K, 100% used [0x00000000d5580000,0x00000000d6e80000,0x00000000d6e80000)
  from space 4096K, 0% used [0x00000000d7280000,0x00000000d7280000,0x00000000d7680000)
  to   space 4096K, 0% used [0x00000000d6e80000,0x00000000d6e80000,0x00000000d7280000)
 ParOldGen       total 68608K, used 0K [0x0000000080000000, 0x0000000084300000, 0x00000000d5580000)
  object space 68608K, 0% used [0x0000000080000000,0x0000000080000000,0x0000000084300000)
 Metaspace       used 4157K, committed 4416K, reserved 1114112K
  class space    used 453K, committed 576K, reserved 1048576K
}
Event: 0.730 GC heap after
{Heap after GC invocations=1 (full 0):
 PSYoungGen      total 29696K, used 3676K [0x00000000d5580000, 0x00000000d7680000, 0x0000000100000000)
  eden space 25600K, 0% used [0x00000000d5580000,0x00000000d5580000,0x00000000d6e80000)
  from space 4096K, 89% used [0x00000000d6e80000,0x00000000d7217000,0x00000000d7280000)
  to   space 4096K, 0% used [0x00000000d7280000,0x00000000d7280000,0x00000000d7680000)
 ParOldGen       total 68608K, used 16K [0x0000000080000000, 0x0000000084300000, 0x00000000d5580000)
  object space 68608K, 0% used [0x0000000080000000,0x0000000080004000,0x0000000084300000)
 Metaspace       used 4157K, committed 4416K, reserved 1114112K
  class space    used 453K, committed 576K, reserved 1048576K
}
Event: 1.305 GC heap before
{Heap before GC invocations=2 (full 0):
 PSYoungGen      total 29696K, used 29276K [0x00000000d5580000, 0x00000000d7680000, 0x0000000100000000)
  eden space 25600K, 100% used [0x00000000d5580000,0x00000000d6e80000,0x00000000d6e80000)
  from space 4096K, 89% used [0x00000000d6e80000,0x00000000d7217000,0x00000000d7280000)
  to   space 4096K, 0% used [0x00000000d7280000,0x00000000d7280000,0x00000000d7680000)
 ParOldGen       total 68608K, used 16K [0x0000000080000000, 0x0000000084300000, 0x00000000d5580000)
  object space 68608K, 0% used [0x0000000080000000,0x0000000080004000,0x0000000084300000)
 Metaspace       used 7991K, committed 8256K, reserved 1114112K
  class space    used 831K, committed 960K, reserved 1048576K
}
Event: 1.311 GC heap after
{Heap after GC invocations=2 (full 0):
 PSYoungGen      total 29696K, used 4086K [0x00000000d5580000, 0x00000000d7680000, 0x0000000100000000)
  eden space 25600K, 0% used [0x00000000d5580000,0x00000000d5580000,0x00000000d6e80000)
  from space 4096K, 99% used [0x00000000d7280000,0x00000000d767d810,0x00000000d7680000)
  to   space 4096K, 0% used [0x00000000d6e80000,0x00000000d6e80000,0x00000000d7280000)
 ParOldGen       total 68608K, used 1095K [0x0000000080000000, 0x0000000084300000, 0x00000000d5580000)
  object space 68608K, 1% used [0x0000000080000000,0x0000000080111e50,0x0000000084300000)
 Metaspace       used 7991K, committed 8256K, reserved 1114112K
  class space    used 831K, committed 960K, reserved 1048576K
}
Event: 1.788 GC heap before
{Heap before GC invocations=3 (full 0):
 PSYoungGen      total 29696K, used 29686K [0x00000000d5580000, 0x00000000d7680000, 0x0000000100000000)
  eden space 25600K, 100% used [0x00000000d5580000,0x00000000d6e80000,0x00000000d6e80000)
  from space 4096K, 99% used [0x00000000d7280000,0x00000000d767d810,0x00000000d7680000)
  to   space 4096K, 0% used [0x00000000d6e80000,0x00000000d6e80000,0x00000000d7280000)
 ParOldGen       total 68608K, used 1095K [0x0000000080000000, 0x0000000084300000, 0x00000000d5580000)
  object space 68608K, 1% used [0x0000000080000000,0x0000000080111e50,0x0000000084300000)
 Metaspace       used 12783K, committed 13376K, reserved 1114112K
  class space    used 1352K, committed 1600K, reserved 1048576K
}
Event: 1.793 GC heap after
{Heap after GC invocations=3 (full 0):
 PSYoungGen      total 29696K, used 4085K [0x00000000d5580000, 0x00000000d7680000, 0x0000000100000000)
  eden space 25600K, 0% used [0x00000000d5580000,0x00000000d5580000,0x00000000d6e80000)
  from space 4096K, 99% used [0x00000000d6e80000,0x00000000d727d560,0x00000000d7280000)
  to   space 4096K, 0% used [0x00000000d7280000,0x00000000d7280000,0x00000000d7680000)
 ParOldGen       total 68608K, used 2663K [0x0000000080000000, 0x0000000084300000, 0x00000000d5580000)
  object space 68608K, 3% used [0x0000000080000000,0x0000000080299ea0,0x0000000084300000)
 Metaspace       used 12783K, committed 13376K, reserved 1114112K
  class space    used 1352K, committed 1600K, reserved 1048576K
}
Event: 2.164 GC heap before
{Heap before GC invocations=4 (full 0):
 PSYoungGen      total 29696K, used 29457K [0x00000000d5580000, 0x00000000d7680000, 0x0000000100000000)
  eden space 25600K, 99% used [0x00000000d5580000,0x00000000d6e46ef8,0x00000000d6e80000)
  from space 4096K, 99% used [0x00000000d6e80000,0x00000000d727d560,0x00000000d7280000)
  to   space 4096K, 0% used [0x00000000d7280000,0x00000000d7280000,0x00000000d7680000)
 ParOldGen       total 68608K, used 2663K [0x0000000080000000, 0x0000000084300000, 0x00000000d5580000)
  object space 68608K, 3% used [0x0000000080000000,0x0000000080299ea0,0x0000000084300000)
 Metaspace       used 16198K, committed 16832K, reserved 1114112K
  class space    used 1673K, committed 1920K, reserved 1048576K
}
Event: 2.168 GC heap after
{Heap after GC invocations=4 (full 0):
 PSYoungGen      total 29696K, used 4085K [0x00000000d5580000, 0x00000000d7680000, 0x0000000100000000)
  eden space 25600K, 0% used [0x00000000d5580000,0x00000000d5580000,0x00000000d6e80000)
  from space 4096K, 99% used [0x00000000d7280000,0x00000000d767d698,0x00000000d7680000)
  to   space 4096K, 0% used [0x00000000d6e80000,0x00000000d6e80000,0x00000000d7280000)
 ParOldGen       total 68608K, used 5821K [0x0000000080000000, 0x0000000084300000, 0x00000000d5580000)
  object space 68608K, 8% used [0x0000000080000000,0x00000000805af410,0x0000000084300000)
 Metaspace       used 16198K, committed 16832K, reserved 1114112K
  class space    used 1673K, committed 1920K, reserved 1048576K
}
Event: 2.427 GC heap before
{Heap before GC invocations=5 (full 0):
 PSYoungGen      total 29696K, used 29685K [0x00000000d5580000, 0x00000000d7680000, 0x0000000100000000)
  eden space 25600K, 100% used [0x00000000d5580000,0x00000000d6e80000,0x00000000d6e80000)
  from space 4096K, 99% used [0x00000000d7280000,0x00000000d767d698,0x00000000d7680000)
  to   space 4096K, 0% used [0x00000000d6e80000,0x00000000d6e80000,0x00000000d7280000)
 ParOldGen       total 68608K, used 5821K [0x0000000080000000, 0x0000000084300000, 0x00000000d5580000)
  object space 68608K, 8% used [0x0000000080000000,0x00000000805af410,0x0000000084300000)
 Metaspace       used 19520K, committed 20160K, reserved 1114112K
  class space    used 1922K, committed 2176K, reserved 1048576K
}
Event: 2.430 GC heap after
{Heap after GC invocations=5 (full 0):
 PSYoungGen      total 29184K, used 4088K [0x00000000d5580000, 0x00000000d7b00000, 0x0000000100000000)
  eden space 25088K, 0% used [0x00000000d5580000,0x00000000d5580000,0x00000000d6e00000)
  from space 4096K, 99% used [0x00000000d6e80000,0x00000000d727e048,0x00000000d7280000)
  to   space 6656K, 0% used [0x00000000d7480000,0x00000000d7480000,0x00000000d7b00000)
 ParOldGen       total 68608K, used 8020K [0x0000000080000000, 0x0000000084300000, 0x00000000d5580000)
  object space 68608K, 11% used [0x0000000080000000,0x00000000807d5180,0x0000000084300000)
 Metaspace       used 19520K, committed 20160K, reserved 1114112K
  class space    used 1922K, committed 2176K, reserved 1048576K
}
Event: 2.623 GC heap before
{Heap before GC invocations=6 (full 0):
 PSYoungGen      total 29184K, used 24446K [0x00000000d5580000, 0x00000000d7b00000, 0x0000000100000000)
  eden space 25088K, 81% used [0x00000000d5580000,0x00000000d69617f0,0x00000000d6e00000)
  from space 4096K, 99% used [0x00000000d6e80000,0x00000000d727e048,0x00000000d7280000)
  to   space 6656K, 0% used [0x00000000d7480000,0x00000000d7480000,0x00000000d7b00000)
 ParOldGen       total 68608K, used 8020K [0x0000000080000000, 0x0000000084300000, 0x00000000d5580000)
  object space 68608K, 11% used [0x0000000080000000,0x00000000807d5180,0x0000000084300000)
 Metaspace       used 20947K, committed 21504K, reserved 1114112K
  class space    used 2005K, committed 2240K, reserved 1048576K
}
Event: 2.626 GC heap after
{Heap after GC invocations=6 (full 0):
 PSYoungGen      total 31744K, used 6039K [0x00000000d5580000, 0x00000000d7b00000, 0x0000000100000000)
  eden space 25088K, 0% used [0x00000000d5580000,0x00000000d5580000,0x00000000d6e00000)
  from space 6656K, 90% used [0x00000000d7480000,0x00000000d7a65f58,0x00000000d7b00000)
  to   space 6656K, 0% used [0x00000000d6e00000,0x00000000d6e00000,0x00000000d7480000)
 ParOldGen       total 68608K, used 8020K [0x0000000080000000, 0x0000000084300000, 0x00000000d5580000)
  object space 68608K, 11% used [0x0000000080000000,0x00000000807d5180,0x0000000084300000)
 Metaspace       used 20947K, committed 21504K, reserved 1114112K
  class space    used 2005K, committed 2240K, reserved 1048576K
}
Event: 2.626 GC heap before
{Heap before GC invocations=7 (full 1):
 PSYoungGen      total 31744K, used 6039K [0x00000000d5580000, 0x00000000d7b00000, 0x0000000100000000)
  eden space 25088K, 0% used [0x00000000d5580000,0x00000000d5580000,0x00000000d6e00000)
  from space 6656K, 90% used [0x00000000d7480000,0x00000000d7a65f58,0x00000000d7b00000)
  to   space 6656K, 0% used [0x00000000d6e00000,0x00000000d6e00000,0x00000000d7480000)
 ParOldGen       total 68608K, used 8020K [0x0000000080000000, 0x0000000084300000, 0x00000000d5580000)
  object space 68608K, 11% used [0x0000000080000000,0x00000000807d5180,0x0000000084300000)
 Metaspace       used 20947K, committed 21504K, reserved 1114112K
  class space    used 2005K, committed 2240K, reserved 1048576K
}
Event: 2.649 GC heap after
{Heap after GC invocations=7 (full 1):
 PSYoungGen      total 31744K, used 0K [0x00000000d5580000, 0x00000000d7b00000, 0x0000000100000000)
  eden space 25088K, 0% used [0x00000000d5580000,0x00000000d5580000,0x00000000d6e00000)
  from space 6656K, 0% used [0x00000000d7480000,0x00000000d7480000,0x00000000d7b00000)
  to   space 6656K, 0% used [0x00000000d6e00000,0x00000000d6e00000,0x00000000d7480000)
 ParOldGen       total 68608K, used 10108K [0x0000000080000000, 0x0000000084300000, 0x00000000d5580000)
  object space 68608K, 14% used [0x0000000080000000,0x00000000809df088,0x0000000084300000)
 Metaspace       used 20934K, committed 21504K, reserved 1114112K
  class space    used 2002K, committed 2240K, reserved 1048576K
}
Event: 3.374 GC heap before
{Heap before GC invocations=8 (full 1):
 PSYoungGen      total 31744K, used 25088K [0x00000000d5580000, 0x00000000d7b00000, 0x0000000100000000)
  eden space 25088K, 100% used [0x00000000d5580000,0x00000000d6e00000,0x00000000d6e00000)
  from space 6656K, 0% used [0x00000000d7480000,0x00000000d7480000,0x00000000d7b00000)
  to   space 6656K, 0% used [0x00000000d6e00000,0x00000000d6e00000,0x00000000d7480000)
 ParOldGen       total 68608K, used 10108K [0x0000000080000000, 0x0000000084300000, 0x00000000d5580000)
  object space 68608K, 14% used [0x0000000080000000,0x00000000809df088,0x0000000084300000)
 Metaspace       used 25093K, committed 25856K, reserved 1114112K
  class space    used 2441K, committed 2752K, reserved 1048576K
}
Event: 3.378 GC heap after
{Heap after GC invocations=8 (full 1):
 PSYoungGen      total 27648K, used 2684K [0x00000000d5580000, 0x00000000d7580000, 0x0000000100000000)
  eden space 24576K, 0% used [0x00000000d5580000,0x00000000d5580000,0x00000000d6d80000)
  from space 3072K, 87% used [0x00000000d6e00000,0x00000000d709f140,0x00000000d7100000)
  to   space 4096K, 0% used [0x00000000d7180000,0x00000000d7180000,0x00000000d7580000)
 ParOldGen       total 68608K, used 10116K [0x0000000080000000, 0x0000000084300000, 0x00000000d5580000)
  object space 68608K, 14% used [0x0000000080000000,0x00000000809e1088,0x0000000084300000)
 Metaspace       used 25093K, committed 25856K, reserved 1114112K
  class space    used 2441K, committed 2752K, reserved 1048576K
}
Event: 14.547 GC heap before
{Heap before GC invocations=9 (full 1):
 PSYoungGen      total 27648K, used 27260K [0x00000000d5580000, 0x00000000d7580000, 0x0000000100000000)
  eden space 24576K, 100% used [0x00000000d5580000,0x00000000d6d80000,0x00000000d6d80000)
  from space 3072K, 87% used [0x00000000d6e00000,0x00000000d709f140,0x00000000d7100000)
  to   space 4096K, 0% used [0x00000000d7180000,0x00000000d7180000,0x00000000d7580000)
 ParOldGen       total 68608K, used 10116K [0x0000000080000000, 0x0000000084300000, 0x00000000d5580000)
  object space 68608K, 14% used [0x0000000080000000,0x00000000809e1088,0x0000000084300000)
 Metaspace       used 28372K, committed 29120K, reserved 1114112K
  class space    used 2827K, committed 3136K, reserved 1048576K
}
Event: 14.551 GC heap after
{Heap after GC invocations=9 (full 1):
 PSYoungGen      total 28160K, used 3875K [0x00000000d5580000, 0x00000000d7600000, 0x0000000100000000)
  eden space 24064K, 0% used [0x00000000d5580000,0x00000000d5580000,0x00000000d6d00000)
  from space 4096K, 94% used [0x00000000d7180000,0x00000000d7548f50,0x00000000d7580000)
  to   space 4608K, 0% used [0x00000000d6d00000,0x00000000d6d00000,0x00000000d7180000)
 ParOldGen       total 68608K, used 10124K [0x0000000080000000, 0x0000000084300000, 0x00000000d5580000)
  object space 68608K, 14% used [0x0000000080000000,0x00000000809e3088,0x0000000084300000)
 Metaspace       used 28372K, committed 29120K, reserved 1114112K
  class space    used 2827K, committed 3136K, reserved 1048576K
}

Dll operation events (10 events):
Event: 0.011 Loaded shared library c:\Users\danya\.vscode\extensions\redhat.java-1.54.0-win32-x64\jre\21.0.10-win32-x86_64\bin\java.dll
Event: 0.086 Loaded shared library c:\Users\danya\.vscode\extensions\redhat.java-1.54.0-win32-x64\jre\21.0.10-win32-x86_64\bin\zip.dll
Event: 0.110 Loaded shared library C:\Users\danya\.vscode\extensions\redhat.java-1.54.0-win32-x64\jre\21.0.10-win32-x86_64\bin\instrument.dll
Event: 0.115 Loaded shared library C:\Users\danya\.vscode\extensions\redhat.java-1.54.0-win32-x64\jre\21.0.10-win32-x86_64\bin\net.dll
Event: 0.117 Loaded shared library C:\Users\danya\.vscode\extensions\redhat.java-1.54.0-win32-x64\jre\21.0.10-win32-x86_64\bin\nio.dll
Event: 0.120 Loaded shared library C:\Users\danya\.vscode\extensions\redhat.java-1.54.0-win32-x64\jre\21.0.10-win32-x86_64\bin\zip.dll
Event: 0.140 Loaded shared library C:\Users\danya\.vscode\extensions\redhat.java-1.54.0-win32-x64\jre\21.0.10-win32-x86_64\bin\jimage.dll
Event: 0.239 Loaded shared library c:\Users\danya\.vscode\extensions\redhat.java-1.54.0-win32-x64\jre\21.0.10-win32-x86_64\bin\verify.dll
Event: 1.362 Loaded shared library C:\Users\danya\AppData\Roaming\Code\User\globalStorage\redhat.java\1.54.0\config_ss_win\org.eclipse.equinox.launcher\org.eclipse.equinox.launcher.win32.win32.x86_64_1.3.0.v20260203-2149\eclipse_11919.dll
Event: 3.239 Loaded shared library C:\Users\danya\AppData\Local\Temp\jna-95351385\jna9715425578893205952.dll

Deoptimization events (20 events):
Event: 3.673 Thread 0x000002bef1103e70 Uncommon trap: trap_request=0xffffff45 fr.pc=0x000002be87bdd7c8 relative=0x00000000000000a8
Event: 3.673 Thread 0x000002bef1103e70 Uncommon trap: reason=unstable_if action=reinterpret pc=0x000002be87bdd7c8 method=java.lang.CharacterDataLatin1.digit(II)I @ 7 c2
Event: 3.673 Thread 0x000002bef1103e70 DEOPT PACKING pc=0x000002be87bdd7c8 sp=0x000000fa833fe1f0
Event: 3.673 Thread 0x000002bef1103e70 DEOPT UNPACKING pc=0x000002be874a3aa2 sp=0x000000fa833fe170 mode 2
Event: 3.676 Thread 0x000002bef1103e70 Uncommon trap: trap_request=0xffffffc6 fr.pc=0x000002be87d05704 relative=0x0000000000000aa4
Event: 3.676 Thread 0x000002bef1103e70 Uncommon trap: reason=bimorphic_or_optimized_type_check action=maybe_recompile pc=0x000002be87d05704 method=java.util.TreeMap.put(Ljava/lang/Object;Ljava/lang/Object;Z)Ljava/lang/Object; @ 42 c2
Event: 3.676 Thread 0x000002bef1103e70 DEOPT PACKING pc=0x000002be87d05704 sp=0x000000fa833fdef0
Event: 3.676 Thread 0x000002bef1103e70 DEOPT UNPACKING pc=0x000002be874a3aa2 sp=0x000000fa833fde90 mode 2
Event: 3.677 Thread 0x000002bef1103e70 Uncommon trap: trap_request=0xffffffc6 fr.pc=0x000002be87d05704 relative=0x0000000000000aa4
Event: 3.677 Thread 0x000002bef1103e70 Uncommon trap: reason=bimorphic_or_optimized_type_check action=maybe_recompile pc=0x000002be87d05704 method=java.util.TreeMap.put(Ljava/lang/Object;Ljava/lang/Object;Z)Ljava/lang/Object; @ 42 c2
Event: 3.677 Thread 0x000002bef1103e70 DEOPT PACKING pc=0x000002be87d05704 sp=0x000000fa833fdef0
Event: 3.677 Thread 0x000002bef1103e70 DEOPT UNPACKING pc=0x000002be874a3aa2 sp=0x000000fa833fde90 mode 2
Event: 3.715 Thread 0x000002bef1103e70 Uncommon trap: trap_request=0xffffff45 fr.pc=0x000002be87bd5ac4 relative=0x00000000000002a4
Event: 3.715 Thread 0x000002bef1103e70 Uncommon trap: reason=unstable_if action=reinterpret pc=0x000002be87bd5ac4 method=java.util.HashMap$HashIterator.<init>(Ljava/util/HashMap;)V @ 45 c2
Event: 3.715 Thread 0x000002bef1103e70 DEOPT PACKING pc=0x000002be87bd5ac4 sp=0x000000fa833fe380
Event: 3.715 Thread 0x000002bef1103e70 DEOPT UNPACKING pc=0x000002be874a3aa2 sp=0x000000fa833fe318 mode 2
Event: 14.479 Thread 0x000002bed5788240 Uncommon trap: trap_request=0xffffff45 fr.pc=0x000002be87cdf9e8 relative=0x0000000000000ae8
Event: 14.479 Thread 0x000002bed5788240 Uncommon trap: reason=unstable_if action=reinterpret pc=0x000002be87cdf9e8 method=java.util.concurrent.ConcurrentHashMap.transfer([Ljava/util/concurrent/ConcurrentHashMap$Node;[Ljava/util/concurrent/ConcurrentHashMap$Node;)V @ 26 c2
Event: 14.479 Thread 0x000002bed5788240 DEOPT PACKING pc=0x000002be87cdf9e8 sp=0x000000fa86efddc0
Event: 14.479 Thread 0x000002bed5788240 DEOPT UNPACKING pc=0x000002be874a3aa2 sp=0x000000fa86efdd30 mode 2

Classes loaded (20 events):
Event: 3.676 Loading class sun/util/locale/provider/CalendarNameProviderImpl$LengthBasedComparator
Event: 3.676 Loading class sun/util/locale/provider/CalendarNameProviderImpl$LengthBasedComparator done
Event: 3.709 Loading class java/io/PrintWriter$1
Event: 3.710 Loading class jdk/internal/access/JavaIOPrintWriterAccess
Event: 3.710 Loading class jdk/internal/access/JavaIOPrintWriterAccess done
Event: 3.710 Loading class java/io/PrintWriter$1 done
Event: 3.712 Loading class java/time/format/DateTimeParseContext
Event: 3.712 Loading class java/time/format/DateTimeParseContext done
Event: 3.712 Loading class java/time/format/Parsed
Event: 3.713 Loading class java/time/format/Parsed done
Event: 3.715 Loading class java/time/temporal/TemporalAdjusters
Event: 3.715 Loading class java/time/temporal/TemporalAdjusters done
Event: 14.392 Loading class sun/reflect/generics/repository/FieldRepository
Event: 14.393 Loading class sun/reflect/generics/repository/FieldRepository done
Event: 14.402 Loading class jdk/internal/reflect/MethodHandleIntegerFieldAccessorImpl
Event: 14.402 Loading class jdk/internal/reflect/MethodHandleIntegerFieldAccessorImpl done
Event: 14.487 Loading class java/io/InvalidObjectException
Event: 14.487 Loading class java/io/ObjectStreamException
Event: 14.487 Loading class java/io/ObjectStreamException done
Event: 14.487 Loading class java/io/InvalidObjectException done

Classes unloaded (7 events):
Event: 2.631 Thread 0x000002bef11a3a40 Unloading class 0x000002be9018cc00 'java/lang/invoke/LambdaForm$MH+0x000002be9018cc00'
Event: 2.631 Thread 0x000002bef11a3a40 Unloading class 0x000002be9018c800 'java/lang/invoke/LambdaForm$MH+0x000002be9018c800'
Event: 2.631 Thread 0x000002bef11a3a40 Unloading class 0x000002be9018c400 'java/lang/invoke/LambdaForm$MH+0x000002be9018c400'
Event: 2.631 Thread 0x000002bef11a3a40 Unloading class 0x000002be9018c000 'java/lang/invoke/LambdaForm$MH+0x000002be9018c000'
Event: 2.631 Thread 0x000002bef11a3a40 Unloading class 0x000002be9018bc00 'java/lang/invoke/LambdaForm$BMH+0x000002be9018bc00'
Event: 2.631 Thread 0x000002bef11a3a40 Unloading class 0x000002be9018b800 'java/lang/invoke/LambdaForm$DMH+0x000002be9018b800'
Event: 2.631 Thread 0x000002bef11a3a40 Unloading class 0x000002be9018a400 'java/lang/invoke/LambdaForm$DMH+0x000002be9018a400'

Classes redefined (0 events):
No events

Internal exceptions (20 events):
Event: 3.318 Thread 0x000002bed4d4a8e0 Exception <a 'java/lang/NoSuchMethodError'{0x00000000d6ab2970}: 'void java.lang.invoke.DirectMethodHandle$Holder.invokeSpecial(java.lang.Object, java.lang.Object, java.lang.Object, int)'> (0x00000000d6ab2970) 
thrown [s\src\hotspot\share\interpreter\linkResolver.cpp, line 773]
Event: 3.318 Thread 0x000002bed4d4a8e0 Exception <a 'java/lang/NoSuchMethodError'{0x00000000d6ab6040}: 'void java.lang.invoke.DelegatingMethodHandle$Holder.reinvoke_L(java.lang.Object, java.lang.Object, int)'> (0x00000000d6ab6040) 
thrown [s\src\hotspot\share\interpreter\linkResolver.cpp, line 773]
Event: 3.319 Thread 0x000002bed4d4a8e0 Exception <a 'java/lang/NoSuchMethodError'{0x00000000d6abc9d8}: 'int java.lang.invoke.Invokers$Holder.invokeExact_MT(java.lang.Object, java.lang.Object, java.lang.Object)'> (0x00000000d6abc9d8) 
thrown [s\src\hotspot\share\interpreter\linkResolver.cpp, line 773]
Event: 3.323 Thread 0x000002bed4d4a8e0 Exception <a 'java/lang/UnsatisfiedLinkError'{0x00000000d6ad0390}: The specified procedure could not be found.
> (0x00000000d6ad0390) 
thrown [s\src\hotspot\share\prims\jni.cpp, line 539]
Event: 3.332 Thread 0x000002bed4d4a8e0 Exception <a 'java/lang/NoSuchMethodError'{0x00000000d6adc5c8}: 'void java.lang.invoke.Invokers$Holder.invokeExact_MT(java.lang.Object, java.lang.Object, int, java.lang.Object)'> (0x00000000d6adc5c8) 
thrown [s\src\hotspot\share\interpreter\linkResolver.cpp, line 773]
Event: 3.380 Thread 0x000002bef1103e70 Exception <a 'java/lang/NoSuchMethodError'{0x00000000d55a9990}: 'java.lang.Object java.lang.invoke.DirectMethodHandle$Holder.invokeStatic(java.lang.Object, long, java.lang.Object)'> (0x00000000d55a9990) 
thrown [s\src\hotspot\share\interpreter\linkResolver.cpp, line 773]
Event: 3.380 Thread 0x000002bef1103e70 Exception <a 'java/lang/NoSuchMethodError'{0x00000000d55acff8}: 'java.lang.Object java.lang.invoke.DirectMethodHandle$Holder.invokeStaticInit(java.lang.Object, long, java.lang.Object)'> (0x00000000d55acff8) 
thrown [s\src\hotspot\share\interpreter\linkResolver.cpp, line 773]
Event: 3.381 Thread 0x000002bef1103e70 Exception <a 'java/lang/NoSuchMethodError'{0x00000000d55c5ba0}: 'java.lang.Object java.lang.invoke.DirectMethodHandle$Holder.newInvokeSpecial(java.lang.Object, long)'> (0x00000000d55c5ba0) 
thrown [s\src\hotspot\share\interpreter\linkResolver.cpp, line 773]
Event: 3.415 Thread 0x000002bed4dff410 Exception <a 'java/io/FileNotFoundException'{0x00000000d58d7e30}> (0x00000000d58d7e30) 
thrown [s\src\hotspot\share\prims\jni.cpp, line 520]
Event: 3.415 Thread 0x000002bed4dff410 Exception <a 'java/io/FileNotFoundException'{0x00000000d58d93e0}> (0x00000000d58d93e0) 
thrown [s\src\hotspot\share\prims\jni.cpp, line 520]
Event: 3.417 Thread 0x000002bed4dff410 Exception <a 'java/lang/NoSuchMethodError'{0x00000000d58e76c8}: 'java.lang.Object java.lang.invoke.DirectMethodHandle$Holder.newInvokeSpecial(java.lang.Object, java.lang.Object, java.lang.Object, int)'> (0x00000000d58e76c8) 
thrown [s\src\hotspot\share\interpreter\linkResolver.cpp, line 773]
Event: 3.417 Thread 0x000002bed4dff410 Exception <a 'java/lang/NoSuchMethodError'{0x00000000d58eb2a0}: 'java.lang.Object java.lang.invoke.DirectMethodHandle$Holder.invokeSpecial(java.lang.Object, java.lang.Object, java.lang.Object, java.lang.Object, int)'> (0x00000000d58eb2a0) 
thrown [s\src\hotspot\share\interpreter\linkResolver.cpp, line 773]
Event: 3.418 Thread 0x000002bed4dff410 Exception <a 'java/lang/NoSuchMethodError'{0x00000000d58ee988}: 'java.lang.Object java.lang.invoke.Invokers$Holder.linkToTargetMethod(java.lang.Object, java.lang.Object, int, java.lang.Object)'> (0x00000000d58ee988) 
thrown [s\src\hotspot\share\interpreter\linkResolver.cpp, line 773]
Event: 3.420 Thread 0x000002bed4dff410 Exception <a 'java/lang/NoSuchMethodError'{0x00000000d58fa280}: 'void java.lang.invoke.DirectMethodHandle$Holder.invokeStaticInit(java.lang.Object, java.lang.Object, java.lang.Object)'> (0x00000000d58fa280) 
thrown [s\src\hotspot\share\interpreter\linkResolver.cpp, line 773]
Event: 3.645 Thread 0x000002bef1103e70 Exception <a 'java/lang/NoSuchMethodError'{0x00000000d63796e8}: 'void java.lang.invoke.DirectMethodHandle$Holder.invokeSpecial(java.lang.Object, java.lang.Object, java.lang.Object, java.lang.Object, java.lang.Object, java.lang.Object)'> (0x00000000d63796e8) 
thrown [s\src\hotspot\share\interpreter\linkResolver.cpp, line 773]
Event: 3.646 Thread 0x000002bef1103e70 Exception <a 'java/lang/IncompatibleClassChangeError'{0x00000000d6381828}: Found class java.lang.Object, but interface was expected> (0x00000000d6381828) 
thrown [s\src\hotspot\share\interpreter\linkResolver.cpp, line 840]
Event: 3.647 Thread 0x000002bef1103e70 Exception <a 'java/lang/IncompatibleClassChangeError'{0x00000000d63835d8}: Found class java.lang.Object, but interface was expected> (0x00000000d63835d8) 
thrown [s\src\hotspot\share\interpreter\linkResolver.cpp, line 840]
Event: 3.716 Thread 0x000002bef1103e70 Exception <a 'java/lang/NoSuchMethodError'{0x00000000d64e3b08}: 'java.lang.Object java.lang.invoke.DirectMethodHandle$Holder.invokeStatic(java.lang.Object, int, java.lang.Object)'> (0x00000000d64e3b08) 
thrown [s\src\hotspot\share\interpreter\linkResolver.cpp, line 773]
Event: 14.508 Thread 0x000002bed5788240 Exception <a 'java/lang/NoSuchMethodError'{0x00000000d69e6370}: 'java.lang.Object java.lang.invoke.DirectMethodHandle$Holder.invokeInterface(java.lang.Object, java.lang.Object, java.lang.Object)'> (0x00000000d69e6370) 
thrown [s\src\hotspot\share\interpreter\linkResolver.cpp, line 773]
Event: 14.538 Thread 0x000002bed5788240 Exception <a 'java/io/FileNotFoundException'{0x00000000d6a8db30}> (0x00000000d6a8db30) 
thrown [s\src\hotspot\share\prims\jni.cpp, line 520]

ZGC Phase Switch (0 events):
No events

VM Operations (20 events):
Event: 2.792 Executing non-safepoint VM operation: HandshakeAllThreads (Deoptimize)
Event: 2.792 Executing non-safepoint VM operation: HandshakeAllThreads (Deoptimize) done
Event: 2.907 Executing non-safepoint VM operation: HandshakeAllThreads (Deoptimize)
Event: 2.907 Executing non-safepoint VM operation: HandshakeAllThreads (Deoptimize) done
Event: 2.938 Executing non-safepoint VM operation: HandshakeAllThreads (Deoptimize)
Event: 2.938 Executing non-safepoint VM operation: HandshakeAllThreads (Deoptimize) done
Event: 3.261 Executing non-safepoint VM operation: HandshakeAllThreads (Deoptimize)
Event: 3.261 Executing non-safepoint VM operation: HandshakeAllThreads (Deoptimize) done
Event: 3.374 Executing safepoint VM operation: ParallelGCFailedAllocation (Allocation Failure)
Event: 3.378 Executing safepoint VM operation: ParallelGCFailedAllocation (Allocation Failure) done
Event: 4.379 Executing safepoint VM operation: Cleanup
Event: 4.379 Executing safepoint VM operation: Cleanup done
Event: 7.406 Executing safepoint VM operation: Cleanup
Event: 7.406 Executing safepoint VM operation: Cleanup done
Event: 14.469 Executing safepoint VM operation: Cleanup
Event: 14.470 Executing safepoint VM operation: Cleanup done
Event: 14.521 Executing non-safepoint VM operation: HandshakeAllThreads (Deoptimize)
Event: 14.521 Executing non-safepoint VM operation: HandshakeAllThreads (Deoptimize) done
Event: 14.547 Executing safepoint VM operation: ParallelGCFailedAllocation (Allocation Failure)
Event: 14.551 Executing safepoint VM operation: ParallelGCFailedAllocation (Allocation Failure) done

Memory protections (0 events):
No events

Nmethod flushes (0 events):
No events

Events (20 events):
Event: 3.393 Thread 0x000002bef1103e70 Thread added: 0x000002bed5a82850
Event: 3.393 Thread 0x000002bef1103e70 Thread added: 0x000002bed5a83570
Event: 3.394 Thread 0x000002bef1103e70 Thread added: 0x000002bed5784dc0
Event: 3.394 Thread 0x000002bef1103e70 Thread added: 0x000002bed5782660
Event: 3.394 Thread 0x000002bef1103e70 Thread added: 0x000002bed5783a10
Event: 3.394 Thread 0x000002bef1103e70 Thread added: 0x000002bed57840a0
Event: 3.394 Thread 0x000002bef1103e70 Thread added: 0x000002bed5785450
Event: 3.394 Thread 0x000002bef1103e70 Thread added: 0x000002bed5784730
Event: 3.394 Thread 0x000002bef1103e70 Thread added: 0x000002bed5781fd0
Event: 3.394 Thread 0x000002bef1103e70 Thread added: 0x000002bed5783380
Event: 3.394 Thread 0x000002bef1103e70 Thread added: 0x000002bed5785ae0
Event: 3.427 Thread 0x000002bef1103e70 Thread added: 0x000002bed5786170
Event: 3.669 Thread 0x000002bef1103e70 Thread added: 0x000002bed5782cf0
Event: 3.670 Thread 0x000002bef1103e70 Thread added: 0x000002bed5788240
Event: 8.760 Thread 0x000002bef9f67d60 Thread exited: 0x000002bef9f67d60
Event: 8.760 Thread 0x000002bef9f66b00 Thread exited: 0x000002bef9f66b00
Event: 8.760 Thread 0x000002bed4641320 Thread exited: 0x000002bed4641320
Event: 13.767 Thread 0x000002bef9f30230 Thread exited: 0x000002bef9f30230
Event: 14.527 Thread 0x000002bef9e66710 Thread added: 0x000002bed57a6f70
Event: 14.579 Thread 0x000002bef9e66710 Thread added: 0x000002bed5c31160


Dynamic libraries:
0x00007ff6c1880000 - 0x00007ff6c188e000 	c:\Users\danya\.vscode\extensions\redhat.java-1.54.0-win32-x64\jre\21.0.10-win32-x86_64\bin\java.exe
0x00007ffdaeae0000 - 0x00007ffdaed47000 	C:\WINDOWS\SYSTEM32\ntdll.dll
0x00007ffdade80000 - 0x00007ffdadf49000 	C:\WINDOWS\System32\KERNEL32.DLL
0x00007ffdabef0000 - 0x00007ffdac2e7000 	C:\WINDOWS\System32\KERNELBASE.dll
0x00007ffdac3b0000 - 0x00007ffdac4fb000 	C:\WINDOWS\System32\ucrtbase.dll
0x00007ffd7ff60000 - 0x00007ffd7ff7e000 	c:\Users\danya\.vscode\extensions\redhat.java-1.54.0-win32-x64\jre\21.0.10-win32-x86_64\bin\VCRUNTIME140.dll
0x00007ffd7ff40000 - 0x00007ffd7ff58000 	c:\Users\danya\.vscode\extensions\redhat.java-1.54.0-win32-x64\jre\21.0.10-win32-x86_64\bin\jli.dll
0x00007ffdae2c0000 - 0x00007ffdae486000 	C:\WINDOWS\System32\USER32.dll
0x00007ffd893d0000 - 0x00007ffd89662000 	C:\WINDOWS\WinSxS\amd64_microsoft.windows.common-controls_6595b64144ccf1df_6.0.26100.8328_none_3e08182ce334b678\COMCTL32.dll
0x00007ffdab510000 - 0x00007ffdab537000 	C:\WINDOWS\System32\win32u.dll
0x00007ffdade50000 - 0x00007ffdade7b000 	C:\WINDOWS\System32\GDI32.dll
0x00007ffdaccc0000 - 0x00007ffdacd69000 	C:\WINDOWS\System32\msvcrt.dll
0x00007ffdac5b0000 - 0x00007ffdac6dc000 	C:\WINDOWS\System32\gdi32full.dll
0x00007ffdac500000 - 0x00007ffdac5a3000 	C:\WINDOWS\System32\msvcp_win.dll
0x00007ffdade10000 - 0x00007ffdade42000 	C:\WINDOWS\System32\IMM32.DLL
0x00007ffda66d0000 - 0x00007ffda66dc000 	c:\Users\danya\.vscode\extensions\redhat.java-1.54.0-win32-x64\jre\21.0.10-win32-x86_64\bin\vcruntime140_1.dll
0x00007ffd3ac10000 - 0x00007ffd3ac9d000 	c:\Users\danya\.vscode\extensions\redhat.java-1.54.0-win32-x64\jre\21.0.10-win32-x86_64\bin\msvcp140.dll
0x00007ffcc1750000 - 0x00007ffcc24f1000 	c:\Users\danya\.vscode\extensions\redhat.java-1.54.0-win32-x64\jre\21.0.10-win32-x86_64\bin\server\jvm.dll
0x00007ffdae0d0000 - 0x00007ffdae186000 	C:\WINDOWS\System32\ADVAPI32.dll
0x00007ffdae490000 - 0x00007ffdae537000 	C:\WINDOWS\System32\sechost.dll
0x00007ffdac8d0000 - 0x00007ffdac9e8000 	C:\WINDOWS\System32\RPCRT4.dll
0x00007ffdae230000 - 0x00007ffdae2b0000 	C:\WINDOWS\System32\WS2_32.dll
0x00007ffdaacf0000 - 0x00007ffdaad4e000 	C:\WINDOWS\SYSTEM32\POWRPROF.dll
0x00007ffda0a30000 - 0x00007ffda0a3b000 	C:\WINDOWS\SYSTEM32\VERSION.dll
0x00007ffd96270000 - 0x00007ffd962a6000 	C:\WINDOWS\SYSTEM32\WINMM.dll
0x00007ffdaacd0000 - 0x00007ffdaace4000 	C:\WINDOWS\SYSTEM32\UMPDC.dll
0x00007ffdaa2a0000 - 0x00007ffdaa2bb000 	C:\WINDOWS\SYSTEM32\kernel.appcore.dll
0x00007ffd92920000 - 0x00007ffd9292a000 	c:\Users\danya\.vscode\extensions\redhat.java-1.54.0-win32-x64\jre\21.0.10-win32-x86_64\bin\jimage.dll
0x00007ffda9390000 - 0x00007ffda95d2000 	C:\WINDOWS\SYSTEM32\DBGHELP.DLL
0x00007ffdad300000 - 0x00007ffdad683000 	C:\WINDOWS\System32\combase.dll
0x00007ffdad220000 - 0x00007ffdad2f9000 	C:\WINDOWS\System32\OLEAUT32.dll
0x00007ffd84a90000 - 0x00007ffd84acb000 	C:\WINDOWS\SYSTEM32\dbgcore.DLL
0x00007ffdabe40000 - 0x00007ffdabee8000 	C:\WINDOWS\System32\bcryptPrimitives.dll
0x00007ffda6800000 - 0x00007ffda680f000 	c:\Users\danya\.vscode\extensions\redhat.java-1.54.0-win32-x64\jre\21.0.10-win32-x86_64\bin\instrument.dll
0x00007ffd7ff20000 - 0x00007ffd7ff40000 	c:\Users\danya\.vscode\extensions\redhat.java-1.54.0-win32-x64\jre\21.0.10-win32-x86_64\bin\java.dll
0x00007ffdad690000 - 0x00007ffdaddfe000 	C:\WINDOWS\System32\SHELL32.dll
0x00007ffdab5d0000 - 0x00007ffdabe3c000 	C:\WINDOWS\System32\windows.storage.dll
0x00007ffdaca20000 - 0x00007ffdacb16000 	C:\WINDOWS\System32\SHCORE.dll
0x00007ffdac860000 - 0x00007ffdac8c6000 	C:\WINDOWS\System32\shlwapi.dll
0x00007ffdab430000 - 0x00007ffdab459000 	C:\WINDOWS\SYSTEM32\profapi.dll
0x00007ffd6c540000 - 0x00007ffd6c558000 	c:\Users\danya\.vscode\extensions\redhat.java-1.54.0-win32-x64\jre\21.0.10-win32-x86_64\bin\zip.dll
0x00007ffd80f60000 - 0x00007ffd80f70000 	C:\Users\danya\.vscode\extensions\redhat.java-1.54.0-win32-x64\jre\21.0.10-win32-x86_64\bin\net.dll
0x00007ffda2140000 - 0x00007ffda2269000 	C:\WINDOWS\SYSTEM32\WINHTTP.dll
0x00007ffdaa810000 - 0x00007ffdaa87c000 	C:\WINDOWS\system32\mswsock.dll
0x00007ffd6b650000 - 0x00007ffd6b666000 	C:\Users\danya\.vscode\extensions\redhat.java-1.54.0-win32-x64\jre\21.0.10-win32-x86_64\bin\nio.dll
0x00007ffd9e820000 - 0x00007ffd9e830000 	c:\Users\danya\.vscode\extensions\redhat.java-1.54.0-win32-x64\jre\21.0.10-win32-x86_64\bin\verify.dll
0x00007ffd6e550000 - 0x00007ffd6e595000 	C:\Users\danya\AppData\Roaming\Code\User\globalStorage\redhat.java\1.54.0\config_ss_win\org.eclipse.equinox.launcher\org.eclipse.equinox.launcher.win32.win32.x86_64_1.3.0.v20260203-2149\eclipse_11919.dll
0x00007ffdacb20000 - 0x00007ffdaccb7000 	C:\WINDOWS\System32\ole32.dll
0x00007ffdaaaf0000 - 0x00007ffdaab0b000 	C:\WINDOWS\SYSTEM32\CRYPTSP.dll
0x00007ffdaa200000 - 0x00007ffdaa239000 	C:\WINDOWS\system32\rsaenh.dll
0x00007ffdaa8c0000 - 0x00007ffdaa8f3000 	C:\WINDOWS\SYSTEM32\USERENV.dll
0x00007ffdab400000 - 0x00007ffdab42a000 	C:\WINDOWS\SYSTEM32\bcrypt.dll
0x00007ffdaab10000 - 0x00007ffdaab1c000 	C:\WINDOWS\SYSTEM32\CRYPTBASE.dll
0x00007ffda9cb0000 - 0x00007ffda9ce2000 	C:\WINDOWS\SYSTEM32\IPHLPAPI.DLL
0x00007ffdae220000 - 0x00007ffdae22a000 	C:\WINDOWS\System32\NSI.dll
0x00007ffd631b0000 - 0x00007ffd631f9000 	C:\Users\danya\AppData\Local\Temp\jna-95351385\jna9715425578893205952.dll
0x00007ffdacd80000 - 0x00007ffdacd88000 	C:\WINDOWS\System32\PSAPI.DLL
0x00007ffda4e40000 - 0x00007ffda4e5d000 	C:\WINDOWS\SYSTEM32\dhcpcsvc6.DLL
0x00007ffda4e10000 - 0x00007ffda4e35000 	C:\WINDOWS\SYSTEM32\dhcpcsvc.DLL

JVMTI agents:
c:\Users\danya\.vscode\extensions\redhat.java-1.54.0-win32-x64\lombok\lombok-1.18.39-4050.jar path:c:\Users\danya\.vscode\extensions\redhat.java-1.54.0-win32-x64\jre\21.0.10-win32-x86_64\bin\instrument.dll, loaded, initialized, instrumentlib options:none

dbghelp: loaded successfully - version: 4.0.5 - missing functions: none
symbol engine: initialized successfully - sym options: 0x614 - pdb path: .;c:\Users\danya\.vscode\extensions\redhat.java-1.54.0-win32-x64\jre\21.0.10-win32-x86_64\bin;C:\WINDOWS\SYSTEM32;C:\WINDOWS\WinSxS\amd64_microsoft.windows.common-controls_6595b64144ccf1df_6.0.26100.8328_none_3e08182ce334b678;c:\Users\danya\.vscode\extensions\redhat.java-1.54.0-win32-x64\jre\21.0.10-win32-x86_64\bin\server;C:\Users\danya\AppData\Roaming\Code\User\globalStorage\redhat.java\1.54.0\config_ss_win\org.eclipse.equinox.launcher\org.eclipse.equinox.launcher.win32.win32.x86_64_1.3.0.v20260203-2149;C:\Users\danya\AppData\Local\Temp\jna-95351385

VM Arguments:
jvm_args: --add-modules=ALL-SYSTEM --add-opens=java.base/java.util=ALL-UNNAMED --add-opens=java.base/java.lang=ALL-UNNAMED --add-opens=java.base/sun.nio.fs=ALL-UNNAMED -Declipse.application=org.eclipse.jdt.ls.core.id1 -Dosgi.bundles.defaultStartLevel=4 -Declipse.product=org.eclipse.jdt.ls.core.product -Djava.import.generatesMetadataFilesAtProjectRoot=false -DDetectVMInstallationsJob.disabled=true -Dfile.encoding=utf8 -XX:+UseParallelGC -XX:GCTimeRatio=4 -XX:AdaptiveSizePolicyWeight=90 -Dsun.zip.disableMemoryMapping=true -Xmx2G -Xms100m -Xlog:disable -javaagent:c:\Users\danya\.vscode\extensions\redhat.java-1.54.0-win32-x64\lombok\lombok-1.18.39-4050.jar 
java_command: c:\Users\danya\.vscode\extensions\redhat.java-1.54.0-win32-x64\server\plugins\org.eclipse.equinox.launcher_1.7.100.v20251111-0406.jar -configuration c:\Users\danya\AppData\Roaming\Code\User\globalStorage\redhat.java\1.54.0\config_ss_win -data c:\Users\danya\AppData\Roaming\Code\User\workspaceStorage\96c0adba8a3645ba40e7d75efb52f981\redhat.java\ss_ws --pipe=\\.\pipe\lsp-9c68f0a4adf224df90659763477ef37b-sock
java_class_path (initial): c:\Users\danya\.vscode\extensions\redhat.java-1.54.0-win32-x64\server\plugins\org.eclipse.equinox.launcher_1.7.100.v20251111-0406.jar
Launcher Type: SUN_STANDARD

[Global flags]
    uintx AdaptiveSizePolicyWeight                 = 90                                        {product} {command line}
     intx CICompilerCount                          = 12                                        {product} {ergonomic}
    uintx GCTimeRatio                              = 4                                         {product} {command line}
   size_t InitialHeapSize                          = 104857600                                 {product} {command line}
   size_t MaxHeapSize                              = 2147483648                                {product} {command line}
   size_t MaxNewSize                               = 715653120                                 {product} {ergonomic}
   size_t MinHeapDeltaBytes                        = 524288                                    {product} {ergonomic}
   size_t MinHeapSize                              = 104857600                                 {product} {command line}
   size_t NewSize                                  = 34603008                                  {product} {ergonomic}
    uintx NonNMethodCodeHeapSize                   = 7602480                                {pd product} {ergonomic}
    uintx NonProfiledCodeHeapSize                  = 122027880                              {pd product} {ergonomic}
   size_t OldSize                                  = 70254592                                  {product} {ergonomic}
    uintx ProfiledCodeHeapSize                     = 122027880                              {pd product} {ergonomic}
    uintx ReservedCodeCacheSize                    = 251658240                              {pd product} {ergonomic}
     bool SegmentedCodeCache                       = true                                      {product} {ergonomic}
   size_t SoftMaxHeapSize                          = 2147483648                             {manageable} {ergonomic}
     bool UseCompressedOops                        = true                           {product lp64_product} {ergonomic}
     bool UseLargePagesIndividualAllocation        = false                                  {pd product} {ergonomic}
     bool UseParallelGC                            = true                                      {product} {command line}

Logging:
Log output configuration:
 #0: stdout all=off uptime,level,tags foldmultilines=false
 #1: stderr all=off uptime,level,tags foldmultilines=false

Release file:
JAVA_VERSION="21.0.10" 
MODULES="java.base java.compiler java.datatransfer java.xml java.prefs java.desktop java.instrument java.logging java.management java.security.sasl java.naming java.rmi java.management.rmi java.net.http java.scripting java.security.jgss java.transaction.xa java.sql java.sql.rowset java.xml.crypto java.se java.smartcardio jdk.accessibility jdk.internal.jvmstat jdk.attach jdk.charsets jdk.internal.opt jdk.zipfs jdk.compiler jdk.crypto.ec jdk.crypto.cryptoki jdk.crypto.mscapi jdk.dynalink jdk.internal.ed jdk.editpad jdk.hotspot.agent jdk.httpserver jdk.internal.le jdk.internal.vm.ci jdk.internal.vm.compiler jdk.internal.vm.compiler.management jdk.jartool jdk.javadoc jdk.jcmd jdk.management jdk.management.agent jdk.jconsole jdk.jdeps jdk.jdwp.agent jdk.jdi jdk.jfr jdk.jshell jdk.jsobject jdk.jstatd jdk.localedata jdk.management.jfr jdk.naming.dns jdk.naming.rmi jdk.net jdk.nio.mapmode jdk.random jdk.sctp jdk.security.auth jdk.security.jgss jdk.unsupported jdk.unsupported.desktop jdk.xml.dom" 

Environment Variables:
JAVA_HOME=C:\Program Files\Java\jdk-23
PATH=C:\Users\danya\AppData\Local\Programs\Microsoft VS Code;C:\Program Files\Common Files\Oracle\Java\javapath;C:\windows\system32;C:\windows;C:\windows\System32\Wbem;C:\windows\System32\WindowsPowerShell\v1.0\;C:\windows\System32\OpenSSH\;C:\Program Files (x86)\NVIDIA Corporation\PhysX\Common;C:\Program Files\NVIDIA Corporation\NVIDIA NvDLISR;C:\WINDOWS\system32;C:\WINDOWS;C:\WINDOWS\System32\Wbem;C:\WINDOWS\System32\WindowsPowerShell\v1.0\;C:\WINDOWS\System32\OpenSSH\;C:\msys64\mingw64\bin;C:\Program Files\Git\cmd;C:\Program Files\Java\jdk-23\bin;D:\;c:\Users\danya\AppData\Local\Programs\cursor\resources\app\bin;C:\Program Files (x86)\Microsoft SQL Server\160\Tools\Binn\;C:\Program Files\Microsoft SQL Server\160\Tools\Binn\;C:\Program Files\Microsoft SQL Server\Client SDK\ODBC\170\Tools\Binn\;C:\Program Files\Microsoft SQL Server\160\DTS\Binn\;C:\Program Files (x86)\Microsoft SQL Server\160\DTS\Binn\;C:\Program Files\Microsoft SQL Server\150\Tools\Binn\;C:\Program Files\dotnet\;C:\Program Files (x86)\Windows Kits\10\Windows Performance Toolkit\;C:\Program Files\Microsoft SQL Server\130\DTS\Binn\;C:\Program Files\Microsoft SQL Server\140\DTS\Binn\;C:\Program Files\Microsoft SQL Server\150\DTS\Binn\;C:\Program Files\Microsoft SQL Server\170\DTS\Binn\;%SystemRoot%\system32;%SystemRoot%;%SystemRoot%\System32\Wbem;%SYSTEMROOT%\System32\WindowsPowerShell\v1.0\;%SYSTEMROOT%\System32\OpenSSH\;C:\Users\danya\AppData\Local\Programs\Python\Python312\Scripts\;C:\Users\danya\AppData\Local\Programs\Python\Python312\;C:\Users\danya\AppData\Local\Microsoft\WindowsApps;C:\Users\danya\AppData\Local\Programs\Microsoft VS Code\bin;C:\Users\danya\Dart\dartsdk-windows-x64-release\dart-sdk\bin;C:\Program Files\Java\jdk-23\bin;C:\Users\danya\AppData\Roaming\npm;D:\Android\Sdk\platform-tools;C:\Users\danya\develop\flutter\bin;C:\Users\danya\AppData\Local\Pub\Cache\bin;C:\Program Files\swipl\bin;C:\Users\danya\.dotnet\tools;
USERNAME=danya
OS=Windows_NT
PROCESSOR_IDENTIFIER=Intel64 Family 6 Model 154 Stepping 3, GenuineIntel
TMP=C:\Users\danya\AppData\Local\Temp
TEMP=C:\Users\danya\AppData\Local\Temp




Periodic native trim disabled

---------------  S Y S T E M  ---------------

OS:
 Windows 11 , 64 bit Build 26100 (10.0.26100.8328)
OS uptime: 0 days 0:38 hours

CPU: total 16 (initial active 16) (8 cores per cpu, 2 threads per core) family 6 model 154 stepping 3 microcode 0x434, cx8, cmov, fxsr, ht, mmx, 3dnowpref, sse, sse2, sse3, ssse3, sse4.1, sse4.2, popcnt, lzcnt, tsc, tscinvbit, avx, avx2, aes, erms, clmul, bmi1, bmi2, adx, sha, fma, vzeroupper, clflush, clflushopt, clwb, serialize, rdtscp, rdpid, fsrm, f16c, pku, cet_ibt, cet_ss
Processor Information for processor 0
  Max Mhz: 2300, Current Mhz: 2300, Mhz Limit: 2300
Processor Information for processor 1
  Max Mhz: 2300, Current Mhz: 1506, Mhz Limit: 2300
Processor Information for processor 2
  Max Mhz: 2300, Current Mhz: 1506, Mhz Limit: 2300
Processor Information for processor 3
  Max Mhz: 2300, Current Mhz: 1506, Mhz Limit: 2300
Processor Information for processor 4
  Max Mhz: 2300, Current Mhz: 2300, Mhz Limit: 2300
Processor Information for processor 5
  Max Mhz: 2300, Current Mhz: 1506, Mhz Limit: 2300
Processor Information for processor 6
  Max Mhz: 2300, Current Mhz: 2300, Mhz Limit: 2300
Processor Information for processor 7
  Max Mhz: 2300, Current Mhz: 1506, Mhz Limit: 2300
Processor Information for processor 8
  Max Mhz: 2300, Current Mhz: 1506, Mhz Limit: 2300
Processor Information for processor 9
  Max Mhz: 2300, Current Mhz: 1506, Mhz Limit: 2300
Processor Information for processor 10
  Max Mhz: 2300, Current Mhz: 1506, Mhz Limit: 2300
Processor Information for processor 11
  Max Mhz: 2300, Current Mhz: 1506, Mhz Limit: 2300
Processor Information for processor 12
  Max Mhz: 2300, Current Mhz: 1488, Mhz Limit: 2300
Processor Information for processor 13
  Max Mhz: 2300, Current Mhz: 1488, Mhz Limit: 2300
Processor Information for processor 14
  Max Mhz: 2300, Current Mhz: 1488, Mhz Limit: 2300
Processor Information for processor 15
  Max Mhz: 2300, Current Mhz: 1488, Mhz Limit: 2300

Memory: 4k page, system-wide physical 16051M (1854M free)
TotalPageFile size 24160M (AvailPageFile size 219M)
current process WorkingSet (physical memory assigned to process): 154M, peak: 179M
current process commit charge ("private bytes"): 299M, peak: 326M

vm_info: OpenJDK 64-Bit Server VM (21.0.10+7-LTS) for windows-amd64 JRE (21.0.10+7-LTS), built on 2026-01-20T00:00:00Z by "admin" with MS VC++ 17.12 (VS2022)

END.
