#
# There is insufficient memory for the Java Runtime Environment to continue.
# Native memory allocation (malloc) failed to allocate 39056 bytes. Error detail: Chunk::new
# Possible reasons:
#   The system is out of physical RAM or swap space
#   This process is running with CompressedOops enabled, and the Java Heap may be blocking the growth of the native heap
# Possible solutions:
#   Reduce memory load on the system
#   Increase physical memory or swap space
#   Check if swap backing store is full
#   Decrease Java heap size (-Xmx/-Xms)
#   Decrease number of Java threads
#   Decrease Java thread stack sizes (-Xss)
#   Set larger code cache with -XX:ReservedCodeCacheSize=
#   JVM is running with Unscaled Compressed Oops mode in which the Java heap is
#     placed in the first 4GB address space. The Java Heap base address is the
#     maximum limit for the native heap growth. Please use -XX:HeapBaseMinAddress
#     to set the Java Heap base and to place the Java Heap above 4GB virtual address.
# This output file may be truncated or incomplete.
#
#  Out of Memory Error (arena.cpp:168), pid=23412, tid=20588
#
# JRE version: OpenJDK Runtime Environment Temurin-21.0.10+7 (21.0.10+7) (build 21.0.10+7-LTS)
# Java VM: OpenJDK 64-Bit Server VM Temurin-21.0.10+7 (21.0.10+7-LTS, mixed mode, sharing, tiered, compressed oops, compressed class ptrs, parallel gc, windows-amd64)
# No core dump will be written. Minidumps are not enabled by default on client versions of Windows
#

---------------  S U M M A R Y ------------

Command Line: --add-modules=ALL-SYSTEM --add-opens=java.base/java.util=ALL-UNNAMED --add-opens=java.base/java.lang=ALL-UNNAMED --add-opens=java.base/sun.nio.fs=ALL-UNNAMED -Declipse.application=org.eclipse.jdt.ls.core.id1 -Dosgi.bundles.defaultStartLevel=4 -Declipse.product=org.eclipse.jdt.ls.core.product -Djava.import.generatesMetadataFilesAtProjectRoot=false -DDetectVMInstallationsJob.disabled=true -Dfile.encoding=utf8 -XX:+UseParallelGC -XX:GCTimeRatio=4 -XX:AdaptiveSizePolicyWeight=90 -Dsun.zip.disableMemoryMapping=true -Xmx2G -Xms100m -Xlog:disable -javaagent:c:\Users\danya\.vscode\extensions\redhat.java-1.54.0-win32-x64\lombok\lombok-1.18.39-4050.jar c:\Users\danya\.vscode\extensions\redhat.java-1.54.0-win32-x64\server\plugins\org.eclipse.equinox.launcher_1.7.100.v20251111-0406.jar -configuration c:\Users\danya\AppData\Roaming\Code\User\globalStorage\redhat.java\1.54.0\config_ss_win -data c:\Users\danya\AppData\Roaming\Code\User\workspaceStorage\96c0adba8a3645ba40e7d75efb52f981\redhat.java\ss_ws --pipe=\\.\pipe\lsp-520e641d348ddc4471ef0746ae10fbfd-sock

Host: 12th Gen Intel(R) Core(TM) i7-12650H, 16 cores, 15G,  Windows 11 , 64 bit Build 26100 (10.0.26100.8328)
Time: Tue May 12 19:08:11 2026 Egypt Daylight Time elapsed time: 1.644646 seconds (0d 0h 0m 1s)

---------------  T H R E A D  ---------------

Current thread (0x000002a183aeca90):  JavaThread "C2 CompilerThread0" daemon [_thread_in_native, id=20588, stack(0x000000a441600000,0x000000a441700000) (1024K)]


Current CompileTask:
C2:1644 2390       4       java.util.Properties::loadConvert (540 bytes)

Stack: [0x000000a441600000,0x000000a441700000]
Native frames: (J=compiled Java code, j=interpreted, Vv=VM code, C=native code)
V  [jvm.dll+0x6d7a39]
V  [jvm.dll+0x8b4b26]
V  [jvm.dll+0x8b70de]
V  [jvm.dll+0x8b77c3]
V  [jvm.dll+0x284346]
V  [jvm.dll+0xc66ed]
V  [jvm.dll+0xc6c31]
V  [jvm.dll+0x5def17]
V  [jvm.dll+0x38b191]
V  [jvm.dll+0x38a5aa]
V  [jvm.dll+0x24c560]
V  [jvm.dll+0x24bb40]
V  [jvm.dll+0x1cb34e]
V  [jvm.dll+0x25b85d]
V  [jvm.dll+0x259dea]
V  [jvm.dll+0x3f857e]
V  [jvm.dll+0x85f59d]
V  [jvm.dll+0x6d626d]
C  [ucrtbase.dll+0x37b0]
C  [KERNEL32.DLL+0x2e957]
C  [ntdll.dll+0x427c]


---------------  P R O C E S S  ---------------

Threads class SMR info:
_java_thread_list=0x000002a1e3469320, length=22, elements={
0x000002a183a2e5e0, 0x000002a19a4de610, 0x000002a183ad25a0, 0x000002a183ad8c70,
0x000002a183ada940, 0x000002a1dc934f70, 0x000002a183ae0330, 0x000002a183aeca90,
0x000002a183aede60, 0x000002a1dca3a9d0, 0x000002a1dca3e000, 0x000002a1dca429f0,
0x000002a1dcabe8b0, 0x000002a1dcbc26c0, 0x000002a1de290610, 0x000002a1de452f10,
0x000002a1e30672f0, 0x000002a1e315d1b0, 0x000002a1e315ebf0, 0x000002a1e315d840,
0x000002a1e3160630, 0x000002a1e315ffa0
}

Java Threads: ( => current thread )
  0x000002a183a2e5e0 JavaThread "main"                              [_thread_blocked, id=10204, stack(0x000000a440c00000,0x000000a440d00000) (1024K)]
  0x000002a19a4de610 JavaThread "Reference Handler"          daemon [_thread_blocked, id=28624, stack(0x000000a441000000,0x000000a441100000) (1024K)]
  0x000002a183ad25a0 JavaThread "Finalizer"                  daemon [_thread_blocked, id=16736, stack(0x000000a441100000,0x000000a441200000) (1024K)]
  0x000002a183ad8c70 JavaThread "Signal Dispatcher"          daemon [_thread_blocked, id=12796, stack(0x000000a441200000,0x000000a441300000) (1024K)]
  0x000002a183ada940 JavaThread "Attach Listener"            daemon [_thread_blocked, id=13128, stack(0x000000a441300000,0x000000a441400000) (1024K)]
  0x000002a1dc934f70 JavaThread "Service Thread"             daemon [_thread_blocked, id=26640, stack(0x000000a441400000,0x000000a441500000) (1024K)]
  0x000002a183ae0330 JavaThread "Monitor Deflation Thread"   daemon [_thread_blocked, id=19192, stack(0x000000a441500000,0x000000a441600000) (1024K)]
=>0x000002a183aeca90 JavaThread "C2 CompilerThread0"         daemon [_thread_in_native, id=20588, stack(0x000000a441600000,0x000000a441700000) (1024K)]
  0x000002a183aede60 JavaThread "C1 CompilerThread0"         daemon [_thread_in_native, id=16456, stack(0x000000a441700000,0x000000a441800000) (1024K)]
  0x000002a1dca3a9d0 JavaThread "C1 CompilerThread1"         daemon [_thread_blocked, id=4892, stack(0x000000a441800000,0x000000a441900000) (1024K)]
  0x000002a1dca3e000 JavaThread "C1 CompilerThread2"         daemon [_thread_blocked, id=24384, stack(0x000000a441900000,0x000000a441a00000) (1024K)]
  0x000002a1dca429f0 JavaThread "C1 CompilerThread3"         daemon [_thread_blocked, id=17888, stack(0x000000a441a00000,0x000000a441b00000) (1024K)]
  0x000002a1dcabe8b0 JavaThread "C2 CompilerThread1"         daemon [_thread_blocked, id=11440, stack(0x000000a441b00000,0x000000a441c00000) (1024K)]
  0x000002a1dcbc26c0 JavaThread "Common-Cleaner"             daemon [_thread_blocked, id=19420, stack(0x000000a441c00000,0x000000a441d00000) (1024K)]
  0x000002a1de290610 JavaThread "Notification Thread"        daemon [_thread_blocked, id=20576, stack(0x000000a441d00000,0x000000a441e00000) (1024K)]
  0x000002a1de452f10 JavaThread "C2 CompilerThread2"         daemon [_thread_blocked, id=10864, stack(0x000000a441e00000,0x000000a441f00000) (1024K)]
  0x000002a1e30672f0 JavaThread "C2 CompilerThread3"         daemon [_thread_blocked, id=2496, stack(0x000000a442500000,0x000000a442600000) (1024K)]
  0x000002a1e315d1b0 JavaThread "Active Thread: Equinox Container: 34fec7e6-14c6-48b7-a1d1-4e2b2b57a903"        [_thread_blocked, id=6016, stack(0x000000a442600000,0x000000a442700000) (1024K)]
  0x000002a1e315ebf0 JavaThread "Framework Event Dispatcher: Equinox Container: 34fec7e6-14c6-48b7-a1d1-4e2b2b57a903" daemon [_thread_blocked, id=17924, stack(0x000000a442800000,0x000000a442900000) (1024K)]
  0x000002a1e315d840 JavaThread "Start Level: Equinox Container: 34fec7e6-14c6-48b7-a1d1-4e2b2b57a903" daemon [_thread_in_vm, id=1920, stack(0x000000a442900000,0x000000a442a00000) (1024K)]
  0x000002a1e3160630 JavaThread "SCR Component Actor"        daemon [_thread_blocked, id=9492, stack(0x000000a442a00000,0x000000a442b00000) (1024K)]
  0x000002a1e315ffa0 JavaThread "Worker-JM"                         [_thread_blocked, id=14184, stack(0x000000a442b00000,0x000000a442c00000) (1024K)]
Total: 22

Other Threads:
  0x000002a19a4c14a0 VMThread "VM Thread"                           [id=4652, stack(0x000000a440f00000,0x000000a441000000) (1024K)]
  0x000002a19a3bca00 WatcherThread "VM Periodic Task Thread"        [id=25984, stack(0x000000a440e00000,0x000000a440f00000) (1024K)]
  0x000002a183a4cd60 WorkerThread "GC Thread#0"                     [id=19480, stack(0x000000a440d00000,0x000000a440e00000) (1024K)]
  0x000002a1de992050 WorkerThread "GC Thread#1"                     [id=11016, stack(0x000000a441f00000,0x000000a442000000) (1024K)]
  0x000002a1de990de0 WorkerThread "GC Thread#2"                     [id=20376, stack(0x000000a442000000,0x000000a442100000) (1024K)]
  0x000002a1de9918f0 WorkerThread "GC Thread#3"                     [id=19792, stack(0x000000a442100000,0x000000a442200000) (1024K)]
  0x000002a1de9927b0 WorkerThread "GC Thread#4"                     [id=22444, stack(0x000000a442200000,0x000000a442300000) (1024K)]
  0x000002a1de991540 WorkerThread "GC Thread#5"                     [id=8944, stack(0x000000a442300000,0x000000a442400000) (1024K)]
  0x000002a1de992400 WorkerThread "GC Thread#6"                     [id=8196, stack(0x000000a442400000,0x000000a442500000) (1024K)]
  0x000002a1de991ca0 WorkerThread "GC Thread#7"                     [id=7416, stack(0x000000a442700000,0x000000a442800000) (1024K)]
  0x000002a1e3565700 WorkerThread "GC Thread#8"                     [id=19664, stack(0x000000a442c00000,0x000000a442d00000) (1024K)]
  0x000002a1e3565ab0 WorkerThread "GC Thread#9"                     [id=7700, stack(0x000000a442d00000,0x000000a442e00000) (1024K)]
Total: 12

Threads with active compile tasks:
C2 CompilerThread0  1659 2390       4       java.util.Properties::loadConvert (540 bytes)
Total: 1

VM state: not at safepoint (normal execution)

VM Mutex/Monitor currently owned by a thread:  ([mutex/lock_event])
[0x00007ffcc240e7e0] ClassLoaderDataGraph_lock - owner thread: 0x0000000000000000

Heap address: 0x0000000080000000, size: 2048 MB, Compressed Oops mode: 32-bit

CDS archive(s) mapped at: [0x000002a19b000000-0x000002a19bba0000-0x000002a19bba0000), size 12189696, SharedBaseAddress: 0x000002a19b000000, ArchiveRelocationMode: 1.
Compressed class space mapped at: 0x000002a19c000000-0x000002a1dc000000, reserved size: 1073741824
Narrow klass base: 0x000002a19b000000, Narrow klass shift: 0, Narrow klass range: 0x100000000

GC Precious Log:
 CardTable entry size: 512
 CPUs: 16 total, 16 available
 Memory: 16051M
 Large Page Support: Disabled
 NUMA Support: Disabled
 Compressed Oops: Enabled (32-bit)
 Alignments: Space 512K, Generation 512K, Heap 2M
 Heap Min Capacity: 100M
 Heap Initial Capacity: 100M
 Heap Max Capacity: 2G
 Pre-touch: Disabled
 Parallel Workers: 13

Heap:
 PSYoungGen      total 29696K, used 7128K [0x00000000d5580000, 0x00000000d7680000, 0x0000000100000000)
  eden space 25600K, 11% used [0x00000000d5580000,0x00000000d587b160,0x00000000d6e80000)
  from space 4096K, 99% used [0x00000000d6e80000,0x00000000d727b088,0x00000000d7280000)
  to   space 4096K, 0% used [0x00000000d7280000,0x00000000d7280000,0x00000000d7680000)
 ParOldGen       total 68608K, used 2622K [0x0000000080000000, 0x0000000084300000, 0x00000000d5580000)
  object space 68608K, 3% used [0x0000000080000000,0x000000008028f8a8,0x0000000084300000)
 Metaspace       used 13126K, committed 13696K, reserved 1114112K
  class space    used 1380K, committed 1664K, reserved 1048576K

Card table byte_map: [0x000002a1833d0000,0x000002a1837e0000] _byte_map_base: 0x000002a182fd0000

Marking Bits: (ParMarkBitMap*) 0x00007ffcc2413450
 Begin Bits: [0x000002a195ee0000, 0x000002a197ee0000)
 End Bits:   [0x000002a197ee0000, 0x000002a199ee0000)

Polling page: 0x000002a1817f0000

Metaspace:

Usage:
  Non-class:     11.47 MB used.
      Class:      1.35 MB used.
       Both:     12.82 MB used.

Virtual space:
  Non-class space:       64.00 MB reserved,      11.75 MB ( 18%) committed,  1 nodes.
      Class space:        1.00 GB reserved,       1.62 MB ( <1%) committed,  1 nodes.
             Both:        1.06 GB reserved,      13.38 MB (  1%) committed. 

Chunk freelists:
   Non-Class:  4.07 MB
       Class:  14.42 MB
        Both:  18.49 MB

MaxMetaspaceSize: unlimited
CompressedClassSpaceSize: 1.00 GB
Initial GC threshold: 21.00 MB
Current GC threshold: 21.00 MB
CDS: on
 - commit_granule_bytes: 65536.
 - commit_granule_words: 8192.
 - virtual_space_node_default_size: 8388608.
 - enlarge_chunks_in_place: 1.
 - use_allocation_guard: 0.


Internal statistics:

num_allocs_failed_limit: 0.
num_arena_births: 354.
num_arena_deaths: 0.
num_vsnodes_births: 2.
num_vsnodes_deaths: 0.
num_space_committed: 214.
num_space_uncommitted: 0.
num_chunks_returned_to_freelist: 0.
num_chunks_taken_from_freelist: 791.
num_chunk_merges: 0.
num_chunk_splits: 501.
num_chunks_enlarged: 324.
num_inconsistent_stats: 0.

CodeHeap 'non-profiled nmethods': size=119168Kb used=983Kb max_used=983Kb free=118184Kb
 bounds [0x000002a18e7d0000, 0x000002a18ea40000, 0x000002a195c30000]
CodeHeap 'profiled nmethods': size=119104Kb used=4743Kb max_used=4743Kb free=114360Kb
 bounds [0x000002a186c30000, 0x000002a1870e0000, 0x000002a18e080000]
CodeHeap 'non-nmethods': size=7488Kb used=2936Kb max_used=2958Kb free=4551Kb
 bounds [0x000002a18e080000, 0x000002a18e370000, 0x000002a18e7d0000]
CodeCache: size=245760Kb, used=8662Kb, max_used=8684Kb, free=237095Kb
 total_blobs=2997, nmethods=2474, adapters=426, full_count=0
Compilation: enabled, stopped_count=0, restarted_count=0

Compilation events (20 events):
Event: 1.637 Thread 0x000002a183aede60 nmethod 2450 0x000002a1870be690 code [0x000002a1870be860, 0x000002a1870beb30]
Event: 1.637 Thread 0x000002a183aede60 2453       3       java.lang.reflect.Field::checkAccess (32 bytes)
Event: 1.637 Thread 0x000002a183aede60 nmethod 2453 0x000002a1870bec10 code [0x000002a1870bede0, 0x000002a1870bf060]
Event: 1.637 Thread 0x000002a183aede60 2454       3       java.lang.reflect.Field::getFieldAccessor (18 bytes)
Event: 1.637 Thread 0x000002a1dca429f0 nmethod 2452 0x000002a1870bf190 code [0x000002a1870bf3c0, 0x000002a1870bf928]
Event: 1.637 Thread 0x000002a1dca429f0 2455       3       java.lang.reflect.Field::acquireFieldAccessor (46 bytes)
Event: 1.637 Thread 0x000002a183aede60 nmethod 2454 0x000002a1870bfb10 code [0x000002a1870bfcc0, 0x000002a1870bfe48]
Event: 1.639 Thread 0x000002a1dca3e000 nmethod 2449 0x000002a1870bff10 code [0x000002a1870c01e0, 0x000002a1870c0cf8]
Event: 1.639 Thread 0x000002a1dca3e000 2456       3       jdk.internal.reflect.ReflectionFactory::newFieldAccessor (93 bytes)
Event: 1.639 Thread 0x000002a183aede60 2458       3       jdk.internal.misc.VM::isJavaLangInvokeInited (4 bytes)
Event: 1.639 Thread 0x000002a1dca429f0 nmethod 2455 0x000002a1870c1110 code [0x000002a1870c1300, 0x000002a1870c1710]
Event: 1.639 Thread 0x000002a1dca3a9d0 nmethod 2451 0x000002a1870c1890 code [0x000002a1870c1ce0, 0x000002a1870c3938]
Event: 1.639 Thread 0x000002a183aede60 nmethod 2458 0x000002a1870c4390 code [0x000002a1870c4520, 0x000002a1870c4610]
Event: 1.639 Thread 0x000002a1dca429f0 2457       3       java.lang.reflect.Field::getRoot (5 bytes)
Event: 1.639 Thread 0x000002a183aede60 2459       3       java.lang.invoke.MethodHandleImpl::valueConversion (325 bytes)
Event: 1.639 Thread 0x000002a1dca3a9d0 2460       3       java.lang.invoke.LambdaFormEditor$TransformKey::packedBytes (37 bytes)
Event: 1.639 Thread 0x000002a1dca429f0 nmethod 2457 0x000002a1870c4690 code [0x000002a1870c4820, 0x000002a1870c4940]
Event: 1.639 Thread 0x000002a1dca3a9d0 nmethod 2460 0x000002a1870c4a10 code [0x000002a1870c4ba0, 0x000002a1870c4cb0]
Event: 1.640 Thread 0x000002a1dca3e000 nmethod 2456 0x000002a1870c4d10 code [0x000002a1870c4f20, 0x000002a1870c5578]
Event: 1.640 Thread 0x000002a183aede60 nmethod 2459 0x000002a1870c5810 code [0x000002a1870c5b20, 0x000002a1870c6750]

GC Heap History (6 events):
Event: 0.696 GC heap before
{Heap before GC invocations=1 (full 0):
 PSYoungGen      total 29696K, used 25600K [0x00000000d5580000, 0x00000000d7680000, 0x0000000100000000)
  eden space 25600K, 100% used [0x00000000d5580000,0x00000000d6e80000,0x00000000d6e80000)
  from space 4096K, 0% used [0x00000000d7280000,0x00000000d7280000,0x00000000d7680000)
  to   space 4096K, 0% used [0x00000000d6e80000,0x00000000d6e80000,0x00000000d7280000)
 ParOldGen       total 68608K, used 0K [0x0000000080000000, 0x0000000084300000, 0x00000000d5580000)
  object space 68608K, 0% used [0x0000000080000000,0x0000000080000000,0x0000000084300000)
 Metaspace       used 4156K, committed 4416K, reserved 1114112K
  class space    used 453K, committed 576K, reserved 1048576K
}
Event: 0.702 GC heap after
{Heap after GC invocations=1 (full 0):
 PSYoungGen      total 29696K, used 3659K [0x00000000d5580000, 0x00000000d7680000, 0x0000000100000000)
  eden space 25600K, 0% used [0x00000000d5580000,0x00000000d5580000,0x00000000d6e80000)
  from space 4096K, 89% used [0x00000000d6e80000,0x00000000d7212ff0,0x00000000d7280000)
  to   space 4096K, 0% used [0x00000000d7280000,0x00000000d7280000,0x00000000d7680000)
 ParOldGen       total 68608K, used 16K [0x0000000080000000, 0x0000000084300000, 0x00000000d5580000)
  object space 68608K, 0% used [0x0000000080000000,0x0000000080004000,0x0000000084300000)
 Metaspace       used 4156K, committed 4416K, reserved 1114112K
  class space    used 453K, committed 576K, reserved 1048576K
}
Event: 1.164 GC heap before
{Heap before GC invocations=2 (full 0):
 PSYoungGen      total 29696K, used 29259K [0x00000000d5580000, 0x00000000d7680000, 0x0000000100000000)
  eden space 25600K, 100% used [0x00000000d5580000,0x00000000d6e80000,0x00000000d6e80000)
  from space 4096K, 89% used [0x00000000d6e80000,0x00000000d7212ff0,0x00000000d7280000)
  to   space 4096K, 0% used [0x00000000d7280000,0x00000000d7280000,0x00000000d7680000)
 ParOldGen       total 68608K, used 16K [0x0000000080000000, 0x0000000084300000, 0x00000000d5580000)
  object space 68608K, 0% used [0x0000000080000000,0x0000000080004000,0x0000000084300000)
 Metaspace       used 7983K, committed 8256K, reserved 1114112K
  class space    used 831K, committed 960K, reserved 1048576K
}
Event: 1.169 GC heap after
{Heap after GC invocations=2 (full 0):
 PSYoungGen      total 29696K, used 4086K [0x00000000d5580000, 0x00000000d7680000, 0x0000000100000000)
  eden space 25600K, 0% used [0x00000000d5580000,0x00000000d5580000,0x00000000d6e80000)
  from space 4096K, 99% used [0x00000000d7280000,0x00000000d767d810,0x00000000d7680000)
  to   space 4096K, 0% used [0x00000000d6e80000,0x00000000d6e80000,0x00000000d7280000)
 ParOldGen       total 68608K, used 1089K [0x0000000080000000, 0x0000000084300000, 0x00000000d5580000)
  object space 68608K, 1% used [0x0000000080000000,0x00000000801106a8,0x0000000084300000)
 Metaspace       used 7983K, committed 8256K, reserved 1114112K
  class space    used 831K, committed 960K, reserved 1048576K
}
Event: 1.615 GC heap before
{Heap before GC invocations=3 (full 0):
 PSYoungGen      total 29696K, used 29686K [0x00000000d5580000, 0x00000000d7680000, 0x0000000100000000)
  eden space 25600K, 100% used [0x00000000d5580000,0x00000000d6e80000,0x00000000d6e80000)
  from space 4096K, 99% used [0x00000000d7280000,0x00000000d767d810,0x00000000d7680000)
  to   space 4096K, 0% used [0x00000000d6e80000,0x00000000d6e80000,0x00000000d7280000)
 ParOldGen       total 68608K, used 1089K [0x0000000080000000, 0x0000000084300000, 0x00000000d5580000)
  object space 68608K, 1% used [0x0000000080000000,0x00000000801106a8,0x0000000084300000)
 Metaspace       used 12777K, committed 13312K, reserved 1114112K
  class space    used 1351K, committed 1600K, reserved 1048576K
}
Event: 1.620 GC heap after
{Heap after GC invocations=3 (full 0):
 PSYoungGen      total 29696K, used 4076K [0x00000000d5580000, 0x00000000d7680000, 0x0000000100000000)
  eden space 25600K, 0% used [0x00000000d5580000,0x00000000d5580000,0x00000000d6e80000)
  from space 4096K, 99% used [0x00000000d6e80000,0x00000000d727b088,0x00000000d7280000)
  to   space 4096K, 0% used [0x00000000d7280000,0x00000000d7280000,0x00000000d7680000)
 ParOldGen       total 68608K, used 2622K [0x0000000080000000, 0x0000000084300000, 0x00000000d5580000)
  object space 68608K, 3% used [0x0000000080000000,0x000000008028f8a8,0x0000000084300000)
 Metaspace       used 12777K, committed 13312K, reserved 1114112K
  class space    used 1351K, committed 1600K, reserved 1048576K
}

Dll operation events (9 events):
Event: 0.015 Loaded shared library c:\Users\danya\.vscode\extensions\redhat.java-1.54.0-win32-x64\jre\21.0.10-win32-x86_64\bin\java.dll
Event: 0.082 Loaded shared library c:\Users\danya\.vscode\extensions\redhat.java-1.54.0-win32-x64\jre\21.0.10-win32-x86_64\bin\zip.dll
Event: 0.110 Loaded shared library C:\Users\danya\.vscode\extensions\redhat.java-1.54.0-win32-x64\jre\21.0.10-win32-x86_64\bin\instrument.dll
Event: 0.116 Loaded shared library C:\Users\danya\.vscode\extensions\redhat.java-1.54.0-win32-x64\jre\21.0.10-win32-x86_64\bin\net.dll
Event: 0.119 Loaded shared library C:\Users\danya\.vscode\extensions\redhat.java-1.54.0-win32-x64\jre\21.0.10-win32-x86_64\bin\nio.dll
Event: 0.123 Loaded shared library C:\Users\danya\.vscode\extensions\redhat.java-1.54.0-win32-x64\jre\21.0.10-win32-x86_64\bin\zip.dll
Event: 0.145 Loaded shared library C:\Users\danya\.vscode\extensions\redhat.java-1.54.0-win32-x64\jre\21.0.10-win32-x86_64\bin\jimage.dll
Event: 0.231 Loaded shared library c:\Users\danya\.vscode\extensions\redhat.java-1.54.0-win32-x64\jre\21.0.10-win32-x86_64\bin\verify.dll
Event: 1.219 Loaded shared library C:\Users\danya\AppData\Roaming\Code\User\globalStorage\redhat.java\1.54.0\config_ss_win\org.eclipse.equinox.launcher\org.eclipse.equinox.launcher.win32.win32.x86_64_1.3.0.v20260203-2149\eclipse_11919.dll

Deoptimization events (20 events):
Event: 1.463 Thread 0x000002a1e315d840 Uncommon trap: trap_request=0xffffffde fr.pc=0x000002a18e8a2da8 relative=0x0000000000000388
Event: 1.463 Thread 0x000002a1e315d840 Uncommon trap: reason=class_check action=maybe_recompile pc=0x000002a18e8a2da8 method=java.io.DataInputStream.readUnsignedByte()I @ 4 c2
Event: 1.463 Thread 0x000002a1e315d840 DEOPT PACKING pc=0x000002a18e8a2da8 sp=0x000000a4429fb890
Event: 1.463 Thread 0x000002a1e315d840 DEOPT UNPACKING pc=0x000002a18e0d3aa2 sp=0x000000a4429fb7d8 mode 2
Event: 1.541 Thread 0x000002a1e315d840 Uncommon trap: trap_request=0xffffffc6 fr.pc=0x000002a18e8b4524 relative=0x0000000000000464
Event: 1.542 Thread 0x000002a1e315d840 Uncommon trap: reason=bimorphic_or_optimized_type_check action=maybe_recompile pc=0x000002a18e8b4524 method=java.io.DataInputStream.readUnsignedByte()I @ 4 c2
Event: 1.542 Thread 0x000002a1e315d840 DEOPT PACKING pc=0x000002a18e8b4524 sp=0x000000a4429f8930
Event: 1.542 Thread 0x000002a1e315d840 DEOPT UNPACKING pc=0x000002a18e0d3aa2 sp=0x000000a4429f8878 mode 2
Event: 1.542 Thread 0x000002a1e315d840 Uncommon trap: trap_request=0xffffffc6 fr.pc=0x000002a18e8b4524 relative=0x0000000000000464
Event: 1.542 Thread 0x000002a1e315d840 Uncommon trap: reason=bimorphic_or_optimized_type_check action=maybe_recompile pc=0x000002a18e8b4524 method=java.io.DataInputStream.readUnsignedByte()I @ 4 c2
Event: 1.542 Thread 0x000002a1e315d840 DEOPT PACKING pc=0x000002a18e8b4524 sp=0x000000a4429f88a0
Event: 1.542 Thread 0x000002a1e315d840 DEOPT UNPACKING pc=0x000002a18e0d3aa2 sp=0x000000a4429f87e8 mode 2
Event: 1.542 Thread 0x000002a1e315d840 Uncommon trap: trap_request=0xffffffc6 fr.pc=0x000002a18e8b4524 relative=0x0000000000000464
Event: 1.542 Thread 0x000002a1e315d840 Uncommon trap: reason=bimorphic_or_optimized_type_check action=maybe_recompile pc=0x000002a18e8b4524 method=java.io.DataInputStream.readUnsignedByte()I @ 4 c2
Event: 1.542 Thread 0x000002a1e315d840 DEOPT PACKING pc=0x000002a18e8b4524 sp=0x000000a4429f88c0
Event: 1.542 Thread 0x000002a1e315d840 DEOPT UNPACKING pc=0x000002a18e0d3aa2 sp=0x000000a4429f8808 mode 2
Event: 1.542 Thread 0x000002a1e315d840 Uncommon trap: trap_request=0xffffffc6 fr.pc=0x000002a18e8b4524 relative=0x0000000000000464
Event: 1.542 Thread 0x000002a1e315d840 Uncommon trap: reason=bimorphic_or_optimized_type_check action=maybe_recompile pc=0x000002a18e8b4524 method=java.io.DataInputStream.readUnsignedByte()I @ 4 c2
Event: 1.542 Thread 0x000002a1e315d840 DEOPT PACKING pc=0x000002a18e8b4524 sp=0x000000a4429f88c0
Event: 1.542 Thread 0x000002a1e315d840 DEOPT UNPACKING pc=0x000002a18e0d3aa2 sp=0x000000a4429f8808 mode 2

Classes loaded (20 events):
Event: 1.548 Loading class java/time/Month
Event: 1.548 Loading class java/time/Month done
Event: 1.548 Loading class java/time/DayOfWeek
Event: 1.548 Loading class java/time/DayOfWeek done
Event: 1.548 Loading class java/time/zone/ZoneOffsetTransitionRule$TimeDefinition
Event: 1.548 Loading class java/time/zone/ZoneOffsetTransitionRule$TimeDefinition done
Event: 1.551 Loading class java/util/Formatter$FixedString
Event: 1.551 Loading class java/util/Formatter$FixedString done
Event: 1.568 Loading class java/util/concurrent/TimeoutException
Event: 1.568 Loading class java/util/concurrent/TimeoutException done
Event: 1.596 Loading class java/util/PropertyResourceBundle
Event: 1.597 Loading class java/util/PropertyResourceBundle done
Event: 1.597 Loading class sun/util/PropertyResourceBundleCharset
Event: 1.597 Loading class sun/util/PropertyResourceBundleCharset done
Event: 1.597 Loading class sun/util/PropertyResourceBundleCharset$PropertiesFileDecoder
Event: 1.597 Loading class sun/util/PropertyResourceBundleCharset$PropertiesFileDecoder done
Event: 1.598 Loading class java/lang/invoke/DirectMethodHandle$StaticAccessor
Event: 1.598 Loading class java/lang/invoke/DirectMethodHandle$StaticAccessor done
Event: 1.622 Loading class java/lang/AbstractMethodError
Event: 1.622 Loading class java/lang/AbstractMethodError done

Classes unloaded (0 events):
No events

Classes redefined (0 events):
No events

Internal exceptions (20 events):
Event: 0.762 Thread 0x000002a183a2e5e0 Exception <a 'java/lang/NoSuchMethodError'{0x00000000d58b1280}: 'void java.lang.invoke.DirectMethodHandle$Holder.invokeStatic(java.lang.Object, java.lang.Object, java.lang.Object, java.lang.Object)'> (0x00000000d58b1280) 
thrown [s\src\hotspot\share\interpreter\linkResolver.cpp, line 773]
Event: 0.763 Thread 0x000002a183a2e5e0 Implicit null exception at 0x000002a18e83161a to 0x000002a18e831824
Event: 0.763 Thread 0x000002a183a2e5e0 Implicit null exception at 0x000002a18e831cbd to 0x000002a18e831d41
Event: 0.823 Thread 0x000002a183a2e5e0 Exception <a 'java/lang/NoSuchMethodError'{0x00000000d5bf5880}: 'void java.lang.invoke.DirectMethodHandle$Holder.invokeSpecial(java.lang.Object, java.lang.Object, java.lang.Object)'> (0x00000000d5bf5880) 
thrown [s\src\hotspot\share\interpreter\linkResolver.cpp, line 773]
Event: 0.982 Thread 0x000002a183a2e5e0 Exception <a 'java/lang/NoSuchMethodError'{0x00000000d6512918}: 'int java.lang.invoke.DirectMethodHandle$Holder.invokeVirtual(java.lang.Object, java.lang.Object)'> (0x00000000d6512918) 
thrown [s\src\hotspot\share\interpreter\linkResolver.cpp, line 773]
Event: 1.016 Thread 0x000002a183a2e5e0 Exception <a 'java/lang/NoSuchMethodError'{0x00000000d66887e0}: 'int java.lang.invoke.DirectMethodHandle$Holder.invokeStaticInit(java.lang.Object, java.lang.Object, java.lang.Object, java.lang.Object)'> (0x00000000d66887e0) 
thrown [s\src\hotspot\share\interpreter\linkResolver.cpp, line 773]
Event: 1.017 Thread 0x000002a183a2e5e0 Exception <a 'java/lang/IncompatibleClassChangeError'{0x00000000d6690be8}: Found class java.lang.Object, but interface was expected> (0x00000000d6690be8) 
thrown [s\src\hotspot\share\interpreter\linkResolver.cpp, line 840]
Event: 1.017 Thread 0x000002a183a2e5e0 Exception <a 'java/lang/NoSuchMethodError'{0x00000000d6697198}: 'void java.lang.invoke.DirectMethodHandle$Holder.invokeStaticInit(java.lang.Object, java.lang.Object)'> (0x00000000d6697198) 
thrown [s\src\hotspot\share\interpreter\linkResolver.cpp, line 773]
Event: 1.018 Thread 0x000002a183a2e5e0 Exception <a 'java/lang/NoSuchMethodError'{0x00000000d66a0390}: 'int java.lang.invoke.DirectMethodHandle$Holder.invokeStaticInit(java.lang.Object, java.lang.Object)'> (0x00000000d66a0390) 
thrown [s\src\hotspot\share\interpreter\linkResolver.cpp, line 773]
Event: 1.054 Thread 0x000002a183a2e5e0 Exception <a 'java/lang/NoSuchMethodError'{0x00000000d68f4b78}: 'java.lang.Object java.lang.invoke.DirectMethodHandle$Holder.newInvokeSpecial(java.lang.Object, int, java.lang.Object)'> (0x00000000d68f4b78) 
thrown [s\src\hotspot\share\interpreter\linkResolver.cpp, line 773]
Event: 1.085 Thread 0x000002a183a2e5e0 Exception <a 'java/lang/ClassNotFoundException'{0x00000000d6b0fd88}: sun/net/www/protocol/plurl/Handler> (0x00000000d6b0fd88) 
thrown [s\src\hotspot\share\classfile\systemDictionary.cpp, line 312]
Event: 1.085 Thread 0x000002a183a2e5e0 Exception <a 'java/lang/ClassNotFoundException'{0x00000000d6b10c08}: sun/net/www/protocol/plurl/Handler> (0x00000000d6b10c08) 
thrown [s\src\hotspot\share\classfile\systemDictionary.cpp, line 312]
Event: 1.216 Thread 0x000002a183a2e5e0 Exception <a 'java/lang/UnsatisfiedLinkError'{0x00000000d568e440}: 'void org.eclipse.equinox.launcher.JNIBridge._update_splash()'> (0x00000000d568e440) 
thrown [s\src\hotspot\share\prims\nativeLookup.cpp, line 415]
Event: 1.287 Thread 0x000002a1e315d840 Exception <a 'java/lang/NullPointerException'{0x00000000d59dc640}> (0x00000000d59dc640) 
thrown [s\src\hotspot\share\interpreter\linkResolver.cpp, line 1372]
Event: 1.288 Thread 0x000002a1e315d840 Exception <a 'java/lang/NullPointerException'{0x00000000d59dc920}> (0x00000000d59dc920) 
thrown [s\src\hotspot\share\interpreter\linkResolver.cpp, line 1372]
Event: 1.410 Thread 0x000002a1e315d840 Exception <a 'java/lang/NoSuchMethodError'{0x00000000d62f58a8}: 'long java.lang.invoke.DirectMethodHandle$Holder.invokeSpecial(java.lang.Object, java.lang.Object)'> (0x00000000d62f58a8) 
thrown [s\src\hotspot\share\interpreter\linkResolver.cpp, line 773]
Event: 1.455 Thread 0x000002a1e315d840 Exception <a 'java/io/FileNotFoundException'{0x00000000d6518988}> (0x00000000d6518988) 
thrown [s\src\hotspot\share\prims\jni.cpp, line 520]
Event: 1.519 Thread 0x000002a1e315d840 Exception <a 'java/lang/NoSuchMethodError'{0x00000000d67fc4c8}: 'java.lang.Object java.lang.invoke.Invokers$Holder.linkToTargetMethod(java.lang.Object, long, java.lang.Object)'> (0x00000000d67fc4c8) 
thrown [s\src\hotspot\share\interpreter\linkResolver.cpp, line 773]
Event: 1.568 Thread 0x000002a1e315d840 Exception <a 'java/lang/NoSuchMethodError'{0x00000000d6b9cac8}: 'void java.lang.invoke.DirectMethodHandle$Holder.invokeInterface(java.lang.Object, java.lang.Object, java.lang.Object)'> (0x00000000d6b9cac8) 
thrown [s\src\hotspot\share\interpreter\linkResolver.cpp, line 773]
Event: 1.600 Thread 0x000002a1e315d840 Exception <a 'java/lang/NoSuchMethodError'{0x00000000d6da8be8}: 'void java.lang.invoke.Invokers$Holder.invokeExact_MT(java.lang.Object, java.lang.Object, java.lang.Object)'> (0x00000000d6da8be8) 
thrown [s\src\hotspot\share\interpreter\linkResolver.cpp, line 773]

ZGC Phase Switch (0 events):
No events

VM Operations (20 events):
Event: 0.715 Executing non-safepoint VM operation: HandshakeAllThreads (Deoptimize)
Event: 0.715 Executing non-safepoint VM operation: HandshakeAllThreads (Deoptimize) done
Event: 1.036 Executing non-safepoint VM operation: HandshakeAllThreads (Deoptimize)
Event: 1.036 Executing non-safepoint VM operation: HandshakeAllThreads (Deoptimize) done
Event: 1.045 Executing non-safepoint VM operation: HandshakeAllThreads (Deoptimize)
Event: 1.045 Executing non-safepoint VM operation: HandshakeAllThreads (Deoptimize) done
Event: 1.072 Executing non-safepoint VM operation: HandshakeAllThreads (Deoptimize)
Event: 1.073 Executing non-safepoint VM operation: HandshakeAllThreads (Deoptimize) done
Event: 1.081 Executing non-safepoint VM operation: HandshakeAllThreads (Deoptimize)
Event: 1.081 Executing non-safepoint VM operation: HandshakeAllThreads (Deoptimize) done
Event: 1.116 Executing safepoint VM operation: ICBufferFull
Event: 1.117 Executing safepoint VM operation: ICBufferFull done
Event: 1.164 Executing safepoint VM operation: ParallelGCFailedAllocation (Allocation Failure)
Event: 1.169 Executing safepoint VM operation: ParallelGCFailedAllocation (Allocation Failure) done
Event: 1.362 Executing non-safepoint VM operation: HandshakeAllThreads (Deoptimize)
Event: 1.362 Executing non-safepoint VM operation: HandshakeAllThreads (Deoptimize) done
Event: 1.543 Executing non-safepoint VM operation: HandshakeAllThreads (Deoptimize)
Event: 1.543 Executing non-safepoint VM operation: HandshakeAllThreads (Deoptimize) done
Event: 1.615 Executing safepoint VM operation: ParallelGCFailedAllocation (Allocation Failure)
Event: 1.620 Executing safepoint VM operation: ParallelGCFailedAllocation (Allocation Failure) done

Memory protections (0 events):
No events

Nmethod flushes (0 events):
No events

Events (20 events):
Event: 0.049 Thread 0x000002a183a2e5e0 Thread added: 0x000002a183ad25a0
Event: 0.049 Thread 0x000002a183a2e5e0 Thread added: 0x000002a183ad8c70
Event: 0.049 Thread 0x000002a183a2e5e0 Thread added: 0x000002a183ada940
Event: 0.049 Thread 0x000002a183a2e5e0 Thread added: 0x000002a1dc934f70
Event: 0.049 Thread 0x000002a183a2e5e0 Thread added: 0x000002a183ae0330
Event: 0.049 Thread 0x000002a183a2e5e0 Thread added: 0x000002a183aeca90
Event: 0.049 Thread 0x000002a183a2e5e0 Thread added: 0x000002a183aede60
Event: 0.081 Thread 0x000002a183aede60 Thread added: 0x000002a1dca3a9d0
Event: 0.081 Thread 0x000002a1dca3a9d0 Thread added: 0x000002a1dca3e000
Event: 0.082 Thread 0x000002a183aede60 Thread added: 0x000002a1dca429f0
Event: 0.090 Thread 0x000002a1dca429f0 Thread added: 0x000002a1dcabe8b0
Event: 0.112 Thread 0x000002a183a2e5e0 Thread added: 0x000002a1dcbc26c0
Event: 0.341 Thread 0x000002a183a2e5e0 Thread added: 0x000002a1de290610
Event: 0.434 Thread 0x000002a1dca3a9d0 Thread added: 0x000002a1de452f10
Event: 0.867 Thread 0x000002a1dca429f0 Thread added: 0x000002a1e30672f0
Event: 1.026 Thread 0x000002a183a2e5e0 Thread added: 0x000002a1e315d1b0
Event: 1.210 Thread 0x000002a183a2e5e0 Thread added: 0x000002a1e315ebf0
Event: 1.215 Thread 0x000002a183a2e5e0 Thread added: 0x000002a1e315d840
Event: 1.352 Thread 0x000002a1e315d840 Thread added: 0x000002a1e3160630
Event: 1.578 Thread 0x000002a1e315d840 Thread added: 0x000002a1e315ffa0


Dynamic libraries:
0x00007ff6c1880000 - 0x00007ff6c188e000 	c:\Users\danya\.vscode\extensions\redhat.java-1.54.0-win32-x64\jre\21.0.10-win32-x86_64\bin\java.exe
0x00007ffdaeae0000 - 0x00007ffdaed47000 	C:\WINDOWS\SYSTEM32\ntdll.dll
0x00007ffdade80000 - 0x00007ffdadf49000 	C:\WINDOWS\System32\KERNEL32.DLL
0x00007ffdabef0000 - 0x00007ffdac2e7000 	C:\WINDOWS\System32\KERNELBASE.dll
0x00007ffdac3b0000 - 0x00007ffdac4fb000 	C:\WINDOWS\System32\ucrtbase.dll
0x00007ffd7ff60000 - 0x00007ffd7ff7e000 	c:\Users\danya\.vscode\extensions\redhat.java-1.54.0-win32-x64\jre\21.0.10-win32-x86_64\bin\VCRUNTIME140.dll
0x00007ffd7ff40000 - 0x00007ffd7ff58000 	c:\Users\danya\.vscode\extensions\redhat.java-1.54.0-win32-x64\jre\21.0.10-win32-x86_64\bin\jli.dll
0x00007ffdae2c0000 - 0x00007ffdae486000 	C:\WINDOWS\System32\USER32.dll
0x00007ffd893d0000 - 0x00007ffd89662000 	C:\WINDOWS\WinSxS\amd64_microsoft.windows.common-controls_6595b64144ccf1df_6.0.26100.8328_none_3e08182ce334b678\COMCTL32.dll
0x00007ffdab510000 - 0x00007ffdab537000 	C:\WINDOWS\System32\win32u.dll
0x00007ffdade50000 - 0x00007ffdade7b000 	C:\WINDOWS\System32\GDI32.dll
0x00007ffdaccc0000 - 0x00007ffdacd69000 	C:\WINDOWS\System32\msvcrt.dll
0x00007ffdac5b0000 - 0x00007ffdac6dc000 	C:\WINDOWS\System32\gdi32full.dll
0x00007ffdac500000 - 0x00007ffdac5a3000 	C:\WINDOWS\System32\msvcp_win.dll
0x00007ffdade10000 - 0x00007ffdade42000 	C:\WINDOWS\System32\IMM32.DLL
0x00007ffda66d0000 - 0x00007ffda66dc000 	c:\Users\danya\.vscode\extensions\redhat.java-1.54.0-win32-x64\jre\21.0.10-win32-x86_64\bin\vcruntime140_1.dll
0x00007ffd3ac10000 - 0x00007ffd3ac9d000 	c:\Users\danya\.vscode\extensions\redhat.java-1.54.0-win32-x64\jre\21.0.10-win32-x86_64\bin\msvcp140.dll
0x00007ffcc1750000 - 0x00007ffcc24f1000 	c:\Users\danya\.vscode\extensions\redhat.java-1.54.0-win32-x64\jre\21.0.10-win32-x86_64\bin\server\jvm.dll
0x00007ffdae0d0000 - 0x00007ffdae186000 	C:\WINDOWS\System32\ADVAPI32.dll
0x00007ffdae490000 - 0x00007ffdae537000 	C:\WINDOWS\System32\sechost.dll
0x00007ffdac8d0000 - 0x00007ffdac9e8000 	C:\WINDOWS\System32\RPCRT4.dll
0x00007ffdae230000 - 0x00007ffdae2b0000 	C:\WINDOWS\System32\WS2_32.dll
0x00007ffdaacf0000 - 0x00007ffdaad4e000 	C:\WINDOWS\SYSTEM32\POWRPROF.dll
0x00007ffd96270000 - 0x00007ffd962a6000 	C:\WINDOWS\SYSTEM32\WINMM.dll
0x00007ffda0a30000 - 0x00007ffda0a3b000 	C:\WINDOWS\SYSTEM32\VERSION.dll
0x00007ffdaacd0000 - 0x00007ffdaace4000 	C:\WINDOWS\SYSTEM32\UMPDC.dll
0x00007ffdaa2a0000 - 0x00007ffdaa2bb000 	C:\WINDOWS\SYSTEM32\kernel.appcore.dll
0x00007ffd92920000 - 0x00007ffd9292a000 	c:\Users\danya\.vscode\extensions\redhat.java-1.54.0-win32-x64\jre\21.0.10-win32-x86_64\bin\jimage.dll
0x00007ffda9390000 - 0x00007ffda95d2000 	C:\WINDOWS\SYSTEM32\DBGHELP.DLL
0x00007ffdad300000 - 0x00007ffdad683000 	C:\WINDOWS\System32\combase.dll
0x00007ffdad220000 - 0x00007ffdad2f9000 	C:\WINDOWS\System32\OLEAUT32.dll
0x00007ffd84a90000 - 0x00007ffd84acb000 	C:\WINDOWS\SYSTEM32\dbgcore.DLL
0x00007ffdabe40000 - 0x00007ffdabee8000 	C:\WINDOWS\System32\bcryptPrimitives.dll
0x00007ffda6800000 - 0x00007ffda680f000 	c:\Users\danya\.vscode\extensions\redhat.java-1.54.0-win32-x64\jre\21.0.10-win32-x86_64\bin\instrument.dll
0x00007ffd7ff20000 - 0x00007ffd7ff40000 	c:\Users\danya\.vscode\extensions\redhat.java-1.54.0-win32-x64\jre\21.0.10-win32-x86_64\bin\java.dll
0x00007ffdad690000 - 0x00007ffdaddfe000 	C:\WINDOWS\System32\SHELL32.dll
0x00007ffdab5d0000 - 0x00007ffdabe3c000 	C:\WINDOWS\System32\windows.storage.dll
0x00007ffdaca20000 - 0x00007ffdacb16000 	C:\WINDOWS\System32\SHCORE.dll
0x00007ffdac860000 - 0x00007ffdac8c6000 	C:\WINDOWS\System32\shlwapi.dll
0x00007ffdab430000 - 0x00007ffdab459000 	C:\WINDOWS\SYSTEM32\profapi.dll
0x00007ffd6c540000 - 0x00007ffd6c558000 	c:\Users\danya\.vscode\extensions\redhat.java-1.54.0-win32-x64\jre\21.0.10-win32-x86_64\bin\zip.dll
0x00007ffd80f60000 - 0x00007ffd80f70000 	C:\Users\danya\.vscode\extensions\redhat.java-1.54.0-win32-x64\jre\21.0.10-win32-x86_64\bin\net.dll
0x00007ffda2140000 - 0x00007ffda2269000 	C:\WINDOWS\SYSTEM32\WINHTTP.dll
0x00007ffdaa810000 - 0x00007ffdaa87c000 	C:\WINDOWS\system32\mswsock.dll
0x00007ffd6b650000 - 0x00007ffd6b666000 	C:\Users\danya\.vscode\extensions\redhat.java-1.54.0-win32-x64\jre\21.0.10-win32-x86_64\bin\nio.dll
0x00007ffd9e820000 - 0x00007ffd9e830000 	c:\Users\danya\.vscode\extensions\redhat.java-1.54.0-win32-x64\jre\21.0.10-win32-x86_64\bin\verify.dll
0x00007ffd6e550000 - 0x00007ffd6e595000 	C:\Users\danya\AppData\Roaming\Code\User\globalStorage\redhat.java\1.54.0\config_ss_win\org.eclipse.equinox.launcher\org.eclipse.equinox.launcher.win32.win32.x86_64_1.3.0.v20260203-2149\eclipse_11919.dll
0x00007ffdacb20000 - 0x00007ffdaccb7000 	C:\WINDOWS\System32\ole32.dll

JVMTI agents:
c:\Users\danya\.vscode\extensions\redhat.java-1.54.0-win32-x64\lombok\lombok-1.18.39-4050.jar path:c:\Users\danya\.vscode\extensions\redhat.java-1.54.0-win32-x64\jre\21.0.10-win32-x86_64\bin\instrument.dll, loaded, initialized, instrumentlib options:none

dbghelp: loaded successfully - version: 4.0.5 - missing functions: none
symbol engine: initialized successfully - sym options: 0x614 - pdb path: .;c:\Users\danya\.vscode\extensions\redhat.java-1.54.0-win32-x64\jre\21.0.10-win32-x86_64\bin;C:\WINDOWS\SYSTEM32;C:\WINDOWS\WinSxS\amd64_microsoft.windows.common-controls_6595b64144ccf1df_6.0.26100.8328_none_3e08182ce334b678;c:\Users\danya\.vscode\extensions\redhat.java-1.54.0-win32-x64\jre\21.0.10-win32-x86_64\bin\server;C:\Users\danya\AppData\Roaming\Code\User\globalStorage\redhat.java\1.54.0\config_ss_win\org.eclipse.equinox.launcher\org.eclipse.equinox.launcher.win32.win32.x86_64_1.3.0.v20260203-2149

VM Arguments:
jvm_args: --add-modules=ALL-SYSTEM --add-opens=java.base/java.util=ALL-UNNAMED --add-opens=java.base/java.lang=ALL-UNNAMED --add-opens=java.base/sun.nio.fs=ALL-UNNAMED -Declipse.application=org.eclipse.jdt.ls.core.id1 -Dosgi.bundles.defaultStartLevel=4 -Declipse.product=org.eclipse.jdt.ls.core.product -Djava.import.generatesMetadataFilesAtProjectRoot=false -DDetectVMInstallationsJob.disabled=true -Dfile.encoding=utf8 -XX:+UseParallelGC -XX:GCTimeRatio=4 -XX:AdaptiveSizePolicyWeight=90 -Dsun.zip.disableMemoryMapping=true -Xmx2G -Xms100m -Xlog:disable -javaagent:c:\Users\danya\.vscode\extensions\redhat.java-1.54.0-win32-x64\lombok\lombok-1.18.39-4050.jar 
java_command: c:\Users\danya\.vscode\extensions\redhat.java-1.54.0-win32-x64\server\plugins\org.eclipse.equinox.launcher_1.7.100.v20251111-0406.jar -configuration c:\Users\danya\AppData\Roaming\Code\User\globalStorage\redhat.java\1.54.0\config_ss_win -data c:\Users\danya\AppData\Roaming\Code\User\workspaceStorage\96c0adba8a3645ba40e7d75efb52f981\redhat.java\ss_ws --pipe=\\.\pipe\lsp-520e641d348ddc4471ef0746ae10fbfd-sock
java_class_path (initial): c:\Users\danya\.vscode\extensions\redhat.java-1.54.0-win32-x64\server\plugins\org.eclipse.equinox.launcher_1.7.100.v20251111-0406.jar
Launcher Type: SUN_STANDARD

[Global flags]
    uintx AdaptiveSizePolicyWeight                 = 90                                        {product} {command line}
     intx CICompilerCount                          = 12                                        {product} {ergonomic}
    uintx GCTimeRatio                              = 4                                         {product} {command line}
   size_t InitialHeapSize                          = 104857600                                 {product} {command line}
   size_t MaxHeapSize                              = 2147483648                                {product} {command line}
   size_t MaxNewSize                               = 715653120                                 {product} {ergonomic}
   size_t MinHeapDeltaBytes                        = 524288                                    {product} {ergonomic}
   size_t MinHeapSize                              = 104857600                                 {product} {command line}
   size_t NewSize                                  = 34603008                                  {product} {ergonomic}
    uintx NonNMethodCodeHeapSize                   = 7602480                                {pd product} {ergonomic}
    uintx NonProfiledCodeHeapSize                  = 122027880                              {pd product} {ergonomic}
   size_t OldSize                                  = 70254592                                  {product} {ergonomic}
    uintx ProfiledCodeHeapSize                     = 122027880                              {pd product} {ergonomic}
    uintx ReservedCodeCacheSize                    = 251658240                              {pd product} {ergonomic}
     bool SegmentedCodeCache                       = true                                      {product} {ergonomic}
   size_t SoftMaxHeapSize                          = 2147483648                             {manageable} {ergonomic}
     bool UseCompressedOops                        = true                           {product lp64_product} {ergonomic}
     bool UseLargePagesIndividualAllocation        = false                                  {pd product} {ergonomic}
     bool UseParallelGC                            = true                                      {product} {command line}

Logging:
Log output configuration:
 #0: stdout all=off uptime,level,tags foldmultilines=false
 #1: stderr all=off uptime,level,tags foldmultilines=false

Release file:
JAVA_VERSION="21.0.10" 
MODULES="java.base java.compiler java.datatransfer java.xml java.prefs java.desktop java.instrument java.logging java.management java.security.sasl java.naming java.rmi java.management.rmi java.net.http java.scripting java.security.jgss java.transaction.xa java.sql java.sql.rowset java.xml.crypto java.se java.smartcardio jdk.accessibility jdk.internal.jvmstat jdk.attach jdk.charsets jdk.internal.opt jdk.zipfs jdk.compiler jdk.crypto.ec jdk.crypto.cryptoki jdk.crypto.mscapi jdk.dynalink jdk.internal.ed jdk.editpad jdk.hotspot.agent jdk.httpserver jdk.internal.le jdk.internal.vm.ci jdk.internal.vm.compiler jdk.internal.vm.compiler.management jdk.jartool jdk.javadoc jdk.jcmd jdk.management jdk.management.agent jdk.jconsole jdk.jdeps jdk.jdwp.agent jdk.jdi jdk.jfr jdk.jshell jdk.jsobject jdk.jstatd jdk.localedata jdk.management.jfr jdk.naming.dns jdk.naming.rmi jdk.net jdk.nio.mapmode jdk.random jdk.sctp jdk.security.auth jdk.security.jgss jdk.unsupported jdk.unsupported.desktop jdk.xml.dom" 

Environment Variables:
JAVA_HOME=C:\Program Files\Java\jdk-23
PATH=C:\Users\danya\AppData\Local\Programs\Microsoft VS Code;C:\Program Files\Common Files\Oracle\Java\javapath;C:\windows\system32;C:\windows;C:\windows\System32\Wbem;C:\windows\System32\WindowsPowerShell\v1.0\;C:\windows\System32\OpenSSH\;C:\Program Files (x86)\NVIDIA Corporation\PhysX\Common;C:\Program Files\NVIDIA Corporation\NVIDIA NvDLISR;C:\WINDOWS\system32;C:\WINDOWS;C:\WINDOWS\System32\Wbem;C:\WINDOWS\System32\WindowsPowerShell\v1.0\;C:\WINDOWS\System32\OpenSSH\;C:\msys64\mingw64\bin;C:\Program Files\Git\cmd;C:\Program Files\Java\jdk-23\bin;D:\;c:\Users\danya\AppData\Local\Programs\cursor\resources\app\bin;C:\Program Files (x86)\Microsoft SQL Server\160\Tools\Binn\;C:\Program Files\Microsoft SQL Server\160\Tools\Binn\;C:\Program Files\Microsoft SQL Server\Client SDK\ODBC\170\Tools\Binn\;C:\Program Files\Microsoft SQL Server\160\DTS\Binn\;C:\Program Files (x86)\Microsoft SQL Server\160\DTS\Binn\;C:\Program Files\Microsoft SQL Server\150\Tools\Binn\;C:\Program Files\dotnet\;C:\Program Files (x86)\Windows Kits\10\Windows Performance Toolkit\;C:\Program Files\Microsoft SQL Server\130\DTS\Binn\;C:\Program Files\Microsoft SQL Server\140\DTS\Binn\;C:\Program Files\Microsoft SQL Server\150\DTS\Binn\;C:\Program Files\Microsoft SQL Server\170\DTS\Binn\;%SystemRoot%\system32;%SystemRoot%;%SystemRoot%\System32\Wbem;%SYSTEMROOT%\System32\WindowsPowerShell\v1.0\;%SYSTEMROOT%\System32\OpenSSH\;C:\Users\danya\AppData\Local\Programs\Python\Python312\Scripts\;C:\Users\danya\AppData\Local\Programs\Python\Python312\;C:\Users\danya\AppData\Local\Microsoft\WindowsApps;C:\Users\danya\AppData\Local\Programs\Microsoft VS Code\bin;C:\Users\danya\Dart\dartsdk-windows-x64-release\dart-sdk\bin;C:\Program Files\Java\jdk-23\bin;C:\Users\danya\AppData\Roaming\npm;D:\Android\Sdk\platform-tools;C:\Users\danya\develop\flutter\bin;C:\Users\danya\AppData\Local\Pub\Cache\bin;C:\Program Files\swipl\bin;C:\Users\danya\.dotnet\tools;
USERNAME=danya
OS=Windows_NT
PROCESSOR_IDENTIFIER=Intel64 Family 6 Model 154 Stepping 3, GenuineIntel
TMP=C:\Users\danya\AppData\Local\Temp
TEMP=C:\Users\danya\AppData\Local\Temp




Periodic native trim disabled

---------------  S Y S T E M  ---------------

OS:
 Windows 11 , 64 bit Build 26100 (10.0.26100.8328)
OS uptime: 0 days 0:38 hours

CPU: total 16 (initial active 16) (8 cores per cpu, 2 threads per core) family 6 model 154 stepping 3 microcode 0x434, cx8, cmov, fxsr, ht, mmx, 3dnowpref, sse, sse2, sse3, ssse3, sse4.1, sse4.2, popcnt, lzcnt, tsc, tscinvbit, avx, avx2, aes, erms, clmul, bmi1, bmi2, adx, sha, fma, vzeroupper, clflush, clflushopt, clwb, serialize, rdtscp, rdpid, fsrm, f16c, pku, cet_ibt, cet_ss
Processor Information for processor 0
  Max Mhz: 2300, Current Mhz: 2300, Mhz Limit: 2300
Processor Information for processor 1
  Max Mhz: 2300, Current Mhz: 1506, Mhz Limit: 2300
Processor Information for processor 2
  Max Mhz: 2300, Current Mhz: 2300, Mhz Limit: 2300
Processor Information for processor 3
  Max Mhz: 2300, Current Mhz: 2300, Mhz Limit: 2300
Processor Information for processor 4
  Max Mhz: 2300, Current Mhz: 2300, Mhz Limit: 2300
Processor Information for processor 5
  Max Mhz: 2300, Current Mhz: 2300, Mhz Limit: 2300
Processor Information for processor 6
  Max Mhz: 2300, Current Mhz: 2300, Mhz Limit: 2300
Processor Information for processor 7
  Max Mhz: 2300, Current Mhz: 2300, Mhz Limit: 2300
Processor Information for processor 8
  Max Mhz: 2300, Current Mhz: 2300, Mhz Limit: 2300
Processor Information for processor 9
  Max Mhz: 2300, Current Mhz: 2300, Mhz Limit: 2300
Processor Information for processor 10
  Max Mhz: 2300, Current Mhz: 2300, Mhz Limit: 2300
Processor Information for processor 11
  Max Mhz: 2300, Current Mhz: 2300, Mhz Limit: 2300
Processor Information for processor 12
  Max Mhz: 2300, Current Mhz: 1488, Mhz Limit: 2300
Processor Information for processor 13
  Max Mhz: 2300, Current Mhz: 1488, Mhz Limit: 2300
Processor Information for processor 14
  Max Mhz: 2300, Current Mhz: 1488, Mhz Limit: 2300
Processor Information for processor 15
  Max Mhz: 2300, Current Mhz: 1488, Mhz Limit: 2300

Memory: 4k page, system-wide physical 16051M (1626M free)
TotalPageFile size 24160M (AvailPageFile size 0M)
current process WorkingSet (physical memory assigned to process): 116M, peak: 116M
current process commit charge ("private bytes"): 272M, peak: 272M

vm_info: OpenJDK 64-Bit Server VM (21.0.10+7-LTS) for windows-amd64 JRE (21.0.10+7-LTS), built on 2026-01-20T00:00:00Z by "admin" with MS VC++ 17.12 (VS2022)

END.
